Component: ARM Compiler 5.06 update 6 (build 750) Tool: armlink [4d35ed]

==============================================================================

Section Cross References

    startup_stm32f10x_hd.o(STACK) refers (Special) to heapauxi.o(.text) for __use_two_region_memory
    startup_stm32f10x_hd.o(HEAP) refers (Special) to heapauxi.o(.text) for __use_two_region_memory
    startup_stm32f10x_hd.o(RESET) refers (Special) to heapauxi.o(.text) for __use_two_region_memory
    startup_stm32f10x_hd.o(RESET) refers to startup_stm32f10x_hd.o(STACK) for __initial_sp
    startup_stm32f10x_hd.o(RESET) refers to startup_stm32f10x_hd.o(.text) for Reset_Handler
    startup_stm32f10x_hd.o(RESET) refers to stm32f10x_it.o(i.NMI_Handler) for NMI_Handler
    startup_stm32f10x_hd.o(RESET) refers to stm32f10x_it.o(i.HardFault_Handler) for HardFault_Handler
    startup_stm32f10x_hd.o(RESET) refers to stm32f10x_it.o(i.MemManage_Handler) for MemManage_Handler
    startup_stm32f10x_hd.o(RESET) refers to stm32f10x_it.o(i.BusFault_Handler) for BusFault_Handler
    startup_stm32f10x_hd.o(RESET) refers to stm32f10x_it.o(i.UsageFault_Handler) for UsageFault_Handler
    startup_stm32f10x_hd.o(RESET) refers to stm32f10x_it.o(i.SVC_Handler) for SVC_Handler
    startup_stm32f10x_hd.o(RESET) refers to stm32f10x_it.o(i.DebugMon_Handler) for DebugMon_Handler
    startup_stm32f10x_hd.o(RESET) refers to stm32f10x_it.o(i.PendSV_Handler) for PendSV_Handler
    startup_stm32f10x_hd.o(RESET) refers to stm32f10x_it.o(i.SysTick_Handler) for SysTick_Handler
    startup_stm32f10x_hd.o(RESET) refers to stm32f10x_it.o(i.EXTI9_5_IRQHandler) for EXTI9_5_IRQHandler
    startup_stm32f10x_hd.o(RESET) refers to stm32f10x_it.o(i.TIM2_IRQHandler) for TIM2_IRQHandler
    startup_stm32f10x_hd.o(RESET) refers to stm32f10x_it.o(i.USART3_IRQHandler) for USART3_IRQHandler
    startup_stm32f10x_hd.o(RESET) refers to stm32f10x_it.o(i.TIM6_IRQHandler) for TIM6_IRQHandler
    startup_stm32f10x_hd.o(.text) refers (Special) to heapauxi.o(.text) for __use_two_region_memory
    startup_stm32f10x_hd.o(.text) refers to system_stm32f10x.o(i.SystemInit) for SystemInit
    startup_stm32f10x_hd.o(.text) refers to __main.o(!!!main) for __main
    startup_stm32f10x_hd.o(.text) refers to startup_stm32f10x_hd.o(HEAP) for Heap_Mem
    startup_stm32f10x_hd.o(.text) refers to startup_stm32f10x_hd.o(STACK) for Stack_Mem
    stm32f10x_adc.o(i.ADC_DeInit) refers to stm32f10x_rcc.o(i.RCC_APB2PeriphResetCmd) for RCC_APB2PeriphResetCmd
    stm32f10x_bkp.o(i.BKP_DeInit) refers to stm32f10x_rcc.o(i.RCC_BackupResetCmd) for RCC_BackupResetCmd
    stm32f10x_can.o(i.CAN_DeInit) refers to stm32f10x_rcc.o(i.RCC_APB1PeriphResetCmd) for RCC_APB1PeriphResetCmd
    stm32f10x_can.o(i.CAN_GetITStatus) refers to stm32f10x_can.o(i.CheckITStatus) for CheckITStatus
    stm32f10x_cec.o(i.CEC_DeInit) refers to stm32f10x_rcc.o(i.RCC_APB1PeriphResetCmd) for RCC_APB1PeriphResetCmd
    stm32f10x_dac.o(i.DAC_DeInit) refers to stm32f10x_rcc.o(i.RCC_APB1PeriphResetCmd) for RCC_APB1PeriphResetCmd
    stm32f10x_flash.o(i.FLASH_EnableWriteProtection) refers to stm32f10x_flash.o(i.FLASH_WaitForLastOperation) for FLASH_WaitForLastOperation
    stm32f10x_flash.o(i.FLASH_EraseAllBank1Pages) refers to stm32f10x_flash.o(i.FLASH_WaitForLastBank1Operation) for FLASH_WaitForLastBank1Operation
    stm32f10x_flash.o(i.FLASH_EraseAllPages) refers to stm32f10x_flash.o(i.FLASH_WaitForLastOperation) for FLASH_WaitForLastOperation
    stm32f10x_flash.o(i.FLASH_EraseOptionBytes) refers to stm32f10x_flash.o(i.FLASH_GetReadOutProtectionStatus) for FLASH_GetReadOutProtectionStatus
    stm32f10x_flash.o(i.FLASH_EraseOptionBytes) refers to stm32f10x_flash.o(i.FLASH_WaitForLastOperation) for FLASH_WaitForLastOperation
    stm32f10x_flash.o(i.FLASH_ErasePage) refers to stm32f10x_flash.o(i.FLASH_WaitForLastOperation) for FLASH_WaitForLastOperation
    stm32f10x_flash.o(i.FLASH_ProgramHalfWord) refers to stm32f10x_flash.o(i.FLASH_WaitForLastOperation) for FLASH_WaitForLastOperation
    stm32f10x_flash.o(i.FLASH_ProgramOptionByteData) refers to stm32f10x_flash.o(i.FLASH_WaitForLastOperation) for FLASH_WaitForLastOperation
    stm32f10x_flash.o(i.FLASH_ProgramWord) refers to stm32f10x_flash.o(i.FLASH_WaitForLastOperation) for FLASH_WaitForLastOperation
    stm32f10x_flash.o(i.FLASH_ReadOutProtection) refers to stm32f10x_flash.o(i.FLASH_WaitForLastOperation) for FLASH_WaitForLastOperation
    stm32f10x_flash.o(i.FLASH_UserOptionByteConfig) refers to stm32f10x_flash.o(i.FLASH_WaitForLastOperation) for FLASH_WaitForLastOperation
    stm32f10x_flash.o(i.FLASH_WaitForLastBank1Operation) refers to stm32f10x_flash.o(i.FLASH_GetBank1Status) for FLASH_GetBank1Status
    stm32f10x_flash.o(i.FLASH_WaitForLastOperation) refers to stm32f10x_flash.o(i.FLASH_GetBank1Status) for FLASH_GetBank1Status
    stm32f10x_gpio.o(i.GPIO_AFIODeInit) refers to stm32f10x_rcc.o(i.RCC_APB2PeriphResetCmd) for RCC_APB2PeriphResetCmd
[...]
    __rt_heap_expand                         0x080006a7   Thumb Code     2  heapauxi.o(.text)
    __rt_heap_descriptor                     0x080006a9   Thumb Code     8  rt_heap_descriptor_intlibspace.o(.text)
    __use_no_heap                            0x080006b1   Thumb Code     2  hguard.o(.text)
    __heap$guard                             0x080006b3   Thumb Code     2  hguard.o(.text)
    _terminate_user_alloc                    0x080006b5   Thumb Code     2  init_alloc.o(.text)
    _init_user_alloc                         0x080006b7   Thumb Code     2  init_alloc.o(.text)
    __Heap_Full                              0x080006b9   Thumb Code    34  init_alloc.o(.text)
    __Heap_Broken                            0x080006db   Thumb Code     6  init_alloc.o(.text)
    _init_alloc                              0x080006e1   Thumb Code    94  init_alloc.o(.text)
    __Heap_Initialize                        0x0800073f   Thumb Code    10  h1_init.o(.text)
    __Heap_DescSize                          0x08000749   Thumb Code     4  h1_init.o(.text)
    __aeabi_uldivmod                         0x0800074d   Thumb Code     0  lludivv7m.o(.text)
    _ll_udiv                                 0x0800074d   Thumb Code   238  lludivv7m.o(.text)
    __read_errno                             0x0800083b   Thumb Code    10  _rserrno.o(.text)
    __set_errno                              0x08000845   Thumb Code    12  _rserrno.o(.text)
    _printf_pre_padding                      0x08000851   Thumb Code    44  _printf_pad.o(.text)
    _printf_post_padding                     0x0800087d   Thumb Code    34  _printf_pad.o(.text)
    _printf_truncate_signed                  0x0800089f   Thumb Code    18  _printf_truncate.o(.text)
    _printf_truncate_unsigned                0x080008b1   Thumb Code    18  _printf_truncate.o(.text)
    _printf_str                              0x080008c3   Thumb Code    82  _printf_str.o(.text)
    _printf_int_common                       0x08000915   Thumb Code   178  _printf_intcommon.o(.text)
    _printf_charcount                        0x080009c7   Thumb Code    40  _printf_charcount.o(.text)
    _printf_char_common                      0x080009fb   Thumb Code    32  _printf_char_common.o(.text)
    _sputc                                   0x08000a21   Thumb Code    10  _sputc.o(.text)
    _printf_wctomb                           0x08000a2d   Thumb Code   182  _printf_wctomb.o(.text)
    _printf_longlong_dec                     0x08000ae9   Thumb Code   108  _printf_longlong_dec.o(.text)
    _printf_longlong_oct                     0x08000b65   Thumb Code    66  _printf_oct_int_ll.o(.text)
    _printf_int_oct                          0x08000ba7   Thumb Code    24  _printf_oct_int_ll.o(.text)
    _printf_ll_oct                           0x08000bbf   Thumb Code    12  _printf_oct_int_ll.o(.text)
    _printf_longlong_hex                     0x08000bd5   Thumb Code    86  _printf_hex_int_ll_ptr.o(.text)
    _printf_int_hex                          0x08000c2b   Thumb Code    28  _printf_hex_int_ll_ptr.o(.text)
    _printf_ll_hex                           0x08000c47   Thumb Code    12  _printf_hex_int_ll_ptr.o(.text)
    _printf_hex_ptr                          0x08000c53   Thumb Code    18  _printf_hex_int_ll_ptr.o(.text)
    __aeabi_memclr                           0x08000c69   Thumb Code     0  rt_memclr.o(.text)
    __rt_memclr                              0x08000c69   Thumb Code    68  rt_memclr.o(.text)
    _memset                                  0x08000c6d   Thumb Code     0  rt_memclr.o(.text)
    __user_libspace                          0x08000cad   Thumb Code     8  libspace.o(.text)
    __user_perproc_libspace                  0x08000cad   Thumb Code     0  libspace.o(.text)
    __user_perthread_libspace                0x08000cad   Thumb Code     0  libspace.o(.text)
    __aeabi_errno_addr                       0x08000cb5   Thumb Code     8  rt_errno_addr_intlibspace.o(.text)
    __errno$intlibspace                      0x08000cb5   Thumb Code     0  rt_errno_addr_intlibspace.o(.text)
    __rt_errno_addr$intlibspace              0x08000cb5   Thumb Code     0  rt_errno_addr_intlibspace.o(.text)
    __Heap_ProvideMemory                     0x08000cbd   Thumb Code    52  h1_extend.o(.text)
    _ll_udiv10                               0x08000cf1   Thumb Code   138  lludiv10.o(.text)
    __lib_sel_fp_printf                      0x08000d7b   Thumb Code     2  _printf_fp_dec.o(.text)
    _printf_fp_dec_real                      0x08000f2d   Thumb Code   620  _printf_fp_dec.o(.text)
    _printf_fp_hex_real                      0x08001199   Thumb Code   756  _printf_fp_hex.o(.text)
    _printf_cs_common                        0x08001495   Thumb Code    20  _printf_char.o(.text)
    _printf_char                             0x080014a9   Thumb Code    16  _printf_char.o(.text)
    _printf_string                           0x080014b9   Thumb Code     8  _printf_char.o(.text)
    _printf_lcs_common                       0x080014c1   Thumb Code    20  _printf_wchar.o(.text)
    _printf_wchar                            0x080014d5   Thumb Code    16  _printf_wchar.o(.text)
    _printf_wstring                          0x080014e5   Thumb Code     8  _printf_wchar.o(.text)
    _wcrtomb                                 0x080014ed   Thumb Code    64  _wcrtomb.o(.text)
    __rt_SIGRTMEM                            0x0800152d   Thumb Code    14  defsig_rtmem_outer.o(.text)
    __aeabi_memclr4                          0x0800153b   Thumb Code     0  rt_memclr_w.o(.text)
    __aeabi_memclr8                          0x0800153b   Thumb Code     0  rt_memclr_w.o(.text)
    __rt_memclr_w                            0x0800153b   Thumb Code    78  rt_memclr_w.o(.text)
    _memset_w                                0x0800153f   Thumb Code     0  rt_memclr_w.o(.text)
    __I$use$semihosting                      0x08001589   Thumb Code     0  use_no_semi.o(.text)
    __use_no_semihosting_swi                 0x08001589   Thumb Code     2  use_no_semi.o(.text)
    __semihosting_library_function           0x0800158b   Thumb Code     0  indicate_semi.o(.text)
    __user_setup_stackheap                   0x0800158b   Thumb Code    74  sys_stackheap_outer.o(.text)
    __rt_ctype_table                         0x080015d5   Thumb Code    16  rt_ctype_table.o(.text)
    __rt_locale                              0x080015e5   Thumb Code     8  rt_locale_intlibspace.o(.text)
    _printf_fp_infnan                        0x080015ed   Thumb Code   112  _printf_fp_infnan.o(.text)
    _btod_etento                             0x0800166d   Thumb Code   224  bigflt0.o(.text)
    exit                                     0x08001751   Thumb Code    18  exit.o(.text)
    __sig_exit                               0x08001763   Thumb Code    10  defsig_exit.o(.text)
    __rt_SIGRTMEM_inner                      0x0800176d   Thumb Code    22  defsig_rtmem_inner.o(.text)
    _sys_exit                                0x080017bd   Thumb Code     8  sys_exit.o(.text)
    __default_signal_display                 0x080017c9   Thumb Code    50  defsig_general.o(.text)
    strcmp                                   0x080017fd   Thumb Code   128  strcmpv7m.o(.text)
    _ttywrch                                 0x0800187d   Thumb Code    14  sys_wrch.o(.text)
    _btod_d2e                                0x0800188b   Thumb Code    62  btod.o(CL$$btod_d2e)
    _d2e_denorm_low                          0x080018c9   Thumb Code    70  btod.o(CL$$btod_d2e_denorm_low)
    _d2e_norm_op1                            0x0800190f   Thumb Code    96  btod.o(CL$$btod_d2e_norm_op1)
    __btod_div_common                        0x0800196f   Thumb Code   696  btod.o(CL$$btod_div_common)
    _e2e                                     0x08001ca7   Thumb Code   220  btod.o(CL$$btod_e2e)
    _btod_ediv                               0x08001d83   Thumb Code    42  btod.o(CL$$btod_ediv)
    _btod_emul                               0x08001dad   Thumb Code    42  btod.o(CL$$btod_emul)
    __btod_mult_common                       0x08001dd7   Thumb Code   580  btod.o(CL$$btod_mult_common)
    Bluetooth_CMD                            0x08002045   Thumb Code   146  bsp_bluetooth.o(i.Bluetooth_CMD)
    BusFault_Handler                         0x08002119   Thumb Code     4  stm32f10x_it.o(i.BusFault_Handler)
    DebugMon_Handler                         0x0800211d   Thumb Code     2  stm32f10x_it.o(i.DebugMon_Handler)
    Delay_us                                 0x08002121   Thumb Code    36  bsp_systick.o(i.Delay_us)
    EXTI9_5_IRQHandler                       0x08002149   Thumb Code    86  stm32f10x_it.o(i.EXTI9_5_IRQHandler)
    EXTI_ClearITPendingBit                   0x080021b9   Thumb Code     6  stm32f10x_exti.o(i.EXTI_ClearITPendingBit)
    EXTI_GetITStatus                         0x080021c5   Thumb Code    34  stm32f10x_exti.o(i.EXTI_GetITStatus)
    EXTI_Init                                0x080021ed   Thumb Code   142  stm32f10x_exti.o(i.EXTI_Init)
    GPIO_EXTILineConfig                      0x080022a9   Thumb Code    60  stm32f10x_gpio.o(i.GPIO_EXTILineConfig)
    GPIO_Init                                0x080022e9   Thumb Code   278  stm32f10x_gpio.o(i.GPIO_Init)
    GPIO_ReadInputDataBit                    0x080023ff   Thumb Code    18  stm32f10x_gpio.o(i.GPIO_ReadInputDataBit)
    GPIO_ResetBits                           0x08002411   Thumb Code     4  stm32f10x_gpio.o(i.GPIO_ResetBits)
    GPIO_SetBits                             0x08002415   Thumb Code     4  stm32f10x_gpio.o(i.GPIO_SetBits)
    HCsr_EXTI_Close                          0x08002419   Thumb Code    52  bsp_hcsr.o(i.HCsr_EXTI_Close)
    HCsr_EXTI_Open                           0x0800244d   Thumb Code    52  bsp_hcsr.o(i.HCsr_EXTI_Open)
    HCsr_GPIO_Config                         0x08002481   Thumb Code    72  bsp_hcsr.o(i.HCsr_GPIO_Config)
    HardFault_Handler                        0x080024cd   Thumb Code     4  stm32f10x_it.o(i.HardFault_Handler)
    Hcsr_TIMx_Count_Config                   0x080024d1   Thumb Code    48  bsp_hcsr.o(i.Hcsr_TIMx_Count_Config)
    MPU6050_Init                             0x08002505   Thumb Code   140  mpu6050.o(i.MPU6050_Init)
    MPU6050_WriteReg                         0x08002591   Thumb Code    46  mpu6050.o(i.MPU6050_WriteReg)
    MPU_ReadByte                             0x080025bf   Thumb Code    58  mpu6050.o(i.MPU_ReadByte)
    MPU_Set_Accel_Fsr                        0x080025f9   Thumb Code    16  mpu6050.o(i.MPU_Set_Accel_Fsr)
    MPU_Set_Gyro_Fsr                         0x08002609   Thumb Code    16  mpu6050.o(i.MPU_Set_Gyro_Fsr)
    MPU_Set_LPF                              0x08002619   Thumb Code    58  mpu6050.o(i.MPU_Set_LPF)
    MPU_Set_Rate                             0x08002653   Thumb Code    58  mpu6050.o(i.MPU_Set_Rate)
    MPU_Write_Byte                           0x0800268d   Thumb Code    68  mpu6050.o(i.MPU_Write_Byte)
    MemManage_Handler                        0x080026d1   Thumb Code     4  stm32f10x_it.o(i.MemManage_Handler)
    NMI_Handler                              0x080026d5   Thumb Code     2  stm32f10x_it.o(i.NMI_Handler)
    NVIC_Init                                0x08002731   Thumb Code   100  misc.o(i.NVIC_Init)
    NVIC_PriorityGroupConfig                 0x080027a1   Thumb Code    10  misc.o(i.NVIC_PriorityGroupConfig)
    PID_Init                                 0x080027b5   Thumb Code    88  bsp_pid.o(i.PID_Init)
    PID_common                               0x08002819   Thumb Code    80  bsp_pid.o(i.PID_common)
    PendSV_Handler                           0x08002869   Thumb Code     2  stm32f10x_it.o(i.PendSV_Handler)
    Pid_Ctrl                                 0x0800286d   Thumb Code    88  bsp_pid.o(i.Pid_Ctrl)
    Pid_Which                                0x080028d1   Thumb Code    80  bsp_pid.o(i.Pid_Which)
    QueueDestory                             0x08002921   Thumb Code    28  path_plan.o(i.QueueDestory)
    QueueEmpty                               0x0800293d   Thumb Code    14  path_plan.o(i.QueueEmpty)
    QueueInit                                0x0800294b   Thumb Code    10  path_plan.o(i.QueueInit)
    QueuePop                                 0x08002955   Thumb Code    48  path_plan.o(i.QueuePop)
    QueuePush                                0x08002985   Thumb Code    52  path_plan.o(i.QueuePush)
    RCC_APB1PeriphClockCmd                   0x080029b9   Thumb Code    26  stm32f10x_rcc.o(i.RCC_APB1PeriphClockCmd)
    RCC_APB2PeriphClockCmd                   0x080029d9   Thumb Code    26  stm32f10x_rcc.o(i.RCC_APB2PeriphClockCmd)
    RCC_GetClocksFreq                        0x080029f9   Thumb Code   192  stm32f10x_rcc.o(i.RCC_GetClocksFreq)
    SVC_Handler                              0x08002acd   Thumb Code     2  stm32f10x_it.o(i.SVC_Handler)
    Status_Compare                           0x08002bb9   Thumb Code     2  main.o(i.Status_Compare)
    SysTick_Handler                          0x08002bbb   Thumb Code     8  stm32f10x_it.o(i.SysTick_Handler)
    SysTick_Init                             0x08002bc5   Thumb Code   106  bsp_systick.o(i.SysTick_Init)
    SystemInit                               0x08002c41   Thumb Code    78  system_stm32f10x.o(i.SystemInit)
    TIM2_IRQHandler                          0x08002ee1   Thumb Code   138  stm32f10x_it.o(i.TIM2_IRQHandler)
    TIM6_IRQHandler                          0x08002f85   Thumb Code   112  stm32f10x_it.o(i.TIM6_IRQHandler)
    TIM_ClearFlag                            0x08003015   Thumb Code     6  stm32f10x_tim.o(i.TIM_ClearFlag)
    TIM_ClearITPendingBit                    0x0800301b   Thumb Code     6  stm32f10x_tim.o(i.TIM_ClearITPendingBit)
    TIM_Cmd                                  0x08003021   Thumb Code    24  stm32f10x_tim.o(i.TIM_Cmd)
    TIM_GetCounter                           0x08003039   Thumb Code     6  stm32f10x_tim.o(i.TIM_GetCounter)
    TIM_GetITStatus                          0x0800303f   Thumb Code    34  stm32f10x_tim.o(i.TIM_GetITStatus)
    TIM_ICInit                               0x08003061   Thumb Code   150  stm32f10x_tim.o(i.TIM_ICInit)
    TIM_ITConfig                             0x0800310d   Thumb Code    18  stm32f10x_tim.o(i.TIM_ITConfig)
    TIM_OC1Init                              0x08003121   Thumb Code   132  stm32f10x_tim.o(i.TIM_OC1Init)
    TIM_OC1PreloadConfig                     0x080031b9   Thumb Code    18  stm32f10x_tim.o(i.TIM_OC1PreloadConfig)
    TIM_OC2Init                              0x080031cd   Thumb Code   154  stm32f10x_tim.o(i.TIM_OC2Init)
    TIM_OC2PreloadConfig                     0x08003271   Thumb Code    26  stm32f10x_tim.o(i.TIM_OC2PreloadConfig)
    TIM_SetCompare1                          0x0800328b   Thumb Code     4  stm32f10x_tim.o(i.TIM_SetCompare1)
    TIM_SetCompare2                          0x0800328f   Thumb Code     4  stm32f10x_tim.o(i.TIM_SetCompare2)
    TIM_SetCounter                           0x08003293   Thumb Code     4  stm32f10x_tim.o(i.TIM_SetCounter)
    TIM_SetIC1Prescaler                      0x08003297   Thumb Code    18  stm32f10x_tim.o(i.TIM_SetIC1Prescaler)
    TIM_SetIC2Prescaler                      0x080032a9   Thumb Code    26  stm32f10x_tim.o(i.TIM_SetIC2Prescaler)
    TIM_SetIC3Prescaler                      0x080032c3   Thumb Code    18  stm32f10x_tim.o(i.TIM_SetIC3Prescaler)
    TIM_SetIC4Prescaler                      0x080032d5   Thumb Code    26  stm32f10x_tim.o(i.TIM_SetIC4Prescaler)
    TIM_TimeBaseInit                         0x080032f1   Thumb Code   122  stm32f10x_tim.o(i.TIM_TimeBaseInit)
    TimingDelay_Decrement                    0x08003395   Thumb Code    18  bsp_systick.o(i.TimingDelay_Decrement)
    USART3_IRQHandler                        0x080033ad   Thumb Code    74  stm32f10x_it.o(i.USART3_IRQHandler)
    USART3_printf                            0x08003409   Thumb Code    84  bsp_bluetooth.o(i.USART3_printf)
    USART_Cmd                                0x08003465   Thumb Code    24  stm32f10x_usart.o(i.USART_Cmd)
    USART_Config                             0x0800347d   Thumb Code   148  bsp_bluetooth.o(i.USART_Config)
    USART_GetITStatus                        0x08003519   Thumb Code    84  stm32f10x_usart.o(i.USART_GetITStatus)
    USART_ITConfig                           0x0800356d   Thumb Code    74  stm32f10x_usart.o(i.USART_ITConfig)
    USART_Init                               0x080035b9   Thumb Code   210  stm32f10x_usart.o(i.USART_Init)
    USART_ReceiveData                        0x08003691   Thumb Code    10  stm32f10x_usart.o(i.USART_ReceiveData)
    UsageFault_Handler                       0x0800369b   Thumb Code     4  stm32f10x_it.o(i.UsageFault_Handler)
    __ARM_fpclassify                         0x0800369f   Thumb Code    40  fpclassify.o(i.__ARM_fpclassify)
    __kernel_poly                            0x080036c7   Thumb Code   170  poly.o(i.__kernel_poly)
    __mathlib_dbl_infnan                     0x08003771   Thumb Code     6  dunder.o(i.__mathlib_dbl_infnan)
    __mathlib_dbl_infnan2                    0x08003777   Thumb Code     4  dunder.o(i.__mathlib_dbl_infnan2)
    __mathlib_dbl_invalid                    0x0800377b   Thumb Code    12  dunder.o(i.__mathlib_dbl_invalid)
    __mathlib_dbl_underflow                  0x08003789   Thumb Code    10  dunder.o(i.__mathlib_dbl_underflow)
    _is_digit                                0x08003799   Thumb Code    14  __printf_wp.o(i._is_digit)
    asin                                     0x08003855   Thumb Code   572  asin.o(i.asin)
    atan                                     0x08003ac5   Thumb Code   474  atan.o(i.atan)
    atan2                                    0x08003ce5   Thumb Code   346  atan2.o(i.atan2)
    distancetest                             0x08003ec9   Thumb Code    60  main.o(i.distancetest)
    dmp_enable_6x_lp_quat                    0x08003f0d   Thumb Code    60  inv_mpu_dmp_motion_driver.o(i.dmp_enable_6x_lp_quat)
    dmp_enable_feature                       0x08003f49   Thumb Code   530  inv_mpu_dmp_motion_driver.o(i.dmp_enable_feature)
    dmp_enable_gyro_cal                      0x08004165   Thumb Code    62  inv_mpu_dmp_motion_driver.o(i.dmp_enable_gyro_cal)
    dmp_enable_lp_quat                       0x080041bd   Thumb Code    60  inv_mpu_dmp_motion_driver.o(i.dmp_enable_lp_quat)
    dmp_load_motion_driver_firmware          0x080041f9   Thumb Code    20  inv_mpu_dmp_motion_driver.o(i.dmp_load_motion_driver_firmware)
    dmp_read_fifo                            0x08004211   Thumb Code   456  inv_mpu_dmp_motion_driver.o(i.dmp_read_fifo)
    dmp_set_accel_bias                       0x080043dd   Thumb Code   300  inv_mpu_dmp_motion_driver.o(i.dmp_set_accel_bias)
    dmp_set_fifo_rate                        0x0800450d   Thumb Code    96  inv_mpu_dmp_motion_driver.o(i.dmp_set_fifo_rate)
    dmp_set_gyro_bias                        0x0800457d   Thumb Code   294  inv_mpu_dmp_motion_driver.o(i.dmp_set_gyro_bias)
    dmp_set_orientation                      0x080046ad   Thumb Code   290  inv_mpu_dmp_motion_driver.o(i.dmp_set_orientation)
    dmp_set_shake_reject_thresh              0x080047e5   Thumb Code    56  inv_mpu_dmp_motion_driver.o(i.dmp_set_shake_reject_thresh)
    dmp_set_shake_reject_time                0x0800481d   Thumb Code    38  inv_mpu_dmp_motion_driver.o(i.dmp_set_shake_reject_time)
    dmp_set_shake_reject_timeout             0x08004843   Thumb Code    38  inv_mpu_dmp_motion_driver.o(i.dmp_set_shake_reject_timeout)
    dmp_set_tap_axes                         0x08004869   Thumb Code    70  inv_mpu_dmp_motion_driver.o(i.dmp_set_tap_axes)
    dmp_set_tap_count                        0x080048af   Thumb Code    38  inv_mpu_dmp_motion_driver.o(i.dmp_set_tap_count)
    dmp_set_tap_thresh                       0x080048d5   Thumb Code   396  inv_mpu_dmp_motion_driver.o(i.dmp_set_tap_thresh)
    dmp_set_tap_time                         0x08004a75   Thumb Code    38  inv_mpu_dmp_motion_driver.o(i.dmp_set_tap_time)
    dmp_set_tap_time_multi                   0x08004a9b   Thumb Code    38  inv_mpu_dmp_motion_driver.o(i.dmp_set_tap_time_multi)
    findroad                                 0x08004ac1   Thumb Code   862  main.o(i.findroad)
    i2c_Ack                                  0x080054a5   Thumb Code    52  bsp_i2c.o(i.i2c_Ack)
    i2c_GPIO_Config                          0x080054ed   Thumb Code    44  bsp_i2c.o(i.i2c_GPIO_Config)
    i2c_NAck                                 0x0800551d   Thumb Code    42  bsp_i2c.o(i.i2c_NAck)
    i2c_ReadByte                             0x0800554d   Thumb Code    80  bsp_i2c.o(i.i2c_ReadByte)
    i2c_ReadLen                              0x080055a1   Thumb Code   116  bsp_i2c.o(i.i2c_ReadLen)
    i2c_SendByte                             0x08005615   Thumb Code    88  bsp_i2c.o(i.i2c_SendByte)
    i2c_Start                                0x08005671   Thumb Code    48  bsp_i2c.o(i.i2c_Start)
    i2c_Stop                                 0x080056a5   Thumb Code    32  bsp_i2c.o(i.i2c_Stop)
    i2c_WaitAck                              0x080056c9   Thumb Code    62  bsp_i2c.o(i.i2c_WaitAck)
    i2c_WriteLen                             0x0800570d   Thumb Code    96  bsp_i2c.o(i.i2c_WriteLen)
    inv_orientation_matrix_to_scalar         0x0800576d   Thumb Code    40  inv_mpu.o(i.inv_orientation_matrix_to_scalar)
    inv_row_2_scale                          0x08005795   Thumb Code    78  inv_mpu.o(i.inv_row_2_scale)
    main                                     0x080057e5   Thumb Code   970  main.o(i.main)
    mget_ms                                  0x08005ca1   Thumb Code     2  inv_mpu.o(i.mget_ms)
    motor1_init                              0x08005ca5   Thumb Code   174  bsp_motor.o(i.motor1_init)
    motor_gpio_config                        0x08005d65   Thumb Code    40  bsp_motor.o(i.motor_gpio_config)
    move                                     0x08005d91   Thumb Code    44  main.o(i.move)
    move_onestep                             0x08005dc1   Thumb Code   172  main.o(i.move_onestep)
    mpu_configure_fifo                       0x08005ebd   Thumb Code   106  inv_mpu.o(i.mpu_configure_fifo)
    mpu_dmp_get_data                         0x08005f2d   Thumb Code   544  inv_mpu.o(i.mpu_dmp_get_data)
    mpu_dmp_init                             0x08006151   Thumb Code   154  inv_mpu.o(i.mpu_dmp_init)
    mpu_get_accel_fsr                        0x080061f1   Thumb Code    72  inv_mpu.o(i.mpu_get_accel_fsr)
    mpu_get_accel_sens                       0x0800623d   Thumb Code    78  inv_mpu.o(i.mpu_get_accel_sens)
    mpu_get_fifo_config                      0x08006291   Thumb Code    12  inv_mpu.o(i.mpu_get_fifo_config)
    mpu_get_gyro_fsr                         0x080062a1   Thumb Code    64  inv_mpu.o(i.mpu_get_gyro_fsr)
    mpu_get_gyro_sens                        0x080062e5   Thumb Code    58  inv_mpu.o(i.mpu_get_gyro_sens)
    mpu_get_lpf                              0x08006335   Thumb Code    74  inv_mpu.o(i.mpu_get_lpf)
    mpu_get_sample_rate                      0x08006385   Thumb Code    26  inv_mpu.o(i.mpu_get_sample_rate)
    mpu_init                                 0x080063a5   Thumb Code   416  inv_mpu.o(i.mpu_init)
    mpu_load_firmware                        0x08006599   Thumb Code   180  inv_mpu.o(i.mpu_load_firmware)
    mpu_lp_accel_mode                        0x08006651   Thumb Code   218  inv_mpu.o(i.mpu_lp_accel_mode)
    mpu_read_fifo_stream                     0x08006731   Thumb Code   186  inv_mpu.o(i.mpu_read_fifo_stream)
    mpu_read_mem                             0x080067f1   Thumb Code   122  inv_mpu.o(i.mpu_read_mem)
    mpu_reset_fifo                           0x08006871   Thumb Code   454  inv_mpu.o(i.mpu_reset_fifo)
    mpu_run_self_test                        0x08006a3d   Thumb Code   278  inv_mpu.o(i.mpu_run_self_test)
    mpu_set_accel_fsr                        0x08006b59   Thumb Code   126  inv_mpu.o(i.mpu_set_accel_fsr)
    mpu_set_bypass                           0x08006bdd   Thumb Code   332  inv_mpu.o(i.mpu_set_bypass)
    mpu_set_dmp_state                        0x08006d2d   Thumb Code   138  inv_mpu.o(i.mpu_set_dmp_state)
    mpu_set_gyro_fsr                         0x08006dbd   Thumb Code   132  inv_mpu.o(i.mpu_set_gyro_fsr)
    mpu_set_int_latched                      0x08006e45   Thumb Code   102  inv_mpu.o(i.mpu_set_int_latched)
    mpu_set_lpf                              0x08006eb1   Thumb Code   126  inv_mpu.o(i.mpu_set_lpf)
    mpu_set_sample_rate                      0x08006f35   Thumb Code   152  inv_mpu.o(i.mpu_set_sample_rate)
    mpu_set_sensors                          0x08006fd1   Thumb Code   204  inv_mpu.o(i.mpu_set_sensors)
    mpu_write_mem                            0x080070a1   Thumb Code   122  inv_mpu.o(i.mpu_write_mem)
    pidtest                                  0x08007121   Thumb Code    84  main.o(i.pidtest)
    reset_Uk                                 0x0800719d   Thumb Code    10  bsp_pid.o(i.reset_Uk)
    run_self_test                            0x080071a7   Thumb Code   148  inv_mpu.o(i.run_self_test)
    speed_CAPTIM_init                        0x080072cd   Thumb Code   154  bsp_speedtest.o(i.speed_CAPTIM_init)
    speed_CLKTIM_init                        0x08007369   Thumb Code    62  bsp_speedtest.o(i.speed_CLKTIM_init)
    speed_GPIO_Config                        0x080073ad   Thumb Code    32  bsp_speedtest.o(i.speed_GPIO_Config)
    speedtest_init                           0x080073d1   Thumb Code    24  bsp_speedtest.o(i.speedtest_init)
    sqrt                                     0x080073e9   Thumb Code    76  sqrt.o(i.sqrt)
    stop                                     0x08007435   Thumb Code    44  main.o(i.stop)
    turn_left                                0x08007465   Thumb Code    44  main.o(i.turn_left)
    turn_left_90                             0x08007495   Thumb Code   206  main.o(i.turn_left_90)
    turn_right                               0x080075a5   Thumb Code    44  main.o(i.turn_right)
    turn_right_90                            0x080075d5   Thumb Code   210  main.o(i.turn_right_90)
    _get_lc_numeric                          0x080076e9   Thumb Code    44  lc_numeric_c.o(locale$$code)
    _get_lc_ctype                            0x08007715   Thumb Code    44  lc_ctype_c.o(locale$$code)
    __aeabi_d2f                              0x08007741   Thumb Code     0  d2f.o(x$fpl$d2f)
    _d2f                                     0x08007741   Thumb Code    98  d2f.o(x$fpl$d2f)
    __aeabi_dadd                             0x080077a5   Thumb Code     0  daddsub_clz.o(x$fpl$dadd)
    _dadd                                    0x080077a5   Thumb Code   332  daddsub_clz.o(x$fpl$dadd)
    __fpl_dcheck_NaN1                        0x080078f5   Thumb Code    10  dcheck1.o(x$fpl$dcheck1)
    __aeabi_ddiv                             0x08007905   Thumb Code     0  ddiv.o(x$fpl$ddiv)
    _ddiv                                    0x08007905   Thumb Code   552  ddiv.o(x$fpl$ddiv)
    __aeabi_ui2d                             0x08007bb5   Thumb Code     0  dflt_clz.o(x$fpl$dfltu)
    _dfltu                                   0x08007bb5   Thumb Code    38  dflt_clz.o(x$fpl$dfltu)
    __aeabi_dmul                             0x08007bdd   Thumb Code     0  dmul.o(x$fpl$dmul)
    _dmul                                    0x08007bdd   Thumb Code   332  dmul.o(x$fpl$dmul)
    __fpl_dnaninf                            0x08007d31   Thumb Code   156  dnaninf.o(x$fpl$dnaninf)
    __fpl_dretinf                            0x08007dcd   Thumb Code    12  dretinf.o(x$fpl$dretinf)
    __aeabi_drsub                            0x08007dd9   Thumb Code     0  daddsub_clz.o(x$fpl$drsb)
    _drsb                                    0x08007dd9   Thumb Code    22  daddsub_clz.o(x$fpl$drsb)
    _dsqrt                                   0x08007df1   Thumb Code   456  dsqrt_noumaal.o(x$fpl$dsqrt)
    __aeabi_dsub                             0x08007fbd   Thumb Code     0  daddsub_clz.o(x$fpl$dsub)
    _dsub                                    0x08007fbd   Thumb Code   464  daddsub_clz.o(x$fpl$dsub)
    __aeabi_f2d                              0x08008191   Thumb Code     0  f2d.o(x$fpl$f2d)
    _f2d                                     0x08008191   Thumb Code    86  f2d.o(x$fpl$f2d)
    __aeabi_fadd                             0x080081e9   Thumb Code     0  faddsub_clz.o(x$fpl$fadd)
    _fadd                                    0x080081e9   Thumb Code   196  faddsub_clz.o(x$fpl$fadd)
    __fpl_fcmp_Inf                           0x080082ad   Thumb Code    24  fcmpi.o(x$fpl$fcmpinf)
    __aeabi_fdiv                             0x080082c5   Thumb Code     0  fdiv.o(x$fpl$fdiv)
    _fdiv                                    0x080082c5   Thumb Code   384  fdiv.o(x$fpl$fdiv)
    __aeabi_cfcmpeq                          0x08008449   Thumb Code     0  feqf.o(x$fpl$feqf)
    _fcmpeq                                  0x08008449   Thumb Code   104  feqf.o(x$fpl$feqf)
    __aeabi_f2iz                             0x080084b1   Thumb Code     0  ffix.o(x$fpl$ffix)
    _ffix                                    0x080084b1   Thumb Code    54  ffix.o(x$fpl$ffix)
    __aeabi_f2uiz                            0x080084e9   Thumb Code     0  ffixu.o(x$fpl$ffixu)
    _ffixu                                   0x080084e9   Thumb Code    62  ffixu.o(x$fpl$ffixu)
    __aeabi_i2f                              0x08008529   Thumb Code     0  fflt_clz.o(x$fpl$fflt)
    _fflt                                    0x08008529   Thumb Code    48  fflt_clz.o(x$fpl$fflt)
    __aeabi_ui2f                             0x08008559   Thumb Code     0  fflt_clz.o(x$fpl$ffltu)
    _ffltu                                   0x08008559   Thumb Code    38  fflt_clz.o(x$fpl$ffltu)
    __aeabi_cfcmple                          0x08008581   Thumb Code     0  fleqf.o(x$fpl$fleqf)
    _fcmple                                  0x08008581   Thumb Code   104  fleqf.o(x$fpl$fleqf)
    __fpl_fcmple_InfNaN                      0x080085d3   Thumb Code     0  fleqf.o(x$fpl$fleqf)
    __aeabi_fmul                             0x080085e9   Thumb Code     0  fmul.o(x$fpl$fmul)
    _fmul                                    0x080085e9   Thumb Code   258  fmul.o(x$fpl$fmul)
    __fpl_fnaninf                            0x080086eb   Thumb Code   140  fnaninf.o(x$fpl$fnaninf)
    __fpl_fretinf                            0x08008777   Thumb Code    10  fretinf.o(x$fpl$fretinf)
    __aeabi_cfrcmple                         0x08008781   Thumb Code     0  frleqf.o(x$fpl$frleqf)
    _frcmple                                 0x08008781   Thumb Code    98  frleqf.o(x$fpl$frleqf)
    __aeabi_fsub                             0x080087e5   Thumb Code     0  faddsub_clz.o(x$fpl$fsub)
    _fsub                                    0x080087e5   Thumb Code   234  faddsub_clz.o(x$fpl$fsub)
    _printf_fp_dec                           0x080088cf   Thumb Code     4  printf1.o(x$fpl$printf1)
    _printf_fp_hex                           0x080088d3   Thumb Code     4  printf2.o(x$fpl$printf2)
    __fpl_return_NaN                         0x080088d7   Thumb Code   100  retnan.o(x$fpl$retnan)
    __ARM_scalbn                             0x0800893b   Thumb Code    92  scalbn.o(x$fpl$scalbn)
    __fpl_cmpreturn                          0x08008997   Thumb Code    48  trapv.o(x$fpl$trapveneer)
    __I$use$fp                               0x080089c6   Number         0  usenofp.o(x$fpl$usenofp)
    reg                                      0x080089c8   Data          27  inv_mpu.o(.constdata)
    hw                                       0x080089e4   Data          12  inv_mpu.o(.constdata)
    test                                     0x080089f0   Data          40  inv_mpu.o(.constdata)
    __mathlib_zero                           0x08009738   Data           8  qnan.o(.constdata)
    Region$$Table$$Base                      0x0800984c   Number         0  anon$$obj.o(Region$$Table)
    Region$$Table$$Limit                     0x0800986c   Number         0  anon$$obj.o(Region$$Table)
    __ctype                                  0x08009895   Data           0  lc_ctype_c.o(locale$$data)
    SystemCoreClock                          0x20000014   Data           4  system_stm32f10x.o(.data)
    AHBPrescTable                            0x20000018   Data          16  system_stm32f10x.o(.data)
    speed_left_test                          0x20000028   Data           4  stm32f10x_it.o(.data)
    speed_right_test                         0x2000002c   Data           4  stm32f10x_it.o(.data)
    speed                                    0x20000030   Data           5  stm32f10x_it.o(.data)
    onestep_flag                             0x20000038   Data           4  main.o(.data)
    move_onestep_flag                        0x2000003c   Data           4  main.o(.data)
    move_onestep_count                       0x20000040   Data           4  main.o(.data)
    hcsr_time                                0x20000044   Data           2  main.o(.data)
    hcsr_distance                            0x20000048   Data           4  main.o(.data)
    YAW_now                                  0x2000004c   Data           4  main.o(.data)
    YAW_before                               0x20000050   Data           4  main.o(.data)
    distance_flag                            0x20000054   Data           4  main.o(.data)
    PID_flag                                 0x20000058   Data           4  main.o(.data)
    time_count                               0x2000005c   Data           4  main.o(.data)
    CNT                                      0x20000060   Data           2  main.o(.data)
    CNT1                                     0x20000062   Data           2  main.o(.data)
    leftSpeedSet                             0x20000064   Data           4  main.o(.data)
    rightSpeedSet                            0x20000068   Data           4  main.o(.data)
    leftSpeedNow                             0x2000006c   Data           4  main.o(.data)
    rightSpeedNow                            0x20000070   Data           4  main.o(.data)
    motorLeft                                0x20000074   Data           4  bsp_motor.o(.data)
    motorRight                               0x20000078   Data           4  bsp_motor.o(.data)
    Car_Status                               0x20000080   Data           1  bsp_bluetooth.o(.data)
    Usart3_RxCompleted                       0x20000081   Data           1  bsp_bluetooth.o(.data)
    Usart3_RxCounter                         0x20000084   Data           4  bsp_bluetooth.o(.data)
    Path_road                                0x200000c0   Data          32  path_plan.o(.data)
    turn_dirction                            0x200000e0   Data           4  path_plan.o(.data)
    Car_Location                             0x200000e4   Data           8  path_plan.o(.data)
    pid_Task_Letf                            0x200000ec   Data          44  bsp_pid.o(.bss)
    pid_Task_Right                           0x20000118   Data          44  bsp_pid.o(.bss)
    Usart3_RxBuff                            0x20000148   Data         256  bsp_bluetooth.o(.bss)
    Usart3_TxBuff                            0x20000248   Data         256  bsp_bluetooth.o(.bss)
    Path_Map                                 0x20000358   Data         900  path_plan.o(.bss)
    Path_view                                0x200006dc   Data        3600  path_plan.o(.bss)
    __libspace_start                         0x200014ec   Data          96  libspace.o(.bss)
    __temporary_stack_top$libspace           0x2000154c   Data           0  libspace.o(.bss)



==============================================================================

Memory Map of the image

  Image Entry point : 0x08000131

  Load Region LR_IROM1 (Base: 0x08000000, Size: 0x00009a84, Max: 0x00080000, ABSOLUTE)

    Execution Region ER_IROM1 (Exec base: 0x08000000, Load base: 0x08000000, Size: 0x00009998, Max: 0x00080000, ABSOLUTE)

    Exec Addr    Load Addr    Size         Type   Attr      Idx    E Section Name        Object

    0x08000000   0x08000000   0x00000130   Data   RO            3    RESET               startup_stm32f10x_hd.o
    0x08000130   0x08000130   0x00000008   Code   RO         4725  * !!!main             c_w.l(__main.o)
    0x08000138   0x08000138   0x00000034   Code   RO         5290    !!!scatter          c_w.l(__scatter.o)
    0x0800016c   0x0800016c   0x0000001a   Code   RO         5292    !!handler_copy      c_w.l(__scatter_copy.o)
    0x08000186   0x08000186   0x00000002   PAD
    0x08000188   0x08000188   0x0000001c   Code   RO         5294    !!handler_zi        c_w.l(__scatter_zi.o)
    0x080001a4   0x080001a4   0x00000000   Code   RO         4714    .ARM.Collect$$_printf_percent$$00000000  c_w.l(_printf_percent.o)
    0x080001a4   0x080001a4   0x00000006   Code   RO         4881    .ARM.Collect$$_printf_percent$$00000001  c_w.l(_printf_n.o)
    0x080001aa   0x080001aa   0x00000006   Code   RO         4883    .ARM.Collect$$_printf_percent$$00000002  c_w.l(_printf_p.o)
    0x080001b0   0x080001b0   0x00000006   Code   RO         4887    .ARM.Collect$$_printf_percent$$00000003  c_w.l(_printf_f.o)
    0x080001b6   0x080001b6   0x00000006   Code   RO         4888    .ARM.Collect$$_printf_percent$$00000004  c_w.l(_printf_e.o)
    0x080001bc   0x080001bc   0x00000006   Code   RO         4889    .ARM.Collect$$_printf_percent$$00000005  c_w.l(_printf_g.o)
    0x080001c2   0x080001c2   0x00000006   Code   RO         4890    .ARM.Collect$$_printf_percent$$00000006  c_w.l(_printf_a.o)
    0x080001c8   0x080001c8   0x0000000a   Code   RO         4895    .ARM.Collect$$_printf_percent$$00000007  c_w.l(_printf_ll.o)
    0x080001d2   0x080001d2   0x00000006   Code   RO         4885    .ARM.Collect$$_printf_percent$$00000008  c_w.l(_printf_i.o)
    0x080001d8   0x080001d8   0x00000006   Code   RO         4713    .ARM.Collect$$_printf_percent$$00000009  c_w.l(_printf_d.o)
    0x080001de   0x080001de   0x00000006   Code   RO         4886    .ARM.Collect$$_printf_percent$$0000000A  c_w.l(_printf_u.o)
    0x080001e4   0x080001e4   0x00000006   Code   RO         4884    .ARM.Collect$$_printf_percent$$0000000B  c_w.l(_printf_o.o)
    0x080001ea   0x080001ea   0x00000006   Code   RO         4882    .ARM.Collect$$_printf_percent$$0000000C  c_w.l(_printf_x.o)
    0x080001f0   0x080001f0   0x00000006   Code   RO         4892    .ARM.Collect$$_printf_percent$$0000000D  c_w.l(_printf_lli.o)
    0x080001f6   0x080001f6   0x00000006   Code   RO         4893    .ARM.Collect$$_printf_percent$$0000000E  c_w.l(_printf_lld.o)
    0x080001fc   0x080001fc   0x00000006   Code   RO         4894    .ARM.Collect$$_printf_percent$$0000000F  c_w.l(_printf_llu.o)
    0x08000202   0x08000202   0x00000006   Code   RO         4899    .ARM.Collect$$_printf_percent$$00000010  c_w.l(_printf_llo.o)
    0x08000208   0x08000208   0x00000006   Code   RO         4900    .ARM.Collect$$_printf_percent$$00000011  c_w.l(_printf_llx.o)
    0x0800020e   0x0800020e   0x0000000a   Code   RO         4896    .ARM.Collect$$_printf_percent$$00000012  c_w.l(_printf_l.o)
    0x08000218   0x08000218   0x00000006   Code   RO         4879    .ARM.Collect$$_printf_percent$$00000013  c_w.l(_printf_c.o)
    0x0800021e   0x0800021e   0x00000006   Code   RO         4880    .ARM.Collect$$_printf_percent$$00000014  c_w.l(_printf_s.o)
    0x08000224   0x08000224   0x00000006   Code   RO         4897    .ARM.Collect$$_printf_percent$$00000015  c_w.l(_printf_lc.o)
    0x0800022a   0x0800022a   0x00000006   Code   RO         4898    .ARM.Collect$$_printf_percent$$00000016  c_w.l(_printf_ls.o)
    0x08000230   0x08000230   0x00000004   Code   RO         4891    .ARM.Collect$$_printf_percent$$00000017  c_w.l(_printf_percent_end.o)
    0x08000234   0x08000234   0x00000002   Code   RO         5186    .ARM.Collect$$libinit$$00000000  c_w.l(libinit.o)
    0x08000236   0x08000236   0x00000000   Code   RO         4914    .ARM.Collect$$libinit$$00000002  c_w.l(libinit2.o)
    0x08000236   0x08000236   0x00000000   Code   RO         4916    .ARM.Collect$$libinit$$00000004  c_w.l(libinit2.o)
    0x08000236   0x08000236   0x00000008   Code   RO         4917    .ARM.Collect$$libinit$$00000005  c_w.l(libinit2.o)
    0x0800023e   0x0800023e   0x00000000   Code   RO         4919    .ARM.Collect$$libinit$$0000000A  c_w.l(libinit2.o)
    0x0800023e   0x0800023e   0x00000000   Code   RO         4921    .ARM.Collect$$libinit$$0000000C  c_w.l(libinit2.o)
    0x0800023e   0x0800023e   0x00000000   Code   RO         4923    .ARM.Collect$$libinit$$0000000E  c_w.l(libinit2.o)
    0x0800023e   0x0800023e   0x00000006   Code   RO         4924    .ARM.Collect$$libinit$$0000000F  c_w.l(libinit2.o)
    0x08000244   0x08000244   0x00000000   Code   RO         4926    .ARM.Collect$$libinit$$00000011  c_w.l(libinit2.o)
    0x08000244   0x08000244   0x0000000c   Code   RO         4927    .ARM.Collect$$libinit$$00000012  c_w.l(libinit2.o)
    0x08000250   0x08000250   0x00000000   Code   RO         4928    .ARM.Collect$$libinit$$00000013  c_w.l(libinit2.o)
    0x08000250   0x08000250   0x00000000   Code   RO         4930    .ARM.Collect$$libinit$$00000015  c_w.l(libinit2.o)
    0x08000250   0x08000250   0x0000000a   Code   RO         4931    .ARM.Collect$$libinit$$00000016  c_w.l(libinit2.o)
    0x0800025a   0x0800025a   0x00000000   Code   RO         4932    .ARM.Collect$$libinit$$00000017  c_w.l(libinit2.o)
    0x0800025a   0x0800025a   0x00000000   Code   RO         4934    .ARM.Collect$$libinit$$00000019  c_w.l(libinit2.o)
    0x0800025a   0x0800025a   0x00000000   Code   RO         4936    .ARM.Collect$$libinit$$0000001B  c_w.l(libinit2.o)
    0x0800025a   0x0800025a   0x00000000   Code   RO         4938    .ARM.Collect$$libinit$$0000001D  c_w.l(libinit2.o)
    0x0800025a   0x0800025a   0x00000000   Code   RO         4940    .ARM.Collect$$libinit$$0000001F  c_w.l(libinit2.o)
    0x0800025a   0x0800025a   0x00000000   Code   RO         4942    .ARM.Collect$$libinit$$00000021  c_w.l(libinit2.o)
    0x0800025a   0x0800025a   0x00000000   Code   RO         4944    .ARM.Collect$$libinit$$00000023  c_w.l(libinit2.o)
    0x0800025a   0x0800025a   0x00000000   Code   RO         4946    .ARM.Collect$$libinit$$00000025  c_w.l(libinit2.o)
    0x0800025a   0x0800025a   0x00000000   Code   RO         4950    .ARM.Collect$$libinit$$0000002C  c_w.l(libinit2.o)
    0x0800025a   0x0800025a   0x00000000   Code   RO         4952    .ARM.Collect$$libinit$$0000002E  c_w.l(libinit2.o)
    0x0800025a   0x0800025a   0x00000000   Code   RO         4954    .ARM.Collect$$libinit$$00000030  c_w.l(libinit2.o)
    0x0800025a   0x0800025a   0x00000000   Code   RO         4956    .ARM.Collect$$libinit$$00000032  c_w.l(libinit2.o)
    0x0800025a   0x0800025a   0x00000002   Code   RO         4957    .ARM.Collect$$libinit$$00000033  c_w.l(libinit2.o)
    0x0800025c   0x0800025c   0x00000002   Code   RO         5287    .ARM.Collect$$libshutdown$$00000000  c_w.l(libshutdown.o)
    0x0800025e   0x0800025e   0x00000000   Code   RO         5188    .ARM.Collect$$libshutdown$$00000002  c_w.l(libshutdown2.o)
    0x0800025e   0x0800025e   0x00000000   Code   RO         5190    .ARM.Collect$$libshutdown$$00000004  c_w.l(libshutdown2.o)
    0x0800025e   0x0800025e   0x00000000   Code   RO         5193    .ARM.Collect$$libshutdown$$00000007  c_w.l(libshutdown2.o)
    0x0800025e   0x0800025e   0x00000000   Code   RO         5196    .ARM.Collect$$libshutdown$$0000000A  c_w.l(libshutdown2.o)
    0x0800025e   0x0800025e   0x00000000   Code   RO         5198    .ARM.Collect$$libshutdown$$0000000C  c_w.l(libshutdown2.o)
    0x0800025e   0x0800025e   0x00000000   Code   RO         5201    .ARM.Collect$$libshutdown$$0000000F  c_w.l(libshutdown2.o)
    0x0800025e   0x0800025e   0x00000002   Code   RO         5202    .ARM.Collect$$libshutdown$$00000010  c_w.l(libshutdown2.o)
    0x08000260   0x08000260   0x00000000   Code   RO         4801    .ARM.Collect$$rtentry$$00000000  c_w.l(__rtentry.o)
    0x08000260   0x08000260   0x00000000   Code   RO         5022    .ARM.Collect$$rtentry$$00000002  c_w.l(__rtentry2.o)
    0x08000260   0x08000260   0x00000006   Code   RO         5034    .ARM.Collect$$rtentry$$00000004  c_w.l(__rtentry4.o)
    0x08000266   0x08000266   0x00000000   Code   RO         5024    .ARM.Collect$$rtentry$$00000009  c_w.l(__rtentry2.o)
    0x08000266   0x08000266   0x00000004   Code   RO         5025    .ARM.Collect$$rtentry$$0000000A  c_w.l(__rtentry2.o)
    0x0800026a   0x0800026a   0x00000000   Code   RO         5027    .ARM.Collect$$rtentry$$0000000C  c_w.l(__rtentry2.o)
    0x0800026a   0x0800026a   0x00000008   Code   RO         5028    .ARM.Collect$$rtentry$$0000000D  c_w.l(__rtentry2.o)
    0x08000272   0x08000272   0x00000002   Code   RO         5213    .ARM.Collect$$rtexit$$00000000  c_w.l(rtexit.o)
    0x08000274   0x08000274   0x00000000   Code   RO         5251    .ARM.Collect$$rtexit$$00000002  c_w.l(rtexit2.o)
    0x08000274   0x08000274   0x00000004   Code   RO         5252    .ARM.Collect$$rtexit$$00000003  c_w.l(rtexit2.o)
    0x08000278   0x08000278   0x00000006   Code   RO         5253    .ARM.Collect$$rtexit$$00000004  c_w.l(rtexit2.o)
    0x0800027e   0x0800027e   0x00000002   PAD
    0x08000280   0x08000280   0x00000000   Code   RO         5047    .emb_text           c_w.l(maybetermalloc1.o)
    0x08000280   0x08000280   0x00000040   Code   RO            4    .text               startup_stm32f10x_hd.o
    0x080002c0   0x080002c0   0x0000005e   Code   RO         4623    .text               c_w.l(h1_alloc.o)
    0x0800031e   0x0800031e   0x0000004e   Code   RO         4625    .text               c_w.l(h1_free.o)
    0x0800036c   0x0800036c   0x00000048   Code   RO         4681    .text               c_w.l(llsdiv.o)
    0x080003b4   0x080003b4   0x00000024   Code   RO         4683    .text               c_w.l(vsprintf.o)
    0x080003d8   0x080003d8   0x00000078   Code   RO         4691    .text               c_w.l(_printf_dec.o)
    0x08000450   0x08000450   0x00000188   Code   RO         4710    .text               c_w.l(__printf_flags_ss_wp.o)
    0x080005d8   0x080005d8   0x00000024   Code   RO         4715    .text               c_w.l(strstr.o)
    0x080005fc   0x080005fc   0x00000058   Code   RO         4717    .text               c_w.l(memcmp.o)
    0x08000654   0x08000654   0x0000003e   Code   RO         4719    .text               c_w.l(strlen.o)
    0x08000692   0x08000692   0x00000010   Code   RO         4721    .text               c_w.l(aeabi_memset.o)
    0x080006a2   0x080006a2   0x00000006   Code   RO         4723    .text               c_w.l(heapauxi.o)
    0x080006a8   0x080006a8   0x00000008   Code   RO         4805    .text               c_w.l(rt_heap_descriptor_intlibspace.o)
    0x080006b0   0x080006b0   0x00000004   Code   RO         4807    .text               c_w.l(hguard.o)
    0x080006b4   0x080006b4   0x0000008a   Code   RO         4809    .text               c_w.l(init_alloc.o)
    0x0800073e   0x0800073e   0x0000000e   Code   RO         4813    .text               c_w.l(h1_init.o)
    0x0800074c   0x0800074c   0x000000ee   Code   RO         4827    .text               c_w.l(lludivv7m.o)
    0x0800083a   0x0800083a   0x00000016   Code   RO         4829    .text               c_w.l(_rserrno.o)
    0x08000850   0x08000850   0x0000004e   Code   RO         4831    .text               c_w.l(_printf_pad.o)
    0x0800089e   0x0800089e   0x00000024   Code   RO         4833    .text               c_w.l(_printf_truncate.o)
    0x080008c2   0x080008c2   0x00000052   Code   RO         4835    .text               c_w.l(_printf_str.o)
    0x08000914   0x08000914   0x000000b2   Code   RO         4837    .text               c_w.l(_printf_intcommon.o)
    0x080009c6   0x080009c6   0x00000028   Code   RO         4839    .text               c_w.l(_printf_charcount.o)
    0x080009ee   0x080009ee   0x00000002   PAD
    0x080009f0   0x080009f0   0x00000030   Code   RO         4841    .text               c_w.l(_printf_char_common.o)
    0x08000a20   0x08000a20   0x0000000a   Code   RO         4843    .text               c_w.l(_sputc.o)
    0x08000a2a   0x08000a2a   0x00000002   PAD
    0x08000a2c   0x08000a2c   0x000000bc   Code   RO         4847    .text               c_w.l(_printf_wctomb.o)
    0x08000ae8   0x08000ae8   0x0000007c   Code   RO         4850    .text               c_w.l(_printf_longlong_dec.o)
    0x08000b64   0x08000b64   0x00000070   Code   RO         4856    .text               c_w.l(_printf_oct_int_ll.o)
    0x08000bd4   0x08000bd4   0x00000094   Code   RO         4876    .text               c_w.l(_printf_hex_int_ll_ptr.o)
    0x08000c68   0x08000c68   0x00000044   Code   RO         4909    .text               c_w.l(rt_memclr.o)
    0x08000cac   0x08000cac   0x00000008   Code   RO         5018    .text               c_w.l(libspace.o)
    0x08000cb4   0x08000cb4   0x00000008   Code   RO         5043    .text               c_w.l(rt_errno_addr_intlibspace.o)
    0x08000cbc   0x08000cbc   0x00000034   Code   RO         5049    .text               c_w.l(h1_extend.o)
    0x08000cf0   0x08000cf0   0x0000008a   Code   RO         5053    .text               c_w.l(lludiv10.o)
    0x08000d7a   0x08000d7a   0x0000041e   Code   RO         5055    .text               c_w.l(_printf_fp_dec.o)
    0x08001198   0x08001198   0x000002fc   Code   RO         5057    .text               c_w.l(_printf_fp_hex.o)
    0x08001494   0x08001494   0x0000002c   Code   RO         5062    .text               c_w.l(_printf_char.o)
    0x080014c0   0x080014c0   0x0000002c   Code   RO         5064    .text               c_w.l(_printf_wchar.o)
    0x080014ec   0x080014ec   0x00000040   Code   RO         5080    .text               c_w.l(_wcrtomb.o)
    0x0800152c   0x0800152c   0x0000000e   Code   RO         5082    .text               c_w.l(defsig_rtmem_outer.o)
    0x0800153a   0x0800153a   0x0000004e   Code   RO         5086    .text               c_w.l(rt_memclr_w.o)
    0x08001588   0x08001588   0x00000002   Code   RO         5106    .text               c_w.l(use_no_semi.o)
    0x0800158a   0x0800158a   0x00000000   Code   RO         5108    .text               c_w.l(indicate_semi.o)
    0x0800158a   0x0800158a   0x0000004a   Code   RO         5109    .text               c_w.l(sys_stackheap_outer.o)
    0x080015d4   0x080015d4   0x00000010   Code   RO         5111    .text               c_w.l(rt_ctype_table.o)
    0x080015e4   0x080015e4   0x00000008   Code   RO         5120    .text               c_w.l(rt_locale_intlibspace.o)
    0x080015ec   0x080015ec   0x00000080   Code   RO         5124    .text               c_w.l(_printf_fp_infnan.o)
    0x0800166c   0x0800166c   0x000000e4   Code   RO         5126    .text               c_w.l(bigflt0.o)
    0x08001750   0x08001750   0x00000012   Code   RO         5167    .text               c_w.l(exit.o)
    0x08001762   0x08001762   0x0000000a   Code   RO         5169    .text               c_w.l(defsig_exit.o)
    0x0800176c   0x0800176c   0x00000050   Code   RO         5175    .text               c_w.l(defsig_rtmem_inner.o)
    0x080017bc   0x080017bc   0x0000000c   Code   RO         5211    .text               c_w.l(sys_exit.o)
    0x080017c8   0x080017c8   0x00000032   Code   RO         5234    .text               c_w.l(defsig_general.o)
    0x080017fa   0x080017fa   0x00000002   PAD
    0x080017fc   0x080017fc   0x00000080   Code   RO         5244    .text               c_w.l(strcmpv7m.o)
    0x0800187c   0x0800187c   0x0000000e   Code   RO         5248    .text               c_w.l(sys_wrch.o)
    0x0800188a   0x0800188a   0x0000003e   Code   RO         5129    CL$$btod_d2e        c_w.l(btod.o)
    0x080018c8   0x080018c8   0x00000046   Code   RO         5131    CL$$btod_d2e_denorm_low  c_w.l(btod.o)
    0x0800190e   0x0800190e   0x00000060   Code   RO         5130    CL$$btod_d2e_norm_op1  c_w.l(btod.o)
    0x0800196e   0x0800196e   0x00000338   Code   RO         5139    CL$$btod_div_common  c_w.l(btod.o)
    0x08001ca6   0x08001ca6   0x000000dc   Code   RO         5136    CL$$btod_e2e        c_w.l(btod.o)
    0x08001d82   0x08001d82   0x0000002a   Code   RO         5133    CL$$btod_ediv       c_w.l(btod.o)
    0x08001dac   0x08001dac   0x0000002a   Code   RO         5132    CL$$btod_emul       c_w.l(btod.o)
    0x08001dd6   0x08001dd6   0x00000244   Code   RO         5138    CL$$btod_mult_common  c_w.l(btod.o)
    0x0800201a   0x0800201a   0x0000002a   Code   RO         3619    i.BASIC_TIM_NVIC_Config  bsp_speedtest.o
    0x08002044   0x08002044   0x000000d4   Code   RO         3802    i.Bluetooth_CMD     bsp_bluetooth.o
    0x08002118   0x08002118   0x00000004   Code   RO         3225    i.BusFault_Handler  stm32f10x_it.o
    0x0800211c   0x0800211c   0x00000002   Code   RO         3226    i.DebugMon_Handler  stm32f10x_it.o
    0x0800211e   0x0800211e   0x00000002   PAD
    0x08002120   0x08002120   0x00000028   Code   RO         3586    i.Delay_us          bsp_systick.o
    0x08002148   0x08002148   0x00000070   Code   RO         3227    i.EXTI9_5_IRQHandler  stm32f10x_it.o
    0x080021b8   0x080021b8   0x0000000c   Code   RO          922    i.EXTI_ClearITPendingBit  stm32f10x_exti.o
    0x080021c4   0x080021c4   0x00000028   Code   RO          926    i.EXTI_GetITStatus  stm32f10x_exti.o
    0x080021ec   0x080021ec   0x00000094   Code   RO          927    i.EXTI_Init         stm32f10x_exti.o
    0x08002280   0x08002280   0x00000028   Code   RO         3620    i.GENERAL_TIM_NVIC_Config  bsp_speedtest.o
    0x080022a8   0x080022a8   0x00000040   Code   RO         1281    i.GPIO_EXTILineConfig  stm32f10x_gpio.o
    0x080022e8   0x080022e8   0x00000116   Code   RO         1284    i.GPIO_Init         stm32f10x_gpio.o
    0x080023fe   0x080023fe   0x00000012   Code   RO         1288    i.GPIO_ReadInputDataBit  stm32f10x_gpio.o
    0x08002410   0x08002410   0x00000004   Code   RO         1291    i.GPIO_ResetBits    stm32f10x_gpio.o
    0x08002414   0x08002414   0x00000004   Code   RO         1292    i.GPIO_SetBits      stm32f10x_gpio.o
    0x08002418   0x08002418   0x00000034   Code   RO         3844    i.HCsr_EXTI_Close   bsp_hcsr.o
    0x0800244c   0x0800244c   0x00000034   Code   RO         3845    i.HCsr_EXTI_Open    bsp_hcsr.o
    0x08002480   0x08002480   0x0000004c   Code   RO         3846    i.HCsr_GPIO_Config  bsp_hcsr.o
    0x080024cc   0x080024cc   0x00000004   Code   RO         3228    i.HardFault_Handler  stm32f10x_it.o
    0x080024d0   0x080024d0   0x00000034   Code   RO         3847    i.Hcsr_TIMx_Count_Config  bsp_hcsr.o
    0x08002504   0x08002504   0x0000008c   Code   RO         3883    i.MPU6050_Init      mpu6050.o
    0x08002590   0x08002590   0x0000002e   Code   RO         3886    i.MPU6050_WriteReg  mpu6050.o
    0x080025be   0x080025be   0x0000003a   Code   RO         3887    i.MPU_ReadByte      mpu6050.o
    0x080025f8   0x080025f8   0x00000010   Code   RO         3888    i.MPU_Set_Accel_Fsr  mpu6050.o
    0x08002608   0x08002608   0x00000010   Code   RO         3889    i.MPU_Set_Gyro_Fsr  mpu6050.o
    0x08002618   0x08002618   0x0000003a   Code   RO         3890    i.MPU_Set_LPF       mpu6050.o
    0x08002652   0x08002652   0x0000003a   Code   RO         3891    i.MPU_Set_Rate      mpu6050.o
    0x0800268c   0x0800268c   0x00000044   Code   RO         3892    i.MPU_Write_Byte    mpu6050.o
    0x080026d0   0x080026d0   0x00000004   Code   RO         3229    i.MemManage_Handler  stm32f10x_it.o
    0x080026d4   0x080026d4   0x00000002   Code   RO         3230    i.NMI_Handler       stm32f10x_it.o
    0x080026d6   0x080026d6   0x00000028   Code   RO         3803    i.NVIC_Configuration  bsp_bluetooth.o
    0x080026fe   0x080026fe   0x00000032   Code   RO         3848    i.NVIC_Configuration  bsp_hcsr.o
    0x08002730   0x08002730   0x00000070   Code   RO           10    i.NVIC_Init         misc.o
    0x080027a0   0x080027a0   0x00000014   Code   RO           11    i.NVIC_PriorityGroupConfig  misc.o
    0x080027b4   0x080027b4   0x00000064   Code   RO         3760    i.PID_Init          bsp_pid.o
    0x08002818   0x08002818   0x00000050   Code   RO         3761    i.PID_common        bsp_pid.o
    0x08002868   0x08002868   0x00000002   Code   RO         3231    i.PendSV_Handler    stm32f10x_it.o
    0x0800286a   0x0800286a   0x00000002   PAD
    0x0800286c   0x0800286c   0x00000064   Code   RO         3762    i.Pid_Ctrl          bsp_pid.o
    0x080028d0   0x080028d0   0x00000050   Code   RO         3763    i.Pid_Which         bsp_pid.o
    0x08002920   0x08002920   0x0000001c   Code   RO         4564    i.QueueDestory      path_plan.o
    0x0800293c   0x0800293c   0x0000000e   Code   RO         4565    i.QueueEmpty        path_plan.o
    0x0800294a   0x0800294a   0x0000000a   Code   RO         4566    i.QueueInit         path_plan.o
    0x08002954   0x08002954   0x00000030   Code   RO         4567    i.QueuePop          path_plan.o
    0x08002984   0x08002984   0x00000034   Code   RO         4568    i.QueuePush         path_plan.o
    0x080029b8   0x080029b8   0x00000020   Code   RO         1712    i.RCC_APB1PeriphClockCmd  stm32f10x_rcc.o
    0x080029d8   0x080029d8   0x00000020   Code   RO         1714    i.RCC_APB2PeriphClockCmd  stm32f10x_rcc.o
    0x080029f8   0x080029f8   0x000000d4   Code   RO         1722    i.RCC_GetClocksFreq  stm32f10x_rcc.o
    0x08002acc   0x08002acc   0x00000002   Code   RO         3232    i.SVC_Handler       stm32f10x_it.o
    0x08002ace   0x08002ace   0x00000008   Code   RO         3143    i.SetSysClock       system_stm32f10x.o
    0x08002ad6   0x08002ad6   0x00000002   PAD
    0x08002ad8   0x08002ad8   0x000000e0   Code   RO         3144    i.SetSysClockTo72   system_stm32f10x.o
    0x08002bb8   0x08002bb8   0x00000002   Code   RO         3432    i.Status_Compare    main.o
    0x08002bba   0x08002bba   0x00000008   Code   RO         3233    i.SysTick_Handler   stm32f10x_it.o
    0x08002bc2   0x08002bc2   0x00000002   PAD
    0x08002bc4   0x08002bc4   0x0000007c   Code   RO         3587    i.SysTick_Init      bsp_systick.o
    0x08002c40   0x08002c40   0x00000060   Code   RO         3146    i.SystemInit        system_stm32f10x.o
    0x08002ca0   0x08002ca0   0x00000080   Code   RO         2342    i.TI1_Config        stm32f10x_tim.o
    0x08002d20   0x08002d20   0x00000098   Code   RO         2343    i.TI2_Config        stm32f10x_tim.o
    0x08002db8   0x08002db8   0x00000090   Code   RO         2344    i.TI3_Config        stm32f10x_tim.o
    0x08002e48   0x08002e48   0x00000098   Code   RO         2345    i.TI4_Config        stm32f10x_tim.o
    0x08002ee0   0x08002ee0   0x000000a4   Code   RO         3234    i.TIM2_IRQHandler   stm32f10x_it.o
    0x08002f84   0x08002f84   0x00000090   Code   RO         3235    i.TIM6_IRQHandler   stm32f10x_it.o
    0x08003014   0x08003014   0x00000006   Code   RO         2352    i.TIM_ClearFlag     stm32f10x_tim.o
    0x0800301a   0x0800301a   0x00000006   Code   RO         2353    i.TIM_ClearITPendingBit  stm32f10x_tim.o
    0x08003020   0x08003020   0x00000018   Code   RO         2358    i.TIM_Cmd           stm32f10x_tim.o
    0x08003038   0x08003038   0x00000006   Code   RO         2377    i.TIM_GetCounter    stm32f10x_tim.o
    0x0800303e   0x0800303e   0x00000022   Code   RO         2379    i.TIM_GetITStatus   stm32f10x_tim.o
    0x08003060   0x08003060   0x000000ac   Code   RO         2381    i.TIM_ICInit        stm32f10x_tim.o
    0x0800310c   0x0800310c   0x00000012   Code   RO         2383    i.TIM_ITConfig      stm32f10x_tim.o
    0x0800311e   0x0800311e   0x00000002   PAD
    0x08003120   0x08003120   0x00000098   Code   RO         2387    i.TIM_OC1Init       stm32f10x_tim.o
    0x080031b8   0x080031b8   0x00000012   Code   RO         2390    i.TIM_OC1PreloadConfig  stm32f10x_tim.o
    0x080031ca   0x080031ca   0x00000002   PAD
    0x080031cc   0x080031cc   0x000000a4   Code   RO         2392    i.TIM_OC2Init       stm32f10x_tim.o
    0x08003270   0x08003270   0x0000001a   Code   RO         2395    i.TIM_OC2PreloadConfig  stm32f10x_tim.o
    0x0800328a   0x0800328a   0x00000004   Code   RO         2419    i.TIM_SetCompare1   stm32f10x_tim.o
    0x0800328e   0x0800328e   0x00000004   Code   RO         2420    i.TIM_SetCompare2   stm32f10x_tim.o
    0x08003292   0x08003292   0x00000004   Code   RO         2423    i.TIM_SetCounter    stm32f10x_tim.o
    0x08003296   0x08003296   0x00000012   Code   RO         2424    i.TIM_SetIC1Prescaler  stm32f10x_tim.o
    0x080032a8   0x080032a8   0x0000001a   Code   RO         2425    i.TIM_SetIC2Prescaler  stm32f10x_tim.o
    0x080032c2   0x080032c2   0x00000012   Code   RO         2426    i.TIM_SetIC3Prescaler  stm32f10x_tim.o
    0x080032d4   0x080032d4   0x0000001a   Code   RO         2427    i.TIM_SetIC4Prescaler  stm32f10x_tim.o
    0x080032ee   0x080032ee   0x00000002   PAD
    0x080032f0   0x080032f0   0x000000a4   Code   RO         2429    i.TIM_TimeBaseInit  stm32f10x_tim.o
    0x08003394   0x08003394   0x00000018   Code   RO         3588    i.TimingDelay_Decrement  bsp_systick.o
    0x080033ac   0x080033ac   0x0000005c   Code   RO         3236    i.USART3_IRQHandler  stm32f10x_it.o
    0x08003408   0x08003408   0x0000005c   Code   RO         3805    i.USART3_printf     bsp_bluetooth.o
    0x08003464   0x08003464   0x00000018   Code   RO         2897    i.USART_Cmd         stm32f10x_usart.o
    0x0800347c   0x0800347c   0x0000009c   Code   RO         3806    i.USART_Config      bsp_bluetooth.o
    0x08003518   0x08003518   0x00000054   Code   RO         2901    i.USART_GetITStatus  stm32f10x_usart.o
    0x0800356c   0x0800356c   0x0000004a   Code   RO         2903    i.USART_ITConfig    stm32f10x_usart.o
    0x080035b6   0x080035b6   0x00000002   PAD
    0x080035b8   0x080035b8   0x000000d8   Code   RO         2904    i.USART_Init        stm32f10x_usart.o
    0x08003690   0x08003690   0x0000000a   Code   RO         2911    i.USART_ReceiveData  stm32f10x_usart.o
    0x0800369a   0x0800369a   0x00000004   Code   RO         3237    i.UsageFault_Handler  stm32f10x_it.o
    0x0800369e   0x0800369e   0x00000028   Code   RO         5003    i.__ARM_fpclassify  m_ws.l(fpclassify.o)
    0x080036c6   0x080036c6   0x000000aa   Code   RO         5005    i.__kernel_poly     m_ws.l(poly.o)
    0x08003770   0x08003770   0x00000006   Code   RO         4990    i.__mathlib_dbl_infnan  m_ws.l(dunder.o)
    0x08003776   0x08003776   0x00000004   Code   RO         4991    i.__mathlib_dbl_infnan2  m_ws.l(dunder.o)
    0x0800377a   0x0800377a   0x0000000c   Code   RO         4992    i.__mathlib_dbl_invalid  m_ws.l(dunder.o)
    0x08003786   0x08003786   0x00000002   PAD
    0x08003788   0x08003788   0x00000010   Code   RO         4995    i.__mathlib_dbl_underflow  m_ws.l(dunder.o)
    0x08003798   0x08003798   0x0000000e   Code   RO         4703    i._is_digit         c_w.l(__printf_wp.o)
    0x080037a6   0x080037a6   0x00000002   PAD
    0x080037a8   0x080037a8   0x000000ac   Code   RO         4054    i.accel_self_test   inv_mpu.o
    0x08003854   0x08003854   0x00000270   Code   RO         4782    i.asin              m_ws.l(asin.o)
    0x08003ac4   0x08003ac4   0x00000220   Code   RO         4980    i.atan              m_ws.l(atan.o)
    0x08003ce4   0x08003ce4   0x00000180   Code   RO         4792    i.atan2             m_ws.l(atan2.o)
    0x08003e64   0x08003e64   0x00000064   Code   RO         4382    i.decode_gesture    inv_mpu_dmp_motion_driver.o
    0x08003ec8   0x08003ec8   0x00000044   Code   RO         3433    i.distancetest      main.o
    0x08003f0c   0x08003f0c   0x0000003c   Code   RO         4383    i.dmp_enable_6x_lp_quat  inv_mpu_dmp_motion_driver.o
    0x08003f48   0x08003f48   0x0000021c   Code   RO         4384    i.dmp_enable_feature  inv_mpu_dmp_motion_driver.o
    0x08004164   0x08004164   0x00000058   Code   RO         4385    i.dmp_enable_gyro_cal  inv_mpu_dmp_motion_driver.o
    0x080041bc   0x080041bc   0x0000003c   Code   RO         4386    i.dmp_enable_lp_quat  inv_mpu_dmp_motion_driver.o
    0x080041f8   0x080041f8   0x00000018   Code   RO         4391    i.dmp_load_motion_driver_firmware  inv_mpu_dmp_motion_driver.o
    0x08004210   0x08004210   0x000001cc   Code   RO         4392    i.dmp_read_fifo     inv_mpu_dmp_motion_driver.o
    0x080043dc   0x080043dc   0x00000130   Code   RO         4395    i.dmp_set_accel_bias  inv_mpu_dmp_motion_driver.o
    0x0800450c   0x0800450c   0x00000070   Code   RO         4396    i.dmp_set_fifo_rate  inv_mpu_dmp_motion_driver.o
    0x0800457c   0x0800457c   0x00000130   Code   RO         4397    i.dmp_set_gyro_bias  inv_mpu_dmp_motion_driver.o
    0x080046ac   0x080046ac   0x00000138   Code   RO         4399    i.dmp_set_orientation  inv_mpu_dmp_motion_driver.o
    0x080047e4   0x080047e4   0x00000038   Code   RO         4402    i.dmp_set_shake_reject_thresh  inv_mpu_dmp_motion_driver.o
    0x0800481c   0x0800481c   0x00000026   Code   RO         4403    i.dmp_set_shake_reject_time  inv_mpu_dmp_motion_driver.o
    0x08004842   0x08004842   0x00000026   Code   RO         4404    i.dmp_set_shake_reject_timeout  inv_mpu_dmp_motion_driver.o
    0x08004868   0x08004868   0x00000046   Code   RO         4405    i.dmp_set_tap_axes  inv_mpu_dmp_motion_driver.o
    0x080048ae   0x080048ae   0x00000026   Code   RO         4406    i.dmp_set_tap_count  inv_mpu_dmp_motion_driver.o
    0x080048d4   0x080048d4   0x000001a0   Code   RO         4407    i.dmp_set_tap_thresh  inv_mpu_dmp_motion_driver.o
    0x08004a74   0x08004a74   0x00000026   Code   RO         4408    i.dmp_set_tap_time  inv_mpu_dmp_motion_driver.o
    0x08004a9a   0x08004a9a   0x00000026   Code   RO         4409    i.dmp_set_tap_time_multi  inv_mpu_dmp_motion_driver.o
    0x08004ac0   0x08004ac0   0x0000039c   Code   RO         3434    i.findroad          main.o
    0x08004e5c   0x08004e5c   0x000000b4   Code   RO         4055    i.get_accel_prod_shift  inv_mpu.o
    0x08004f10   0x08004f10   0x0000047c   Code   RO         4056    i.get_st_biases     inv_mpu.o
    0x0800538c   0x0800538c   0x00000118   Code   RO         4057    i.gyro_self_test    inv_mpu.o
    0x080054a4   0x080054a4   0x00000038   Code   RO         3977    i.i2c_Ack           bsp_i2c.o
    0x080054dc   0x080054dc   0x0000000e   Code   RO         3979    i.i2c_Delay         bsp_i2c.o
    0x080054ea   0x080054ea   0x00000002   PAD
    0x080054ec   0x080054ec   0x00000030   Code   RO         3980    i.i2c_GPIO_Config   bsp_i2c.o
    0x0800551c   0x0800551c   0x00000030   Code   RO         3981    i.i2c_NAck          bsp_i2c.o
    0x0800554c   0x0800554c   0x00000054   Code   RO         3982    i.i2c_ReadByte      bsp_i2c.o
    0x080055a0   0x080055a0   0x00000074   Code   RO         3983    i.i2c_ReadLen       bsp_i2c.o
    0x08005614   0x08005614   0x0000005c   Code   RO         3984    i.i2c_SendByte      bsp_i2c.o
    0x08005670   0x08005670   0x00000034   Code   RO         3985    i.i2c_Start         bsp_i2c.o
    0x080056a4   0x080056a4   0x00000024   Code   RO         3986    i.i2c_Stop          bsp_i2c.o
    0x080056c8   0x080056c8   0x00000044   Code   RO         3987    i.i2c_WaitAck       bsp_i2c.o
    0x0800570c   0x0800570c   0x00000060   Code   RO         3988    i.i2c_WriteLen      bsp_i2c.o
    0x0800576c   0x0800576c   0x00000028   Code   RO         4058    i.inv_orientation_matrix_to_scalar  inv_mpu.o
    0x08005794   0x08005794   0x0000004e   Code   RO         4059    i.inv_row_2_scale   inv_mpu.o
    0x080057e2   0x080057e2   0x00000002   PAD
    0x080057e4   0x080057e4   0x000004bc   Code   RO         3435    i.main              main.o
    0x08005ca0   0x08005ca0   0x00000002   Code   RO         4060    i.mget_ms           inv_mpu.o
    0x08005ca2   0x08005ca2   0x00000002   PAD
    0x08005ca4   0x08005ca4   0x000000c0   Code   RO         3562    i.motor1_init       bsp_motor.o
    0x08005d64   0x08005d64   0x0000002c   Code   RO         3563    i.motor_gpio_config  bsp_motor.o
    0x08005d90   0x08005d90   0x00000030   Code   RO         3436    i.move              main.o
    0x08005dc0   0x08005dc0   0x000000fc   Code   RO         3437    i.move_onestep      main.o
    0x08005ebc   0x08005ebc   0x00000070   Code   RO         4061    i.mpu_configure_fifo  inv_mpu.o
    0x08005f2c   0x08005f2c   0x00000224   Code   RO         4062    i.mpu_dmp_get_data  inv_mpu.o
    0x08006150   0x08006150   0x000000a0   Code   RO         4063    i.mpu_dmp_init      inv_mpu.o
    0x080061f0   0x080061f0   0x0000004c   Code   RO         4064    i.mpu_get_accel_fsr  inv_mpu.o
    0x0800623c   0x0800623c   0x00000054   Code   RO         4066    i.mpu_get_accel_sens  inv_mpu.o
    0x08006290   0x08006290   0x00000010   Code   RO         4071    i.mpu_get_fifo_config  inv_mpu.o
    0x080062a0   0x080062a0   0x00000044   Code   RO         4072    i.mpu_get_gyro_fsr  inv_mpu.o
    0x080062e4   0x080062e4   0x00000050   Code   RO         4074    i.mpu_get_gyro_sens  inv_mpu.o
    0x08006334   0x08006334   0x00000050   Code   RO         4076    i.mpu_get_lpf       inv_mpu.o
    0x08006384   0x08006384   0x00000020   Code   RO         4078    i.mpu_get_sample_rate  inv_mpu.o
    0x080063a4   0x080063a4   0x000001f4   Code   RO         4080    i.mpu_init          inv_mpu.o
    0x08006598   0x08006598   0x000000b8   Code   RO         4081    i.mpu_load_firmware  inv_mpu.o
    0x08006650   0x08006650   0x000000e0   Code   RO         4082    i.mpu_lp_accel_mode  inv_mpu.o
    0x08006730   0x08006730   0x000000c0   Code   RO         4085    i.mpu_read_fifo_stream  inv_mpu.o
    0x080067f0   0x080067f0   0x00000080   Code   RO         4086    i.mpu_read_mem      inv_mpu.o
    0x08006870   0x08006870   0x000001cc   Code   RO         4089    i.mpu_reset_fifo    inv_mpu.o
    0x08006a3c   0x08006a3c   0x0000011c   Code   RO         4090    i.mpu_run_self_test  inv_mpu.o
    0x08006b58   0x08006b58   0x00000084   Code   RO         4092    i.mpu_set_accel_fsr  inv_mpu.o
    0x08006bdc   0x08006bdc   0x00000150   Code   RO         4093    i.mpu_set_bypass    inv_mpu.o
    0x08006d2c   0x08006d2c   0x00000090   Code   RO         4095    i.mpu_set_dmp_state  inv_mpu.o
    0x08006dbc   0x08006dbc   0x00000088   Code   RO         4096    i.mpu_set_gyro_fsr  inv_mpu.o
    0x08006e44   0x08006e44   0x0000006c   Code   RO         4097    i.mpu_set_int_latched  inv_mpu.o
    0x08006eb0   0x08006eb0   0x00000084   Code   RO         4099    i.mpu_set_lpf       inv_mpu.o
    0x08006f34   0x08006f34   0x0000009c   Code   RO         4100    i.mpu_set_sample_rate  inv_mpu.o
    0x08006fd0   0x08006fd0   0x000000d0   Code   RO         4101    i.mpu_set_sensors   inv_mpu.o
    0x080070a0   0x080070a0   0x00000080   Code   RO         4102    i.mpu_write_mem     inv_mpu.o
    0x08007120   0x08007120   0x0000007c   Code   RO         3438    i.pidtest           main.o
    0x0800719c   0x0800719c   0x0000000a   Code   RO         3764    i.reset_Uk          bsp_pid.o
    0x080071a6   0x080071a6   0x00000094   Code   RO         4103    i.run_self_test     inv_mpu.o
    0x0800723a   0x0800723a   0x00000002   PAD
    0x0800723c   0x0800723c   0x00000090   Code   RO         4104    i.set_int_enable    inv_mpu.o
    0x080072cc   0x080072cc   0x0000009a   Code   RO         3621    i.speed_CAPTIM_init  bsp_speedtest.o
    0x08007366   0x08007366   0x00000002   PAD
    0x08007368   0x08007368   0x00000044   Code   RO         3622    i.speed_CLKTIM_init  bsp_speedtest.o
    0x080073ac   0x080073ac   0x00000024   Code   RO         3623    i.speed_GPIO_Config  bsp_speedtest.o
    0x080073d0   0x080073d0   0x00000018   Code   RO         3624    i.speedtest_init    bsp_speedtest.o
    0x080073e8   0x080073e8   0x0000004c   Code   RO         5009    i.sqrt              m_ws.l(sqrt.o)
    0x08007434   0x08007434   0x00000030   Code   RO         3439    i.stop              main.o
    0x08007464   0x08007464   0x00000030   Code   RO         3442    i.turn_left         main.o
    0x08007494   0x08007494   0x00000110   Code   RO         3443    i.turn_left_90      main.o
    0x080075a4   0x080075a4   0x00000030   Code   RO         3444    i.turn_right        main.o
    0x080075d4   0x080075d4   0x00000114   Code   RO         3445    i.turn_right_90     main.o
    0x080076e8   0x080076e8   0x0000002c   Code   RO         5165    locale$$code        c_w.l(lc_numeric_c.o)
    0x08007714   0x08007714   0x0000002c   Code   RO         5230    locale$$code        c_w.l(lc_ctype_c.o)
    0x08007740   0x08007740   0x00000062   Code   RO         4727    x$fpl$d2f           fz_ws.l(d2f.o)
    0x080077a2   0x080077a2   0x00000002   PAD
    0x080077a4   0x080077a4   0x00000150   Code   RO         4729    x$fpl$dadd          fz_ws.l(daddsub_clz.o)
    0x080078f4   0x080078f4   0x00000010   Code   RO         5093    x$fpl$dcheck1       fz_ws.l(dcheck1.o)
    0x08007904   0x08007904   0x000002b0   Code   RO         4736    x$fpl$ddiv          fz_ws.l(ddiv.o)
    0x08007bb4   0x08007bb4   0x00000026   Code   RO         4739    x$fpl$dfltu         fz_ws.l(dflt_clz.o)
    0x08007bda   0x08007bda   0x00000002   PAD
    0x08007bdc   0x08007bdc   0x00000154   Code   RO         4745    x$fpl$dmul          fz_ws.l(dmul.o)
    0x08007d30   0x08007d30   0x0000009c   Code   RO         4958    x$fpl$dnaninf       fz_ws.l(dnaninf.o)
    0x08007dcc   0x08007dcc   0x0000000c   Code   RO         4960    x$fpl$dretinf       fz_ws.l(dretinf.o)
    0x08007dd8   0x08007dd8   0x00000016   Code   RO         4730    x$fpl$drsb          fz_ws.l(daddsub_clz.o)
    0x08007dee   0x08007dee   0x00000002   PAD
    0x08007df0   0x08007df0   0x000001cc   Code   RO         5097    x$fpl$dsqrt         fz_ws.l(dsqrt_noumaal.o)
    0x08007fbc   0x08007fbc   0x000001d4   Code   RO         4731    x$fpl$dsub          fz_ws.l(daddsub_clz.o)
    0x08008190   0x08008190   0x00000056   Code   RO         4747    x$fpl$f2d           fz_ws.l(f2d.o)
    0x080081e6   0x080081e6   0x00000002   PAD
    0x080081e8   0x080081e8   0x000000c4   Code   RO         4749    x$fpl$fadd          fz_ws.l(faddsub_clz.o)
    0x080082ac   0x080082ac   0x00000018   Code   RO         4962    x$fpl$fcmpinf       fz_ws.l(fcmpi.o)
    0x080082c4   0x080082c4   0x00000184   Code   RO         4756    x$fpl$fdiv          fz_ws.l(fdiv.o)
    0x08008448   0x08008448   0x00000068   Code   RO         4759    x$fpl$feqf          fz_ws.l(feqf.o)
    0x080084b0   0x080084b0   0x00000036   Code   RO         4761    x$fpl$ffix          fz_ws.l(ffix.o)
    0x080084e6   0x080084e6   0x00000002   PAD
    0x080084e8   0x080084e8   0x0000003e   Code   RO         4765    x$fpl$ffixu         fz_ws.l(ffixu.o)
    0x08008526   0x08008526   0x00000002   PAD
    0x08008528   0x08008528   0x00000030   Code   RO         4770    x$fpl$fflt          fz_ws.l(fflt_clz.o)
    0x08008558   0x08008558   0x00000026   Code   RO         4769    x$fpl$ffltu         fz_ws.l(fflt_clz.o)
    0x0800857e   0x0800857e   0x00000002   PAD
    0x08008580   0x08008580   0x00000068   Code   RO         4775    x$fpl$fleqf         fz_ws.l(fleqf.o)
    0x080085e8   0x080085e8   0x00000102   Code   RO         4777    x$fpl$fmul          fz_ws.l(fmul.o)
    0x080086ea   0x080086ea   0x0000008c   Code   RO         4964    x$fpl$fnaninf       fz_ws.l(fnaninf.o)
    0x08008776   0x08008776   0x0000000a   Code   RO         4966    x$fpl$fretinf       fz_ws.l(fretinf.o)
    0x08008780   0x08008780   0x00000062   Code   RO         4779    x$fpl$frleqf        fz_ws.l(frleqf.o)
    0x080087e2   0x080087e2   0x00000002   PAD
    0x080087e4   0x080087e4   0x000000ea   Code   RO         4751    x$fpl$fsub          fz_ws.l(faddsub_clz.o)
    0x080088ce   0x080088ce   0x00000004   Code   RO         4968    x$fpl$printf1       fz_ws.l(printf1.o)
    0x080088d2   0x080088d2   0x00000004   Code   RO         4970    x$fpl$printf2       fz_ws.l(printf2.o)
    0x080088d6   0x080088d6   0x00000064   Code   RO         5209    x$fpl$retnan        fz_ws.l(retnan.o)
    0x0800893a   0x0800893a   0x0000005c   Code   RO         4976    x$fpl$scalbn        fz_ws.l(scalbn.o)
    0x08008996   0x08008996   0x00000030   Code   RO         5246    x$fpl$trapveneer    fz_ws.l(trapv.o)
    0x080089c6   0x080089c6   0x00000000   Code   RO         4978    x$fpl$usenofp       fz_ws.l(usenofp.o)
    0x080089c6   0x080089c6   0x00000002   PAD
    0x080089c8   0x080089c8   0x00000050   Data   RO         4106    .constdata          inv_mpu.o
    0x08008a18   0x08008a18   0x00000bf6   Data   RO         4411    .constdata          inv_mpu_dmp_motion_driver.o
    0x0800960e   0x0800960e   0x00000011   Data   RO         4711    .constdata          c_w.l(__printf_flags_ss_wp.o)
    0x0800961f   0x0800961f   0x00000001   PAD
    0x08009620   0x08009620   0x00000050   Data   RO         4783    .constdata          m_ws.l(asin.o)
    0x08009670   0x08009670   0x00000008   Data   RO         4848    .constdata          c_w.l(_printf_wctomb.o)
    0x08009678   0x08009678   0x00000028   Data   RO         4877    .constdata          c_w.l(_printf_hex_int_ll_ptr.o)
    0x080096a0   0x080096a0   0x00000098   Data   RO         4981    .constdata          m_ws.l(atan.o)
    0x08009738   0x08009738   0x00000008   Data   RO         5007    .constdata          m_ws.l(qnan.o)
    0x08009740   0x08009740   0x00000026   Data   RO         5058    .constdata          c_w.l(_printf_fp_hex.o)
    0x08009766   0x08009766   0x00000002   PAD
    0x08009768   0x08009768   0x00000094   Data   RO         5127    .constdata          c_w.l(bigflt0.o)
    0x080097fc   0x080097fc   0x0000004d   Data   RO         4107    .conststring        inv_mpu.o
    0x08009849   0x08009849   0x00000003   PAD
    0x0800984c   0x0800984c   0x00000020   Data   RO         5288    Region$$Table       anon$$obj.o
    0x0800986c   0x0800986c   0x0000001c   Data   RO         5164    locale$$data        c_w.l(lc_numeric_c.o)
    0x08009888   0x08009888   0x00000110   Data   RO         5229    locale$$data        c_w.l(lc_ctype_c.o)


    Execution Region RW_IRAM1 (Exec base: 0x20000000, Load base: 0x08009998, Size: 0x00005750, Max: 0x00010000, ABSOLUTE)

    Exec Addr    Load Addr    Size         Type   Attr      Idx    E Section Name        Object

    0x20000000   0x08009998   0x00000014   Data   RW         1742    .data               stm32f10x_rcc.o
    0x20000014   0x080099ac   0x00000014   Data   RW         3147    .data               system_stm32f10x.o
    0x20000028   0x080099c0   0x0000000d   Data   RW         3238    .data               stm32f10x_it.o
    0x20000035   0x080099cd   0x00000003   PAD
    0x20000038   0x080099d0   0x0000003c   Data   RW         3446    .data               main.o
    0x20000074   0x08009a0c   0x00000008   Data   RW         3564    .data               bsp_motor.o
    0x2000007c   0x08009a14   0x00000004   Data   RW         3589    .data               bsp_systick.o
    0x20000080   0x08009a18   0x00000008   Data   RW         3808    .data               bsp_bluetooth.o
    0x20000088   0x08009a20   0x00000035   Data   RW         4108    .data               inv_mpu.o
    0x200000bd   0x08009a55   0x00000003   PAD
    0x200000c0   0x08009a58   0x0000002c   Data   RW         4571    .data               path_plan.o
    0x200000ec        -       0x00000058   Zero   RW         3765    .bss                bsp_pid.o
    0x20000144   0x08009a84   0x00000004   PAD
    0x20000148        -       0x00000200   Zero   RW         3807    .bss                bsp_bluetooth.o
    0x20000348        -       0x00000010   Zero   RW         4410    .bss                inv_mpu_dmp_motion_driver.o
    0x20000358        -       0x00001194   Zero   RW         4570    .bss                path_plan.o
    0x200014ec        -       0x00000060   Zero   RW         5019    .bss                c_w.l(libspace.o)
    0x2000154c   0x08009a84   0x00000004   PAD
    0x20001550        -       0x00000200   Zero   RW            2    HEAP                startup_stm32f10x_hd.o
    0x20001750        -       0x00004000   Zero   RW            1    STACK               startup_stm32f10x_hd.o


==============================================================================

Image component sizes


      Code (inc. data)   RO Data    RW Data    ZI Data      Debug   Object Name

       500         82          0          8        512       4204   bsp_bluetooth.o
       282          8          0          0          0       2443   bsp_hcsr.o
       710         36          0          0          0       6583   bsp_i2c.o
       236         22          0          8          0       1481   bsp_motor.o
       370         24          0          0         88       3949   bsp_pid.o
       364         10          0          0          0       3197   bsp_speedtest.o
       188         28          0          4          0      17209   bsp_systick.o
      6900        298        157         53          0      34235   inv_mpu.o
      3096        122       3062          0         16      19906   inv_mpu_dmp_motion_driver.o
      3322        580          0         60          0       8425   main.o
       132         22          0          0          0     219599   misc.o
       460          0          0          0          0       4598   mpu6050.o
       152          0          0         44       4500       3881   path_plan.o
        64         26        304          0      16896        840   startup_stm32f10x_hd.o
       200         18          0          0          0       4324   stm32f10x_exti.o
       368          4          0          0          0      12630   stm32f10x_gpio.o
       544        102          0         13          0     250183   stm32f10x_it.o
       276         32          0         20          0      13206   stm32f10x_rcc.o
      1466        180          0          0          0      34763   stm32f10x_tim.o
       408          6          0          0          0      11038   stm32f10x_usart.o
       328         28          0         20          0      32609   system_stm32f10x.o

    ----------------------------------------------------------------------
     20392       1628       3558        236      22016     689303   Object Totals
         0          0         32          0          0          0   (incl. Generated)
        26          0          3          6          4          0   (incl. Padding)

    ----------------------------------------------------------------------

      Code (inc. data)   RO Data    RW Data    ZI Data      Debug   Library Member Name

         8          0          0          0          0         68   __main.o
       392          4         17          0          0         92   __printf_flags_ss_wp.o
        14          0          0          0          0         68   __printf_wp.o
         0          0          0          0          0          0   __rtentry.o
        12          0          0          0          0          0   __rtentry2.o
         6          0          0          0          0          0   __rtentry4.o
        52          8          0          0          0          0   __scatter.o
        26          0          0          0          0          0   __scatter_copy.o
        28          0          0          0          0          0   __scatter_zi.o
         6          0          0          0          0          0   _printf_a.o
         6          0          0          0          0          0   _printf_c.o
        44          0          0          0          0        108   _printf_char.o
        48          6          0          0          0         96   _printf_char_common.o
        40          0          0          0          0         68   _printf_charcount.o
         6          0          0          0          0          0   _printf_d.o
       120         16          0          0          0         92   _printf_dec.o
         6          0          0          0          0          0   _printf_e.o
         6          0          0          0          0          0   _printf_f.o
      1054          0          0          0          0        216   _printf_fp_dec.o
       764          8         38          0          0        100   _printf_fp_hex.o
       128         16          0          0          0         84   _printf_fp_infnan.o
         6          0          0          0          0          0   _printf_g.o
       148          4         40          0          0        160   _printf_hex_int_ll_ptr.o
         6          0          0          0          0          0   _printf_i.o
       178          0          0          0          0         88   _printf_intcommon.o
        10          0          0          0          0          0   _printf_l.o
         6          0          0          0          0          0   _printf_lc.o
        10          0          0          0          0          0   _printf_ll.o
         6          0          0          0          0          0   _printf_lld.o
         6          0          0          0          0          0   _printf_lli.o
         6          0          0          0          0          0   _printf_llo.o
         6          0          0          0          0          0   _printf_llu.o
         6          0          0          0          0          0   _printf_llx.o
       124         16          0          0          0         92   _printf_longlong_dec.o
         6          0          0          0          0          0   _printf_ls.o
         6          0          0          0          0          0   _printf_n.o
         6          0          0          0          0          0   _printf_o.o
       112         10          0          0          0        124   _printf_oct_int_ll.o
         6          0          0          0          0          0   _printf_p.o
        78          0          0          0          0        108   _printf_pad.o
         0          0          0          0          0          0   _printf_percent.o
         4          0          0          0          0          0   _printf_percent_end.o
         6          0          0          0          0          0   _printf_s.o
        82          0          0          0          0         80   _printf_str.o
        36          0          0          0          0         84   _printf_truncate.o
         6          0          0          0          0          0   _printf_u.o
        44          0          0          0          0        108   _printf_wchar.o
       188          6          8          0          0         92   _printf_wctomb.o
         6          0          0          0          0          0   _printf_x.o
        22          0          0          0          0        100   _rserrno.o
        10          0          0          0          0         68   _sputc.o
        64          0          0          0          0         92   _wcrtomb.o
        16          0          0          0          0         68   aeabi_memset.o
       228          4        148          0          0         96   bigflt0.o
      1936        128          0          0          0        672   btod.o
        10          0          0          0          0         68   defsig_exit.o
        50          0          0          0          0         88   defsig_general.o
        80         58          0          0          0         76   defsig_rtmem_inner.o
        14          0          0          0          0         80   defsig_rtmem_outer.o
        18          0          0          0          0         80   exit.o
        94          0          0          0          0         80   h1_alloc.o
        52          0          0          0          0         68   h1_extend.o
        78          0          0          0          0         80   h1_free.o
        14          0          0          0          0         84   h1_init.o
         6          0          0          0          0        152   heapauxi.o
         4          0          0          0          0        136   hguard.o
         0          0          0          0          0          0   indicate_semi.o
       138          0          0          0          0        168   init_alloc.o
        44         10        272          0          0         76   lc_ctype_c.o
        44         10         28          0          0         76   lc_numeric_c.o
         2          0          0          0          0          0   libinit.o
        38          0          0          0          0          0   libinit2.o
         2          0          0          0          0          0   libshutdown.o
         2          0          0          0          0          0   libshutdown2.o
         8          4          0          0         96         68   libspace.o
        72          0          0          0          0         76   llsdiv.o
       138          0          0          0          0         80   lludiv10.o
       238          0          0          0          0        100   lludivv7m.o
         0          0          0          0          0          0   maybetermalloc1.o
        88          0          0          0          0         76   memcmp.o
        16          4          0          0          0         76   rt_ctype_table.o
         8          4          0          0          0         68   rt_errno_addr_intlibspace.o
         8          4          0          0          0         68   rt_heap_descriptor_intlibspace.o
         8          4          0          0          0         68   rt_locale_intlibspace.o
        68          0          0          0          0         68   rt_memclr.o
        78          0          0          0          0         80   rt_memclr_w.o
         2          0          0          0          0          0   rtexit.o
        10          0          0          0          0          0   rtexit2.o
       128          0          0          0          0         68   strcmpv7m.o
        62          0          0          0          0         76   strlen.o
        36          0          0          0          0         80   strstr.o
        12          4          0          0          0         68   sys_exit.o
        74          0          0          0          0         80   sys_stackheap_outer.o
        14          0          0          0          0         76   sys_wrch.o
         2          0          0          0          0         68   use_no_semi.o
        36          4          0          0          0         76   vsprintf.o
        98          4          0          0          0         92   d2f.o
       826         16          0          0          0        348   daddsub_clz.o
        16          4          0          0          0         68   dcheck1.o
       688        140          0          0          0        208   ddiv.o
        38          0          0          0          0         68   dflt_clz.o
       340         12          0          0          0        104   dmul.o
       156          4          0          0          0         92   dnaninf.o
        12          0          0          0          0         68   dretinf.o
       460         56          0          0          0        120   dsqrt_noumaal.o
        86          4          0          0          0         84   f2d.o
       430          8          0          0          0        168   faddsub_clz.o
        24          0          0          0          0         68   fcmpi.o
       388         76          0          0          0         96   fdiv.o
       104          4          0          0          0         84   feqf.o
        54          4          0          0          0         84   ffix.o
        62          4          0          0          0         84   ffixu.o
        86          0          0          0          0        136   fflt_clz.o
       104          4          0          0          0         84   fleqf.o
       258          4          0          0          0         84   fmul.o
       140          4          0          0          0         84   fnaninf.o
        10          0          0          0          0         68   fretinf.o
        98          0          0          0          0         68   frleqf.o
         4          0          0          0          0         68   printf1.o
         4          0          0          0          0         68   printf2.o
       100          0          0          0          0         68   retnan.o
        92          0          0          0          0         68   scalbn.o
        48          0          0          0          0         68   trapv.o
         0          0          0          0          0          0   usenofp.o
       624         52         80          0          0        168   asin.o
       544         70        152          0          0        124   atan.o
       384         38          0          0          0        144   atan2.o
        38          6          0          0          0        272   dunder.o
        40          0          0          0          0         68   fpclassify.o
       170          0          0          0          0         96   poly.o
         0          0          8          0          0          0   qnan.o
        76          0          0          0          0         84   sqrt.o

    ----------------------------------------------------------------------
     14576        846        794          0        100       9412   Library Totals
        32          0          3          0          4          0   (incl. Padding)

    ----------------------------------------------------------------------

      Code (inc. data)   RO Data    RW Data    ZI Data      Debug   Library Name

      7942        332        551          0         96       5756   c_w.l
      4726        348          0          0          0       2700   fz_ws.l
      1876        166        240          0          0        956   m_ws.l

    ----------------------------------------------------------------------
     14576        846        794          0        100       9412   Library Totals

    ----------------------------------------------------------------------

==============================================================================


      Code (inc. data)   RO Data    RW Data    ZI Data      Debug   

     34968       2474       4352        236      22116     684671   Grand Totals
     34968       2474       4352        236      22116     684671   ELF Image Totals
     34968       2474       4352        236          0          0   ROM Totals

==============================================================================

    Total RO  Size (Code + RO Data)                39320 (  38.40kB)
    Total RW  Size (RW Data + ZI Data)             22352 (  21.83kB)
    Total ROM Size (Code + RO Data + RW Data)      39556 (  38.63kB)

==============================================================================

