Component: ARM Compiler 5.06 update 6 (build 750) Tool: armlink [4d35ed]

==============================================================================

Section Cross References

    startup_stm32f10x_hd.o(STACK) refers (Special) to heapauxi.o(.text) for __use_two_region_memory
    startup_stm32f10x_hd.o(HEAP) refers (Special) to heapauxi.o(.text) for __use_two_region_memory
    startup_stm32f10x_hd.o(RESET) refers (Special) to heapauxi.o(.text) for __use_two_region_memory
    startup_stm32f10x_hd.o(RESET) refers to startup_stm32f10x_hd.o(STACK) for __initial_sp
    startup_stm32f10x_hd.o(RESET) refers to startup_stm32f10x_hd.o(.text) for Reset_Handler
    startup_stm32f10x_hd.o(RESET) refers to stm32f10x_it.o(i.NMI_Handler) for NMI_Handler
    startup_stm32f10x_hd.o(RESET) refers to stm32f10x_it.o(i.HardFault_Handler) for HardFault_Handler
    startup_stm32f10x_hd.o(RESET) refers to stm32f10x_it.o(i.MemManage_Handler) for MemManage_Handler
    startup_stm32f10x_hd.o(RESET) refers to stm32f10x_it.o(i.BusFault_Handler) for BusFault_Handler
    startup_stm32f10x_hd.o(RESET) refers to stm32f10x_it.o(i.UsageFault_Handler) for UsageFault_Handler
    startup_stm32f10x_hd.o(RESET) refers to stm32f10x_it.o(i.SVC_Handler) for SVC_Handler
    startup_stm32f10x_hd.o(RESET) refers to stm32f10x_it.o(i.DebugMon_Handler) for DebugMon_Handler
    startup_stm32f10x_hd.o(RESET) refers to stm32f10x_it.o(i.PendSV_Handler) for PendSV_Handler
    startup_stm32f10x_hd.o(RESET) refers to stm32f10x_it.o(i.SysTick_Handler) for SysTick_Handler
    startup_stm32f10x_hd.o(RESET) refers to stm32f10x_it.o(i.EXTI9_5_IRQHandler) for EXTI9_5_IRQHandler
    startup_stm32f10x_hd.o(RESET) refers to stm32f10x_it.o(i.TIM2_IRQHandler) for TIM2_IRQHandler
    startup_stm32f10x_hd.o(RESET) refers to stm32f10x_it.o(i.USART3_IRQHandler) for USART3_IRQHandler
    startup_stm32f10x_hd.o(RESET) refers to stm32f10x_it.o(i.TIM6_IRQHandler) for TIM6_IRQHandler
    startup_stm32f10x_hd.o(.text) refers (Special) to heapauxi.o(.text) for __use_two_region_memory
    startup_stm32f10x_hd.o(.text) refers to system_stm32f10x.o(i.SystemInit) for SystemInit
    startup_stm32f10x_hd.o(.text) refers to __main.o(!!!main) for __main
    startup_stm32f10x_hd.o(.text) refers to startup_stm32f10x_hd.o(HEAP) for Heap_Mem
    startup_stm32f10x_hd.o(.text) refers to startup_stm32f10x_hd.o(STACK) for Stack_Mem
    stm32f10x_adc.o(i.ADC_DeInit) refers to stm32f10x_rcc.o(i.RCC_APB2PeriphResetCmd) for RCC_APB2PeriphResetCmd
    stm32f10x_bkp.o(i.BKP_DeInit) refers to stm32f10x_rcc.o(i.RCC_BackupResetCmd) for RCC_BackupResetCmd
    stm32f10x_can.o(i.CAN_DeInit) refers to stm32f10x_rcc.o(i.RCC_APB1PeriphResetCmd) for RCC_APB1PeriphResetCmd
    stm32f10x_can.o(i.CAN_GetITStatus) refers to stm32f10x_can.o(i.CheckITStatus) for CheckITStatus
    stm32f10x_cec.o(i.CEC_DeInit) refers to stm32f10x_rcc.o(i.RCC_APB1PeriphResetCmd) for RCC_APB1PeriphResetCmd
    stm32f10x_dac.o(i.DAC_DeInit) refers to stm32f10x_rcc.o(i.RCC_APB1PeriphResetCmd) for RCC_APB1PeriphResetCmd
    stm32f10x_flash.o(i.FLASH_EnableWriteProtection) refers to stm32f10x_flash.o(i.FLASH_WaitForLastOperation) for FLASH_WaitForLastOperation
    stm32f10x_flash.o(i.FLASH_EraseAllBank1Pages) refers to stm32f10x_flash.o(i.FLASH_WaitForLastBank1Operation) for FLASH_WaitForLastBank1Operation
    stm32f10x_flash.o(i.FLASH_EraseAllPages) refers to stm32f10x_flash.o(i.FLASH_WaitForLastOperation) for FLASH_WaitForLastOperation
    stm32f10x_flash.o(i.FLASH_EraseOptionBytes) refers to stm32f10x_flash.o(i.FLASH_GetReadOutProtectionStatus) for FLASH_GetReadOutProtectionStatus
    stm32f10x_flash.o(i.FLASH_EraseOptionBytes) refers to stm32f10x_flash.o(i.FLASH_WaitForLastOperation) for FLASH_WaitForLastOperation
    stm32f10x_flash.o(i.FLASH_ErasePage) refers to stm32f10x_flash.o(i.FLASH_WaitForLastOperation) for FLASH_WaitForLastOperation
    stm32f10x_flash.o(i.FLASH_ProgramHalfWord) refers to stm32f10x_flash.o(i.FLASH_WaitForLastOperation) for FLASH_WaitForLastOperation
    stm32f10x_flash.o(i.FLASH_ProgramOptionByteData) refers to stm32f10x_flash.o(i.FLASH_WaitForLastOperation) for FLASH_WaitForLastOperation
    stm32f10x_flash.o(i.FLASH_ProgramWord) refers to stm32f10x_flash.o(i.FLASH_WaitForLastOperation) for FLASH_WaitForLastOperation
    stm32f10x_flash.o(i.FLASH_ReadOutProtection) refers to stm32f10x_flash.o(i.FLASH_WaitForLastOperation) for FLASH_WaitForLastOperation
    stm32f10x_flash.o(i.FLASH_UserOptionByteConfig) refers to stm32f10x_flash.o(i.FLASH_WaitForLastOperation) for FLASH_WaitForLastOperation
    stm32f10x_flash.o(i.FLASH_WaitForLastBank1Operation) refers to stm32f10x_flash.o(i.FLASH_GetBank1Status) for FLASH_GetBank1Status
    stm32f10x_flash.o(i.FLASH_WaitForLastOperation) refers to stm32f10x_flash.o(i.FLASH_GetBank1Status) for FLASH_GetBank1Status
    stm32f10x_gpio.o(i.GPIO_AFIODeInit) refers to stm32f10x_rcc.o(i.RCC_APB2PeriphResetCmd) for RCC_APB2PeriphResetCmd
[...]
    .text                                    0x08001284   Section        0  bigflt0.o(.text)
    .text                                    0x08001368   Section        0  exit.o(.text)
    .text                                    0x0800137c   Section      128  strcmpv7m.o(.text)
    .text                                    0x080013fc   Section        0  sys_exit.o(.text)
    .text                                    0x08001408   Section        2  use_no_semi.o(.text)
    .text                                    0x0800140a   Section        0  indicate_semi.o(.text)
    CL$$btod_d2e                             0x0800140a   Section       62  btod.o(CL$$btod_d2e)
    CL$$btod_d2e_denorm_low                  0x08001448   Section       70  btod.o(CL$$btod_d2e_denorm_low)
    CL$$btod_d2e_norm_op1                    0x0800148e   Section       96  btod.o(CL$$btod_d2e_norm_op1)
    CL$$btod_div_common                      0x080014ee   Section      824  btod.o(CL$$btod_div_common)
    CL$$btod_e2e                             0x08001826   Section      220  btod.o(CL$$btod_e2e)
    CL$$btod_ediv                            0x08001902   Section       42  btod.o(CL$$btod_ediv)
    CL$$btod_emul                            0x0800192c   Section       42  btod.o(CL$$btod_emul)
    CL$$btod_mult_common                     0x08001956   Section      580  btod.o(CL$$btod_mult_common)
    i.BASIC_TIM_NVIC_Config                  0x08001b9a   Section        0  bsp_speedtest.o(i.BASIC_TIM_NVIC_Config)
    BASIC_TIM_NVIC_Config                    0x08001b9b   Thumb Code    42  bsp_speedtest.o(i.BASIC_TIM_NVIC_Config)
    i.Bluetooth_CMD                          0x08001bc4   Section        0  bsp_bluetooth.o(i.Bluetooth_CMD)
    i.BusFault_Handler                       0x08001c38   Section        0  stm32f10x_it.o(i.BusFault_Handler)
    i.DebugMon_Handler                       0x08001c3c   Section        0  stm32f10x_it.o(i.DebugMon_Handler)
    i.Delay_us                               0x08001c40   Section        0  bsp_systick.o(i.Delay_us)
    i.EXTI9_5_IRQHandler                     0x08001c68   Section        0  stm32f10x_it.o(i.EXTI9_5_IRQHandler)
    i.EXTI_ClearITPendingBit                 0x08001d08   Section        0  stm32f10x_exti.o(i.EXTI_ClearITPendingBit)
    i.EXTI_GetITStatus                       0x08001d14   Section        0  stm32f10x_exti.o(i.EXTI_GetITStatus)
    i.EXTI_Init                              0x08001d3c   Section        0  stm32f10x_exti.o(i.EXTI_Init)
    i.GENERAL_TIM_NVIC_Config                0x08001dd0   Section        0  bsp_speedtest.o(i.GENERAL_TIM_NVIC_Config)
    GENERAL_TIM_NVIC_Config                  0x08001dd1   Thumb Code    40  bsp_speedtest.o(i.GENERAL_TIM_NVIC_Config)
    i.GPIO_EXTILineConfig                    0x08001df8   Section        0  stm32f10x_gpio.o(i.GPIO_EXTILineConfig)
    i.GPIO_Init                              0x08001e38   Section        0  stm32f10x_gpio.o(i.GPIO_Init)
    i.GPIO_ReadInputDataBit                  0x08001f4e   Section        0  stm32f10x_gpio.o(i.GPIO_ReadInputDataBit)
    i.GPIO_ResetBits                         0x08001f60   Section        0  stm32f10x_gpio.o(i.GPIO_ResetBits)
    i.GPIO_SetBits                           0x08001f64   Section        0  stm32f10x_gpio.o(i.GPIO_SetBits)
    i.HCsr_EXTI_Close                        0x08001f68   Section        0  bsp_hcsr.o(i.HCsr_EXTI_Close)
    i.HCsr_EXTI_Open                         0x08001f9c   Section        0  bsp_hcsr.o(i.HCsr_EXTI_Open)
    i.HCsr_GPIO_Config                       0x08001fd0   Section        0  bsp_hcsr.o(i.HCsr_GPIO_Config)
    i.HardFault_Handler                      0x0800201c   Section        0  stm32f10x_it.o(i.HardFault_Handler)
    i.Hcsr_TIMx_Count_Config                 0x08002020   Section        0  bsp_hcsr.o(i.Hcsr_TIMx_Count_Config)
    i.MemManage_Handler                      0x08002052   Section        0  stm32f10x_it.o(i.MemManage_Handler)
    i.NMI_Handler                            0x08002056   Section        0  stm32f10x_it.o(i.NMI_Handler)
    i.NVIC_Configuration                     0x08002058   Section        0  bsp_bluetooth.o(i.NVIC_Configuration)
    NVIC_Configuration                       0x08002059   Thumb Code    40  bsp_bluetooth.o(i.NVIC_Configuration)
    i.NVIC_Configuration                     0x08002080   Section        0  bsp_hcsr.o(i.NVIC_Configuration)
    NVIC_Configuration                       0x08002081   Thumb Code    50  bsp_hcsr.o(i.NVIC_Configuration)
    i.NVIC_Init                              0x080020b4   Section        0  misc.o(i.NVIC_Init)
    i.NVIC_PriorityGroupConfig               0x08002124   Section        0  misc.o(i.NVIC_PriorityGroupConfig)
    i.PID_Init                               0x08002138   Section        0  bsp_pid.o(i.PID_Init)
    i.PID_common                             0x0800219c   Section        0  bsp_pid.o(i.PID_common)
    i.PendSV_Handler                         0x080021ec   Section        0  stm32f10x_it.o(i.PendSV_Handler)
    i.Pid_Ctrl                               0x080021f0   Section        0  bsp_pid.o(i.Pid_Ctrl)
    i.Pid_Which                              0x08002254   Section        0  bsp_pid.o(i.Pid_Which)
    i.RCC_APB1PeriphClockCmd                 0x080022a4   Section        0  stm32f10x_rcc.o(i.RCC_APB1PeriphClockCmd)
    i.RCC_APB2PeriphClockCmd                 0x080022c4   Section        0  stm32f10x_rcc.o(i.RCC_APB2PeriphClockCmd)
    i.RCC_GetClocksFreq                      0x080022e4   Section        0  stm32f10x_rcc.o(i.RCC_GetClocksFreq)
    i.SVC_Handler                            0x080023b8   Section        0  stm32f10x_it.o(i.SVC_Handler)
    i.SetSysClock                            0x080023ba   Section        0  system_stm32f10x.o(i.SetSysClock)
    SetSysClock                              0x080023bb   Thumb Code     8  system_stm32f10x.o(i.SetSysClock)
    i.SetSysClockTo72                        0x080023c4   Section        0  system_stm32f10x.o(i.SetSysClockTo72)
    SetSysClockTo72                          0x080023c5   Thumb Code   214  system_stm32f10x.o(i.SetSysClockTo72)
    i.Status_Compare                         0x080024a4   Section        0  main.o(i.Status_Compare)
    i.SysTick_Handler                        0x080024c4   Section        0  stm32f10x_it.o(i.SysTick_Handler)
    i.SysTick_Init                           0x080024cc   Section        0  bsp_systick.o(i.SysTick_Init)
    i.SystemInit                             0x08002548   Section        0  system_stm32f10x.o(i.SystemInit)
    i.TI1_Config                             0x080025a8   Section        0  stm32f10x_tim.o(i.TI1_Config)
    TI1_Config                               0x080025a9   Thumb Code   108  stm32f10x_tim.o(i.TI1_Config)
    i.TI2_Config                             0x08002628   Section        0  stm32f10x_tim.o(i.TI2_Config)
    TI2_Config                               0x08002629   Thumb Code   130  stm32f10x_tim.o(i.TI2_Config)
    i.TI3_Config                             0x080026c0   Section        0  stm32f10x_tim.o(i.TI3_Config)
    TI3_Config                               0x080026c1   Thumb Code   122  stm32f10x_tim.o(i.TI3_Config)
    i.TI4_Config                             0x08002750   Section        0  stm32f10x_tim.o(i.TI4_Config)
    TI4_Config                               0x08002751   Thumb Code   130  stm32f10x_tim.o(i.TI4_Config)
    i.TIM2_IRQHandler                        0x080027e8   Section        0  stm32f10x_it.o(i.TIM2_IRQHandler)
    i.TIM6_IRQHandler                        0x08002840   Section        0  stm32f10x_it.o(i.TIM6_IRQHandler)
    i.TIM_ClearFlag                          0x08002914   Section        0  stm32f10x_tim.o(i.TIM_ClearFlag)
    i.TIM_ClearITPendingBit                  0x0800291a   Section        0  stm32f10x_tim.o(i.TIM_ClearITPendingBit)
    i.TIM_Cmd                                0x08002920   Section        0  stm32f10x_tim.o(i.TIM_Cmd)
    i.TIM_GetCounter                         0x08002938   Section        0  stm32f10x_tim.o(i.TIM_GetCounter)
    i.TIM_GetITStatus                        0x0800293e   Section        0  stm32f10x_tim.o(i.TIM_GetITStatus)
    i.TIM_ICInit                             0x08002960   Section        0  stm32f10x_tim.o(i.TIM_ICInit)
    i.TIM_ITConfig                           0x08002a0c   Section        0  stm32f10x_tim.o(i.TIM_ITConfig)
    i.TIM_OC1Init                            0x08002a20   Section        0  stm32f10x_tim.o(i.TIM_OC1Init)
    i.TIM_OC1PreloadConfig                   0x08002ab8   Section        0  stm32f10x_tim.o(i.TIM_OC1PreloadConfig)
    i.TIM_OC2Init                            0x08002acc   Section        0  stm32f10x_tim.o(i.TIM_OC2Init)
    i.TIM_OC2PreloadConfig                   0x08002b70   Section        0  stm32f10x_tim.o(i.TIM_OC2PreloadConfig)
    i.TIM_SetCompare1                        0x08002b8a   Section        0  stm32f10x_tim.o(i.TIM_SetCompare1)
    i.TIM_SetCompare2                        0x08002b8e   Section        0  stm32f10x_tim.o(i.TIM_SetCompare2)
    i.TIM_SetCounter                         0x08002b92   Section        0  stm32f10x_tim.o(i.TIM_SetCounter)
    i.TIM_SetIC1Prescaler                    0x08002b96   Section        0  stm32f10x_tim.o(i.TIM_SetIC1Prescaler)
    i.TIM_SetIC2Prescaler                    0x08002ba8   Section        0  stm32f10x_tim.o(i.TIM_SetIC2Prescaler)
    i.TIM_SetIC3Prescaler                    0x08002bc2   Section        0  stm32f10x_tim.o(i.TIM_SetIC3Prescaler)
    i.TIM_SetIC4Prescaler                    0x08002bd4   Section        0  stm32f10x_tim.o(i.TIM_SetIC4Prescaler)
    i.TIM_TimeBaseInit                       0x08002bf0   Section        0  stm32f10x_tim.o(i.TIM_TimeBaseInit)
    i.TimingDelay_Decrement                  0x08002c94   Section        0  bsp_systick.o(i.TimingDelay_Decrement)
    i.USART3_IRQHandler                      0x08002cac   Section        0  stm32f10x_it.o(i.USART3_IRQHandler)
    i.USART3_printf                          0x08002d08   Section        0  bsp_bluetooth.o(i.USART3_printf)
    i.USART_Cmd                              0x08002d64   Section        0  stm32f10x_usart.o(i.USART_Cmd)
    i.USART_Config                           0x08002d7c   Section        0  bsp_bluetooth.o(i.USART_Config)
    i.USART_GetITStatus                      0x08002e18   Section        0  stm32f10x_usart.o(i.USART_GetITStatus)
    i.USART_ITConfig                         0x08002e6c   Section        0  stm32f10x_usart.o(i.USART_ITConfig)
    i.USART_Init                             0x08002eb8   Section        0  stm32f10x_usart.o(i.USART_Init)
    i.USART_ReceiveData                      0x08002f90   Section        0  stm32f10x_usart.o(i.USART_ReceiveData)
    i.UsageFault_Handler                     0x08002f9a   Section        0  stm32f10x_it.o(i.UsageFault_Handler)
    i.__ARM_fpclassify                       0x08002f9e   Section        0  fpclassify.o(i.__ARM_fpclassify)
    i._is_digit                              0x08002fc6   Section        0  __printf_wp.o(i._is_digit)
    i.distancetest                           0x08002fd4   Section        0  main.o(i.distancetest)
    i.main                                   0x08003018   Section        0  main.o(i.main)
    i.motor1_init                            0x08003180   Section        0  bsp_motor.o(i.motor1_init)
    i.motor_gpio_config                      0x08003240   Section        0  bsp_motor.o(i.motor_gpio_config)
    i.move                                   0x0800326c   Section        0  main.o(i.move)
    i.reset_Uk                               0x0800329c   Section        0  bsp_pid.o(i.reset_Uk)
    i.speed_CAPTIM_init                      0x080032a6   Section        0  bsp_speedtest.o(i.speed_CAPTIM_init)
    i.speed_CLKTIM_init                      0x08003340   Section        0  bsp_speedtest.o(i.speed_CLKTIM_init)
    i.speed_GPIO_Config                      0x08003384   Section        0  bsp_speedtest.o(i.speed_GPIO_Config)
    i.speedtest_init                         0x080033a8   Section        0  bsp_speedtest.o(i.speedtest_init)
    i.stop                                   0x080033c0   Section        0  main.o(i.stop)
    locale$$code                             0x080033f0   Section       44  lc_numeric_c.o(locale$$code)
    locale$$code                             0x0800341c   Section       44  lc_ctype_c.o(locale$$code)
    x$fpl$d2f                                0x08003448   Section       98  d2f.o(x$fpl$d2f)
    x$fpl$dfltu                              0x080034aa   Section       38  dflt_clz.o(x$fpl$dfltu)
    x$fpl$dmul                               0x080034d0   Section      340  dmul.o(x$fpl$dmul)
    x$fpl$dnaninf                            0x08003624   Section      156  dnaninf.o(x$fpl$dnaninf)
    x$fpl$dretinf                            0x080036c0   Section       12  dretinf.o(x$fpl$dretinf)
    x$fpl$f2d                                0x080036cc   Section       86  f2d.o(x$fpl$f2d)
    x$fpl$fcmpinf                            0x08003722   Section       24  fcmpi.o(x$fpl$fcmpinf)
    x$fpl$fleqf                              0x0800373c   Section      104  fleqf.o(x$fpl$fleqf)
    x$fpl$fnaninf                            0x080037a4   Section      140  fnaninf.o(x$fpl$fnaninf)
    x$fpl$fretinf                            0x08003830   Section       10  fretinf.o(x$fpl$fretinf)
    x$fpl$printf1                            0x0800383a   Section        4  printf1.o(x$fpl$printf1)
    x$fpl$printf2                            0x0800383e   Section        4  printf2.o(x$fpl$printf2)
    x$fpl$usenofp                            0x08003842   Section        0  usenofp.o(x$fpl$usenofp)
    .constdata                               0x08003844   Section        8  _printf_wctomb.o(.constdata)
    initial_mbstate                          0x08003844   Data           8  _printf_wctomb.o(.constdata)
    .constdata                               0x0800384c   Section       40  _printf_hex_int_ll_ptr.o(.constdata)
    uc_hextab                                0x0800384c   Data          20  _printf_hex_int_ll_ptr.o(.constdata)
    lc_hextab                                0x08003860   Data          20  _printf_hex_int_ll_ptr.o(.constdata)
    .constdata                               0x08003874   Section       17  __printf_flags_ss_wp.o(.constdata)
    maptable                                 0x08003874   Data          17  __printf_flags_ss_wp.o(.constdata)
    .constdata                               0x08003885   Section       38  _printf_fp_hex.o(.constdata)
    lc_hextab                                0x08003885   Data          19  _printf_fp_hex.o(.constdata)
    uc_hextab                                0x08003898   Data          19  _printf_fp_hex.o(.constdata)
    .constdata                               0x080038ac   Section      148  bigflt0.o(.constdata)
    tenpwrs_x                                0x080038ac   Data          60  bigflt0.o(.constdata)
    tenpwrs_i                                0x080038e8   Data          64  bigflt0.o(.constdata)
    locale$$data                             0x08003960   Section       28  lc_numeric_c.o(locale$$data)
    __lcnum_c_name                           0x08003964   Data           2  lc_numeric_c.o(locale$$data)
    __lcnum_c_start                          0x0800396c   Data           0  lc_numeric_c.o(locale$$data)
    __lcnum_c_point                          0x08003978   Data           0  lc_numeric_c.o(locale$$data)
    __lcnum_c_thousands                      0x0800397a   Data           0  lc_numeric_c.o(locale$$data)
    __lcnum_c_grouping                       0x0800397b   Data           0  lc_numeric_c.o(locale$$data)
    locale$$data                             0x0800397c   Section      272  lc_ctype_c.o(locale$$data)
    __lcnum_c_end                            0x0800397c   Data           0  lc_numeric_c.o(locale$$data)
    __lcctype_c_name                         0x08003980   Data           2  lc_ctype_c.o(locale$$data)
    __lcctype_c_start                        0x08003988   Data           0  lc_ctype_c.o(locale$$data)
    __lcctype_c_end                          0x08003a8c   Data           0  lc_ctype_c.o(locale$$data)
    .data                                    0x20000000   Section       20  stm32f10x_rcc.o(.data)
    APBAHBPrescTable                         0x20000000   Data          16  stm32f10x_rcc.o(.data)
    ADCPrescTable                            0x20000010   Data           4  stm32f10x_rcc.o(.data)
    .data                                    0x20000014   Section       20  system_stm32f10x.o(.data)
    .data                                    0x20000028   Section        9  stm32f10x_it.o(.data)
    .data                                    0x20000034   Section       36  main.o(.data)
    .data                                    0x20000058   Section        8  bsp_motor.o(.data)
    .data                                    0x20000060   Section        4  bsp_systick.o(.data)
    TimingDelay                              0x20000060   Data           4  bsp_systick.o(.data)
    .data                                    0x20000064   Section        8  bsp_bluetooth.o(.data)
    .bss                                     0x2000006c   Section       88  bsp_pid.o(.bss)
    .bss                                     0x200000c8   Section      512  bsp_bluetooth.o(.bss)
    .bss                                     0x200002c8   Section       96  libspace.o(.bss)
    HEAP                                     0x20000328   Section      512  startup_stm32f10x_hd.o(HEAP)
    Heap_Mem                                 0x20000328   Data         512  startup_stm32f10x_hd.o(HEAP)
    STACK                                    0x20000528   Section     1024  startup_stm32f10x_hd.o(STACK)
    Stack_Mem                                0x20000528   Data        1024  startup_stm32f10x_hd.o(STACK)
    __initial_sp                             0x20000928   Data           0  startup_stm32f10x_hd.o(STACK)

    Global Symbols

    Symbol Name                              Value     Ov Type        Size  Object(Section)

    BuildAttributes$$THM_ISAv4$P$D$K$B$S$PE$A:L22UL41UL21$X:L11$S22US41US21$IEEE1$IW$USESV6$~STKCKD$USESV7$~SHL$OTIME$ROPI$IEEEX$EBA8$UX$STANDARDLIB$REQ8$PRES8$EABIv2 0x00000000   Number         0  anon$$obj.o ABSOLUTE
    __ARM_use_no_argv                        0x00000000   Number         0  main.o ABSOLUTE
    _printf_flags                            0x00000000   Number         0  printf_stubs.o ABSOLUTE
    _printf_return_value                     0x00000000   Number         0  printf_stubs.o ABSOLUTE
    _printf_sizespec                         0x00000000   Number         0  printf_stubs.o ABSOLUTE
    _printf_widthprec                        0x00000000   Number         0  printf_stubs.o ABSOLUTE
    __ARM_exceptions_init                     - Undefined Weak Reference
    __alloca_initialize                       - Undefined Weak Reference
    __arm_preinit_                            - Undefined Weak Reference
    __cpp_initialize__aeabi_                  - Undefined Weak Reference
    __cxa_finalize                            - Undefined Weak Reference
    __sigvec_lookup                           - Undefined Weak Reference
    _atexit_init                              - Undefined Weak Reference
    _call_atexit_fns                          - Undefined Weak Reference
    _clock_init                               - Undefined Weak Reference
    _fp_trap_init                             - Undefined Weak Reference
    _fp_trap_shutdown                         - Undefined Weak Reference
    _get_lc_collate                           - Undefined Weak Reference
    _get_lc_monetary                          - Undefined Weak Reference
    _get_lc_time                              - Undefined Weak Reference
    _getenv_init                              - Undefined Weak Reference
    _handle_redirection                       - Undefined Weak Reference
    _init_alloc                               - Undefined Weak Reference
    _init_user_alloc                          - Undefined Weak Reference
    _initio                                   - Undefined Weak Reference
    _printf_mbtowc                            - Undefined Weak Reference
    _printf_wc                                - Undefined Weak Reference
    _rand_init                                - Undefined Weak Reference
    _signal_finish                            - Undefined Weak Reference
    _signal_init                              - Undefined Weak Reference
    _terminate_alloc                          - Undefined Weak Reference
    _terminate_user_alloc                     - Undefined Weak Reference
    _terminateio                              - Undefined Weak Reference
    __Vectors_Size                           0x00000130   Number         0  startup_stm32f10x_hd.o ABSOLUTE
    __Vectors                                0x08000000   Data           4  startup_stm32f10x_hd.o(RESET)
    __Vectors_End                            0x08000130   Data           0  startup_stm32f10x_hd.o(RESET)
    __main                                   0x08000131   Thumb Code     8  __main.o(!!!main)
    __scatterload                            0x08000139   Thumb Code     0  __scatter.o(!!!scatter)
    __scatterload_rt2                        0x08000139   Thumb Code    44  __scatter.o(!!!scatter)
    __scatterload_rt2_thumb_only             0x08000139   Thumb Code     0  __scatter.o(!!!scatter)
    __scatterload_null                       0x08000147   Thumb Code     0  __scatter.o(!!!scatter)
    __scatterload_copy                       0x0800016d   Thumb Code    26  __scatter_copy.o(!!handler_copy)
    __scatterload_zeroinit                   0x08000189   Thumb Code    28  __scatter_zi.o(!!handler_zi)
    _printf_n                                0x080001a5   Thumb Code     0  _printf_n.o(.ARM.Collect$$_printf_percent$$00000001)
    _printf_percent                          0x080001a5   Thumb Code     0  _printf_percent.o(.ARM.Collect$$_printf_percent$$00000000)
    _printf_p                                0x080001ab   Thumb Code     0  _printf_p.o(.ARM.Collect$$_printf_percent$$00000002)
    _printf_f                                0x080001b1   Thumb Code     0  _printf_f.o(.ARM.Collect$$_printf_percent$$00000003)
    _printf_e                                0x080001b7   Thumb Code     0  _printf_e.o(.ARM.Collect$$_printf_percent$$00000004)
    _printf_g                                0x080001bd   Thumb Code     0  _printf_g.o(.ARM.Collect$$_printf_percent$$00000005)
    _printf_a                                0x080001c3   Thumb Code     0  _printf_a.o(.ARM.Collect$$_printf_percent$$00000006)
    _printf_ll                               0x080001c9   Thumb Code     0  _printf_ll.o(.ARM.Collect$$_printf_percent$$00000007)
    _printf_i                                0x080001d3   Thumb Code     0  _printf_i.o(.ARM.Collect$$_printf_percent$$00000008)
    _printf_d                                0x080001d9   Thumb Code     0  _printf_d.o(.ARM.Collect$$_printf_percent$$00000009)
    _printf_u                                0x080001df   Thumb Code     0  _printf_u.o(.ARM.Collect$$_printf_percent$$0000000A)
    _printf_o                                0x080001e5   Thumb Code     0  _printf_o.o(.ARM.Collect$$_printf_percent$$0000000B)
    _printf_x                                0x080001eb   Thumb Code     0  _printf_x.o(.ARM.Collect$$_printf_percent$$0000000C)
    _printf_lli                              0x080001f1   Thumb Code     0  _printf_lli.o(.ARM.Collect$$_printf_percent$$0000000D)
    _printf_lld                              0x080001f7   Thumb Code     0  _printf_lld.o(.ARM.Collect$$_printf_percent$$0000000E)
    _printf_llu                              0x080001fd   Thumb Code     0  _printf_llu.o(.ARM.Collect$$_printf_percent$$0000000F)
    _printf_llo                              0x08000203   Thumb Code     0  _printf_llo.o(.ARM.Collect$$_printf_percent$$00000010)
    _printf_llx                              0x08000209   Thumb Code     0  _printf_llx.o(.ARM.Collect$$_printf_percent$$00000011)
    _printf_l                                0x0800020f   Thumb Code     0  _printf_l.o(.ARM.Collect$$_printf_percent$$00000012)
    _printf_c                                0x08000219   Thumb Code     0  _printf_c.o(.ARM.Collect$$_printf_percent$$00000013)
    _printf_s                                0x0800021f   Thumb Code     0  _printf_s.o(.ARM.Collect$$_printf_percent$$00000014)
    _printf_lc                               0x08000225   Thumb Code     0  _printf_lc.o(.ARM.Collect$$_printf_percent$$00000015)
    _printf_ls                               0x0800022b   Thumb Code     0  _printf_ls.o(.ARM.Collect$$_printf_percent$$00000016)
    _printf_percent_end                      0x08000231   Thumb Code     0  _printf_percent_end.o(.ARM.Collect$$_printf_percent$$00000017)
    __rt_lib_init                            0x08000235   Thumb Code     0  libinit.o(.ARM.Collect$$libinit$$00000000)
    __rt_lib_init_fp_1                       0x08000237   Thumb Code     0  libinit2.o(.ARM.Collect$$libinit$$00000002)
    __rt_lib_init_heap_1                     0x08000237   Thumb Code     0  libinit2.o(.ARM.Collect$$libinit$$0000000A)
    __rt_lib_init_lc_common                  0x08000237   Thumb Code     0  libinit2.o(.ARM.Collect$$libinit$$0000000F)
    __rt_lib_init_preinit_1                  0x08000237   Thumb Code     0  libinit2.o(.ARM.Collect$$libinit$$00000004)
    __rt_lib_init_rand_1                     0x08000237   Thumb Code     0  libinit2.o(.ARM.Collect$$libinit$$0000000E)
    __rt_lib_init_user_alloc_1               0x08000237   Thumb Code     0  libinit2.o(.ARM.Collect$$libinit$$0000000C)
    __rt_lib_init_lc_collate_1               0x0800023d   Thumb Code     0  libinit2.o(.ARM.Collect$$libinit$$00000011)
    __rt_lib_init_lc_ctype_2                 0x0800023d   Thumb Code     0  libinit2.o(.ARM.Collect$$libinit$$00000012)
    __rt_lib_init_lc_ctype_1                 0x08000249   Thumb Code     0  libinit2.o(.ARM.Collect$$libinit$$00000013)
    __rt_lib_init_lc_monetary_1              0x08000249   Thumb Code     0  libinit2.o(.ARM.Collect$$libinit$$00000015)
    __rt_lib_init_lc_numeric_2               0x08000249   Thumb Code     0  libinit2.o(.ARM.Collect$$libinit$$00000016)
    __rt_lib_init_alloca_1                   0x08000253   Thumb Code     0  libinit2.o(.ARM.Collect$$libinit$$0000002E)
    __rt_lib_init_argv_1                     0x08000253   Thumb Code     0  libinit2.o(.ARM.Collect$$libinit$$0000002C)
    __rt_lib_init_atexit_1                   0x08000253   Thumb Code     0  libinit2.o(.ARM.Collect$$libinit$$0000001B)
    __rt_lib_init_clock_1                    0x08000253   Thumb Code     0  libinit2.o(.ARM.Collect$$libinit$$00000021)
    __rt_lib_init_cpp_1                      0x08000253   Thumb Code     0  libinit2.o(.ARM.Collect$$libinit$$00000032)
    __rt_lib_init_exceptions_1               0x08000253   Thumb Code     0  libinit2.o(.ARM.Collect$$libinit$$00000030)
    __rt_lib_init_fp_trap_1                  0x08000253   Thumb Code     0  libinit2.o(.ARM.Collect$$libinit$$0000001F)
    __rt_lib_init_getenv_1                   0x08000253   Thumb Code     0  libinit2.o(.ARM.Collect$$libinit$$00000023)
    __rt_lib_init_lc_numeric_1               0x08000253   Thumb Code     0  libinit2.o(.ARM.Collect$$libinit$$00000017)
    __rt_lib_init_lc_time_1                  0x08000253   Thumb Code     0  libinit2.o(.ARM.Collect$$libinit$$00000019)
    __rt_lib_init_return                     0x08000253   Thumb Code     0  libinit2.o(.ARM.Collect$$libinit$$00000033)
    __rt_lib_init_signal_1                   0x08000253   Thumb Code     0  libinit2.o(.ARM.Collect$$libinit$$0000001D)
    __rt_lib_init_stdio_1                    0x08000253   Thumb Code     0  libinit2.o(.ARM.Collect$$libinit$$00000025)
    __rt_lib_shutdown                        0x08000255   Thumb Code     0  libshutdown.o(.ARM.Collect$$libshutdown$$00000000)
    __rt_lib_shutdown_cpp_1                  0x08000257   Thumb Code     0  libshutdown2.o(.ARM.Collect$$libshutdown$$00000002)
    __rt_lib_shutdown_fp_trap_1              0x08000257   Thumb Code     0  libshutdown2.o(.ARM.Collect$$libshutdown$$00000007)
    __rt_lib_shutdown_heap_1                 0x08000257   Thumb Code     0  libshutdown2.o(.ARM.Collect$$libshutdown$$0000000F)
    __rt_lib_shutdown_return                 0x08000257   Thumb Code     0  libshutdown2.o(.ARM.Collect$$libshutdown$$00000010)
    __rt_lib_shutdown_signal_1               0x08000257   Thumb Code     0  libshutdown2.o(.ARM.Collect$$libshutdown$$0000000A)
    __rt_lib_shutdown_stdio_1                0x08000257   Thumb Code     0  libshutdown2.o(.ARM.Collect$$libshutdown$$00000004)
    __rt_lib_shutdown_user_alloc_1           0x08000257   Thumb Code     0  libshutdown2.o(.ARM.Collect$$libshutdown$$0000000C)
    __rt_entry                               0x08000259   Thumb Code     0  __rtentry.o(.ARM.Collect$$rtentry$$00000000)
    __rt_entry_presh_1                       0x08000259   Thumb Code     0  __rtentry2.o(.ARM.Collect$$rtentry$$00000002)
    __rt_entry_sh                            0x08000259   Thumb Code     0  __rtentry4.o(.ARM.Collect$$rtentry$$00000004)
    __rt_entry_li                            0x0800025f   Thumb Code     0  __rtentry2.o(.ARM.Collect$$rtentry$$0000000A)
    __rt_entry_postsh_1                      0x0800025f   Thumb Code     0  __rtentry2.o(.ARM.Collect$$rtentry$$00000009)
    __rt_entry_main                          0x08000263   Thumb Code     0  __rtentry2.o(.ARM.Collect$$rtentry$$0000000D)
    __rt_entry_postli_1                      0x08000263   Thumb Code     0  __rtentry2.o(.ARM.Collect$$rtentry$$0000000C)
    __rt_exit                                0x0800026b   Thumb Code     0  rtexit.o(.ARM.Collect$$rtexit$$00000000)
    __rt_exit_ls                             0x0800026d   Thumb Code     0  rtexit2.o(.ARM.Collect$$rtexit$$00000003)
    __rt_exit_prels_1                        0x0800026d   Thumb Code     0  rtexit2.o(.ARM.Collect$$rtexit$$00000002)
    __rt_exit_exit                           0x08000271   Thumb Code     0  rtexit2.o(.ARM.Collect$$rtexit$$00000004)
    Reset_Handler                            0x08000279   Thumb Code     8  startup_stm32f10x_hd.o(.text)
    ADC1_2_IRQHandler                        0x08000293   Thumb Code     0  startup_stm32f10x_hd.o(.text)
    ADC3_IRQHandler                          0x08000293   Thumb Code     0  startup_stm32f10x_hd.o(.text)
    CAN1_RX1_IRQHandler                      0x08000293   Thumb Code     0  startup_stm32f10x_hd.o(.text)
    CAN1_SCE_IRQHandler                      0x08000293   Thumb Code     0  startup_stm32f10x_hd.o(.text)
    DMA1_Channel1_IRQHandler                 0x08000293   Thumb Code     0  startup_stm32f10x_hd.o(.text)
    DMA1_Channel2_IRQHandler                 0x08000293   Thumb Code     0  startup_stm32f10x_hd.o(.text)
    DMA1_Channel3_IRQHandler                 0x08000293   Thumb Code     0  startup_stm32f10x_hd.o(.text)
    DMA1_Channel4_IRQHandler                 0x08000293   Thumb Code     0  startup_stm32f10x_hd.o(.text)
    DMA1_Channel5_IRQHandler                 0x08000293   Thumb Code     0  startup_stm32f10x_hd.o(.text)
    DMA1_Channel6_IRQHandler                 0x08000293   Thumb Code     0  startup_stm32f10x_hd.o(.text)
    DMA1_Channel7_IRQHandler                 0x08000293   Thumb Code     0  startup_stm32f10x_hd.o(.text)
    DMA2_Channel1_IRQHandler                 0x08000293   Thumb Code     0  startup_stm32f10x_hd.o(.text)
    DMA2_Channel2_IRQHandler                 0x08000293   Thumb Code     0  startup_stm32f10x_hd.o(.text)
    DMA2_Channel3_IRQHandler                 0x08000293   Thumb Code     0  startup_stm32f10x_hd.o(.text)
    DMA2_Channel4_5_IRQHandler               0x08000293   Thumb Code     0  startup_stm32f10x_hd.o(.text)
    EXTI0_IRQHandler                         0x08000293   Thumb Code     0  startup_stm32f10x_hd.o(.text)
    EXTI15_10_IRQHandler                     0x08000293   Thumb Code     0  startup_stm32f10x_hd.o(.text)
    EXTI1_IRQHandler                         0x08000293   Thumb Code     0  startup_stm32f10x_hd.o(.text)
    EXTI2_IRQHandler                         0x08000293   Thumb Code     0  startup_stm32f10x_hd.o(.text)
    EXTI3_IRQHandler                         0x08000293   Thumb Code     0  startup_stm32f10x_hd.o(.text)
    EXTI4_IRQHandler                         0x08000293   Thumb Code     0  startup_stm32f10x_hd.o(.text)
    FLASH_IRQHandler                         0x08000293   Thumb Code     0  startup_stm32f10x_hd.o(.text)
    FSMC_IRQHandler                          0x08000293   Thumb Code     0  startup_stm32f10x_hd.o(.text)
    I2C1_ER_IRQHandler                       0x08000293   Thumb Code     0  startup_stm32f10x_hd.o(.text)
    I2C1_EV_IRQHandler                       0x08000293   Thumb Code     0  startup_stm32f10x_hd.o(.text)
    I2C2_ER_IRQHandler                       0x08000293   Thumb Code     0  startup_stm32f10x_hd.o(.text)
    I2C2_EV_IRQHandler                       0x08000293   Thumb Code     0  startup_stm32f10x_hd.o(.text)
    PVD_IRQHandler                           0x08000293   Thumb Code     0  startup_stm32f10x_hd.o(.text)
    RCC_IRQHandler                           0x08000293   Thumb Code     0  startup_stm32f10x_hd.o(.text)
    RTCAlarm_IRQHandler                      0x08000293   Thumb Code     0  startup_stm32f10x_hd.o(.text)
    RTC_IRQHandler                           0x08000293   Thumb Code     0  startup_stm32f10x_hd.o(.text)
    SDIO_IRQHandler                          0x08000293   Thumb Code     0  startup_stm32f10x_hd.o(.text)
    SPI1_IRQHandler                          0x08000293   Thumb Code     0  startup_stm32f10x_hd.o(.text)
    SPI2_IRQHandler                          0x08000293   Thumb Code     0  startup_stm32f10x_hd.o(.text)
    SPI3_IRQHandler                          0x08000293   Thumb Code     0  startup_stm32f10x_hd.o(.text)
    TAMPER_IRQHandler                        0x08000293   Thumb Code     0  startup_stm32f10x_hd.o(.text)
    TIM1_BRK_IRQHandler                      0x08000293   Thumb Code     0  startup_stm32f10x_hd.o(.text)
    TIM1_CC_IRQHandler                       0x08000293   Thumb Code     0  startup_stm32f10x_hd.o(.text)
    TIM1_TRG_COM_IRQHandler                  0x08000293   Thumb Code     0  startup_stm32f10x_hd.o(.text)
    TIM1_UP_IRQHandler                       0x08000293   Thumb Code     0  startup_stm32f10x_hd.o(.text)
    TIM3_IRQHandler                          0x08000293   Thumb Code     0  startup_stm32f10x_hd.o(.text)
    TIM4_IRQHandler                          0x08000293   Thumb Code     0  startup_stm32f10x_hd.o(.text)
    TIM5_IRQHandler                          0x08000293   Thumb Code     0  startup_stm32f10x_hd.o(.text)
    TIM7_IRQHandler                          0x08000293   Thumb Code     0  startup_stm32f10x_hd.o(.text)
    TIM8_BRK_IRQHandler                      0x08000293   Thumb Code     0  startup_stm32f10x_hd.o(.text)
    TIM8_CC_IRQHandler                       0x08000293   Thumb Code     0  startup_stm32f10x_hd.o(.text)
    TIM8_TRG_COM_IRQHandler                  0x08000293   Thumb Code     0  startup_stm32f10x_hd.o(.text)
    TIM8_UP_IRQHandler                       0x08000293   Thumb Code     0  startup_stm32f10x_hd.o(.text)
    UART4_IRQHandler                         0x08000293   Thumb Code     0  startup_stm32f10x_hd.o(.text)
    UART5_IRQHandler                         0x08000293   Thumb Code     0  startup_stm32f10x_hd.o(.text)
    USART1_IRQHandler                        0x08000293   Thumb Code     0  startup_stm32f10x_hd.o(.text)
    USART2_IRQHandler                        0x08000293   Thumb Code     0  startup_stm32f10x_hd.o(.text)
    USBWakeUp_IRQHandler                     0x08000293   Thumb Code     0  startup_stm32f10x_hd.o(.text)
    USB_HP_CAN1_TX_IRQHandler                0x08000293   Thumb Code     0  startup_stm32f10x_hd.o(.text)
    USB_LP_CAN1_RX0_IRQHandler               0x08000293   Thumb Code     0  startup_stm32f10x_hd.o(.text)
    WWDG_IRQHandler                          0x08000293   Thumb Code     0  startup_stm32f10x_hd.o(.text)
    __user_initial_stackheap                 0x08000295   Thumb Code     0  startup_stm32f10x_hd.o(.text)
    vsprintf                                 0x080002b9   Thumb Code    32  vsprintf.o(.text)
    strstr                                   0x080002dd   Thumb Code    36  strstr.o(.text)
    strlen                                   0x08000301   Thumb Code    62  strlen.o(.text)
    __use_two_region_memory                  0x0800033f   Thumb Code     2  heapauxi.o(.text)
    __rt_heap_escrow$2region                 0x08000341   Thumb Code     2  heapauxi.o(.text)
    __rt_heap_expand$2region                 0x08000343   Thumb Code     2  heapauxi.o(.text)
    _printf_pre_padding                      0x08000345   Thumb Code    44  _printf_pad.o(.text)
    _printf_post_padding                     0x08000371   Thumb Code    34  _printf_pad.o(.text)
    _printf_truncate_signed                  0x08000393   Thumb Code    18  _printf_truncate.o(.text)
    _printf_truncate_unsigned                0x080003a5   Thumb Code    18  _printf_truncate.o(.text)
    _printf_str                              0x080003b7   Thumb Code    82  _printf_str.o(.text)
    _printf_int_dec                          0x08000409   Thumb Code   104  _printf_dec.o(.text)
    _printf_charcount                        0x08000481   Thumb Code    40  _printf_charcount.o(.text)
    _printf_char_common                      0x080004b3   Thumb Code    32  _printf_char_common.o(.text)
    _sputc                                   0x080004d9   Thumb Code    10  _sputc.o(.text)
    _printf_wctomb                           0x080004e5   Thumb Code   182  _printf_wctomb.o(.text)
    _printf_longlong_dec                     0x080005a1   Thumb Code   108  _printf_longlong_dec.o(.text)
    _printf_longlong_oct                     0x0800061d   Thumb Code    66  _printf_oct_int_ll.o(.text)
    _printf_int_oct                          0x0800065f   Thumb Code    24  _printf_oct_int_ll.o(.text)
    _printf_ll_oct                           0x08000677   Thumb Code    12  _printf_oct_int_ll.o(.text)
    _printf_longlong_hex                     0x0800068d   Thumb Code    86  _printf_hex_int_ll_ptr.o(.text)
    _printf_int_hex                          0x080006e3   Thumb Code    28  _printf_hex_int_ll_ptr.o(.text)
    _printf_ll_hex                           0x080006ff   Thumb Code    12  _printf_hex_int_ll_ptr.o(.text)
    _printf_hex_ptr                          0x0800070b   Thumb Code    18  _printf_hex_int_ll_ptr.o(.text)
    __printf                                 0x08000721   Thumb Code   388  __printf_flags_ss_wp.o(.text)
    _ll_udiv10                               0x080008a9   Thumb Code   138  lludiv10.o(.text)
    _printf_int_common                       0x08000933   Thumb Code   178  _printf_intcommon.o(.text)
    __lib_sel_fp_printf                      0x080009e5   Thumb Code     2  _printf_fp_dec.o(.text)
    _printf_fp_dec_real                      0x08000b97   Thumb Code   620  _printf_fp_dec.o(.text)
    _printf_fp_hex_real                      0x08000e05   Thumb Code   756  _printf_fp_hex.o(.text)
    _printf_cs_common                        0x08001101   Thumb Code    20  _printf_char.o(.text)
    _printf_char                             0x08001115   Thumb Code    16  _printf_char.o(.text)
    _printf_string                           0x08001125   Thumb Code     8  _printf_char.o(.text)
    _printf_lcs_common                       0x0800112d   Thumb Code    20  _printf_wchar.o(.text)
    _printf_wchar                            0x08001141   Thumb Code    16  _printf_wchar.o(.text)
    _printf_wstring                          0x08001151   Thumb Code     8  _printf_wchar.o(.text)
    _wcrtomb                                 0x08001159   Thumb Code    64  _wcrtomb.o(.text)
    __user_libspace                          0x08001199   Thumb Code     8  libspace.o(.text)
    __user_perproc_libspace                  0x08001199   Thumb Code     0  libspace.o(.text)
    __user_perthread_libspace                0x08001199   Thumb Code     0  libspace.o(.text)
    __user_setup_stackheap                   0x080011a1   Thumb Code    74  sys_stackheap_outer.o(.text)
    __rt_ctype_table                         0x080011ed   Thumb Code    16  rt_ctype_table.o(.text)
    __rt_locale                              0x080011fd   Thumb Code     8  rt_locale_intlibspace.o(.text)
    _printf_fp_infnan                        0x08001205   Thumb Code   112  _printf_fp_infnan.o(.text)
    _btod_etento                             0x08001285   Thumb Code   224  bigflt0.o(.text)
    exit                                     0x08001369   Thumb Code    18  exit.o(.text)
    strcmp                                   0x0800137d   Thumb Code   128  strcmpv7m.o(.text)
    _sys_exit                                0x080013fd   Thumb Code     8  sys_exit.o(.text)
    __I$use$semihosting                      0x08001409   Thumb Code     0  use_no_semi.o(.text)
    __use_no_semihosting_swi                 0x08001409   Thumb Code     2  use_no_semi.o(.text)
    __semihosting_library_function           0x0800140b   Thumb Code     0  indicate_semi.o(.text)
    _btod_d2e                                0x0800140b   Thumb Code    62  btod.o(CL$$btod_d2e)
    _d2e_denorm_low                          0x08001449   Thumb Code    70  btod.o(CL$$btod_d2e_denorm_low)
    _d2e_norm_op1                            0x0800148f   Thumb Code    96  btod.o(CL$$btod_d2e_norm_op1)
    __btod_div_common                        0x080014ef   Thumb Code   696  btod.o(CL$$btod_div_common)
    _e2e                                     0x08001827   Thumb Code   220  btod.o(CL$$btod_e2e)
    _btod_ediv                               0x08001903   Thumb Code    42  btod.o(CL$$btod_ediv)
    _btod_emul                               0x0800192d   Thumb Code    42  btod.o(CL$$btod_emul)
    __btod_mult_common                       0x08001957   Thumb Code   580  btod.o(CL$$btod_mult_common)
    Bluetooth_CMD                            0x08001bc5   Thumb Code    82  bsp_bluetooth.o(i.Bluetooth_CMD)
    BusFault_Handler                         0x08001c39   Thumb Code     4  stm32f10x_it.o(i.BusFault_Handler)
    DebugMon_Handler                         0x08001c3d   Thumb Code     2  stm32f10x_it.o(i.DebugMon_Handler)
    Delay_us                                 0x08001c41   Thumb Code    36  bsp_systick.o(i.Delay_us)
    EXTI9_5_IRQHandler                       0x08001c69   Thumb Code   108  stm32f10x_it.o(i.EXTI9_5_IRQHandler)
    EXTI_ClearITPendingBit                   0x08001d09   Thumb Code     6  stm32f10x_exti.o(i.EXTI_ClearITPendingBit)
    EXTI_GetITStatus                         0x08001d15   Thumb Code    34  stm32f10x_exti.o(i.EXTI_GetITStatus)
    EXTI_Init                                0x08001d3d   Thumb Code   142  stm32f10x_exti.o(i.EXTI_Init)
    GPIO_EXTILineConfig                      0x08001df9   Thumb Code    60  stm32f10x_gpio.o(i.GPIO_EXTILineConfig)
    GPIO_Init                                0x08001e39   Thumb Code   278  stm32f10x_gpio.o(i.GPIO_Init)
    GPIO_ReadInputDataBit                    0x08001f4f   Thumb Code    18  stm32f10x_gpio.o(i.GPIO_ReadInputDataBit)
    GPIO_ResetBits                           0x08001f61   Thumb Code     4  stm32f10x_gpio.o(i.GPIO_ResetBits)
    GPIO_SetBits                             0x08001f65   Thumb Code     4  stm32f10x_gpio.o(i.GPIO_SetBits)
    HCsr_EXTI_Close                          0x08001f69   Thumb Code    52  bsp_hcsr.o(i.HCsr_EXTI_Close)
    HCsr_EXTI_Open                           0x08001f9d   Thumb Code    52  bsp_hcsr.o(i.HCsr_EXTI_Open)
    HCsr_GPIO_Config                         0x08001fd1   Thumb Code    72  bsp_hcsr.o(i.HCsr_GPIO_Config)
    HardFault_Handler                        0x0800201d   Thumb Code     4  stm32f10x_it.o(i.HardFault_Handler)
    Hcsr_TIMx_Count_Config                   0x08002021   Thumb Code    50  bsp_hcsr.o(i.Hcsr_TIMx_Count_Config)
    MemManage_Handler                        0x08002053   Thumb Code     4  stm32f10x_it.o(i.MemManage_Handler)
    NMI_Handler                              0x08002057   Thumb Code     2  stm32f10x_it.o(i.NMI_Handler)
    NVIC_Init                                0x080020b5   Thumb Code   100  misc.o(i.NVIC_Init)
    NVIC_PriorityGroupConfig                 0x08002125   Thumb Code    10  misc.o(i.NVIC_PriorityGroupConfig)
    PID_Init                                 0x08002139   Thumb Code    88  bsp_pid.o(i.PID_Init)
    PID_common                               0x0800219d   Thumb Code    80  bsp_pid.o(i.PID_common)
    PendSV_Handler                           0x080021ed   Thumb Code     2  stm32f10x_it.o(i.PendSV_Handler)
    Pid_Ctrl                                 0x080021f1   Thumb Code    88  bsp_pid.o(i.Pid_Ctrl)
    Pid_Which                                0x08002255   Thumb Code    80  bsp_pid.o(i.Pid_Which)
    RCC_APB1PeriphClockCmd                   0x080022a5   Thumb Code    26  stm32f10x_rcc.o(i.RCC_APB1PeriphClockCmd)
    RCC_APB2PeriphClockCmd                   0x080022c5   Thumb Code    26  stm32f10x_rcc.o(i.RCC_APB2PeriphClockCmd)
    RCC_GetClocksFreq                        0x080022e5   Thumb Code   192  stm32f10x_rcc.o(i.RCC_GetClocksFreq)
    SVC_Handler                              0x080023b9   Thumb Code     2  stm32f10x_it.o(i.SVC_Handler)
    Status_Compare                           0x080024a5   Thumb Code    28  main.o(i.Status_Compare)
    SysTick_Handler                          0x080024c5   Thumb Code     8  stm32f10x_it.o(i.SysTick_Handler)
    SysTick_Init                             0x080024cd   Thumb Code   106  bsp_systick.o(i.SysTick_Init)
    SystemInit                               0x08002549   Thumb Code    78  system_stm32f10x.o(i.SystemInit)
    TIM2_IRQHandler                          0x080027e9   Thumb Code    78  stm32f10x_it.o(i.TIM2_IRQHandler)
    TIM6_IRQHandler                          0x08002841   Thumb Code   132  stm32f10x_it.o(i.TIM6_IRQHandler)
    TIM_ClearFlag                            0x08002915   Thumb Code     6  stm32f10x_tim.o(i.TIM_ClearFlag)
    TIM_ClearITPendingBit                    0x0800291b   Thumb Code     6  stm32f10x_tim.o(i.TIM_ClearITPendingBit)
    TIM_Cmd                                  0x08002921   Thumb Code    24  stm32f10x_tim.o(i.TIM_Cmd)
    TIM_GetCounter                           0x08002939   Thumb Code     6  stm32f10x_tim.o(i.TIM_GetCounter)
    TIM_GetITStatus                          0x0800293f   Thumb Code    34  stm32f10x_tim.o(i.TIM_GetITStatus)
    TIM_ICInit                               0x08002961   Thumb Code   150  stm32f10x_tim.o(i.TIM_ICInit)
    TIM_ITConfig                             0x08002a0d   Thumb Code    18  stm32f10x_tim.o(i.TIM_ITConfig)
    TIM_OC1Init                              0x08002a21   Thumb Code   132  stm32f10x_tim.o(i.TIM_OC1Init)
    TIM_OC1PreloadConfig                     0x08002ab9   Thumb Code    18  stm32f10x_tim.o(i.TIM_OC1PreloadConfig)
    TIM_OC2Init                              0x08002acd   Thumb Code   154  stm32f10x_tim.o(i.TIM_OC2Init)
    TIM_OC2PreloadConfig                     0x08002b71   Thumb Code    26  stm32f10x_tim.o(i.TIM_OC2PreloadConfig)
    TIM_SetCompare1                          0x08002b8b   Thumb Code     4  stm32f10x_tim.o(i.TIM_SetCompare1)
    TIM_SetCompare2                          0x08002b8f   Thumb Code     4  stm32f10x_tim.o(i.TIM_SetCompare2)
    TIM_SetCounter                           0x08002b93   Thumb Code     4  stm32f10x_tim.o(i.TIM_SetCounter)
    TIM_SetIC1Prescaler                      0x08002b97   Thumb Code    18  stm32f10x_tim.o(i.TIM_SetIC1Prescaler)
    TIM_SetIC2Prescaler                      0x08002ba9   Thumb Code    26  stm32f10x_tim.o(i.TIM_SetIC2Prescaler)
    TIM_SetIC3Prescaler                      0x08002bc3   Thumb Code    18  stm32f10x_tim.o(i.TIM_SetIC3Prescaler)
    TIM_SetIC4Prescaler                      0x08002bd5   Thumb Code    26  stm32f10x_tim.o(i.TIM_SetIC4Prescaler)
    TIM_TimeBaseInit                         0x08002bf1   Thumb Code   122  stm32f10x_tim.o(i.TIM_TimeBaseInit)
    TimingDelay_Decrement                    0x08002c95   Thumb Code    18  bsp_systick.o(i.TimingDelay_Decrement)
    USART3_IRQHandler                        0x08002cad   Thumb Code    74  stm32f10x_it.o(i.USART3_IRQHandler)
    USART3_printf                            0x08002d09   Thumb Code    84  bsp_bluetooth.o(i.USART3_printf)
    USART_Cmd                                0x08002d65   Thumb Code    24  stm32f10x_usart.o(i.USART_Cmd)
    USART_Config                             0x08002d7d   Thumb Code   148  bsp_bluetooth.o(i.USART_Config)
    USART_GetITStatus                        0x08002e19   Thumb Code    84  stm32f10x_usart.o(i.USART_GetITStatus)
    USART_ITConfig                           0x08002e6d   Thumb Code    74  stm32f10x_usart.o(i.USART_ITConfig)
    USART_Init                               0x08002eb9   Thumb Code   210  stm32f10x_usart.o(i.USART_Init)
    USART_ReceiveData                        0x08002f91   Thumb Code    10  stm32f10x_usart.o(i.USART_ReceiveData)
    UsageFault_Handler                       0x08002f9b   Thumb Code     4  stm32f10x_it.o(i.UsageFault_Handler)
    __ARM_fpclassify                         0x08002f9f   Thumb Code    40  fpclassify.o(i.__ARM_fpclassify)
    _is_digit                                0x08002fc7   Thumb Code    14  __printf_wp.o(i._is_digit)
    distancetest                             0x08002fd5   Thumb Code    62  main.o(i.distancetest)
    main                                     0x08003019   Thumb Code   244  main.o(i.main)
    motor1_init                              0x08003181   Thumb Code   174  bsp_motor.o(i.motor1_init)
    motor_gpio_config                        0x08003241   Thumb Code    40  bsp_motor.o(i.motor_gpio_config)
    move                                     0x0800326d   Thumb Code    44  main.o(i.move)
    reset_Uk                                 0x0800329d   Thumb Code    10  bsp_pid.o(i.reset_Uk)
    speed_CAPTIM_init                        0x080032a7   Thumb Code   154  bsp_speedtest.o(i.speed_CAPTIM_init)
    speed_CLKTIM_init                        0x08003341   Thumb Code    62  bsp_speedtest.o(i.speed_CLKTIM_init)
    speed_GPIO_Config                        0x08003385   Thumb Code    32  bsp_speedtest.o(i.speed_GPIO_Config)
    speedtest_init                           0x080033a9   Thumb Code    24  bsp_speedtest.o(i.speedtest_init)
    stop                                     0x080033c1   Thumb Code    44  main.o(i.stop)
    _get_lc_numeric                          0x080033f1   Thumb Code    44  lc_numeric_c.o(locale$$code)
    _get_lc_ctype                            0x0800341d   Thumb Code    44  lc_ctype_c.o(locale$$code)
    __aeabi_d2f                              0x08003449   Thumb Code     0  d2f.o(x$fpl$d2f)
    _d2f                                     0x08003449   Thumb Code    98  d2f.o(x$fpl$d2f)
    __aeabi_ui2d                             0x080034ab   Thumb Code     0  dflt_clz.o(x$fpl$dfltu)
    _dfltu                                   0x080034ab   Thumb Code    38  dflt_clz.o(x$fpl$dfltu)
    __aeabi_dmul                             0x080034d1   Thumb Code     0  dmul.o(x$fpl$dmul)
    _dmul                                    0x080034d1   Thumb Code   332  dmul.o(x$fpl$dmul)
    __fpl_dnaninf                            0x08003625   Thumb Code   156  dnaninf.o(x$fpl$dnaninf)
    __fpl_dretinf                            0x080036c1   Thumb Code    12  dretinf.o(x$fpl$dretinf)
    __aeabi_f2d                              0x080036cd   Thumb Code     0  f2d.o(x$fpl$f2d)
    _f2d                                     0x080036cd   Thumb Code    86  f2d.o(x$fpl$f2d)
    __fpl_fcmp_Inf                           0x08003723   Thumb Code    24  fcmpi.o(x$fpl$fcmpinf)
    __aeabi_cfcmple                          0x0800373d   Thumb Code     0  fleqf.o(x$fpl$fleqf)
    _fcmple                                  0x0800373d   Thumb Code   104  fleqf.o(x$fpl$fleqf)
    __fpl_fcmple_InfNaN                      0x0800378f   Thumb Code     0  fleqf.o(x$fpl$fleqf)
    __fpl_fnaninf                            0x080037a5   Thumb Code   140  fnaninf.o(x$fpl$fnaninf)
    __fpl_fretinf                            0x08003831   Thumb Code    10  fretinf.o(x$fpl$fretinf)
    _printf_fp_dec                           0x0800383b   Thumb Code     4  printf1.o(x$fpl$printf1)
    _printf_fp_hex                           0x0800383f   Thumb Code     4  printf2.o(x$fpl$printf2)
    __I$use$fp                               0x08003842   Number         0  usenofp.o(x$fpl$usenofp)
    Region$$Table$$Base                      0x08003940   Number         0  anon$$obj.o(Region$$Table)
    Region$$Table$$Limit                     0x08003960   Number         0  anon$$obj.o(Region$$Table)
    __ctype                                  0x08003989   Data           0  lc_ctype_c.o(locale$$data)
    SystemCoreClock                          0x20000014   Data           4  system_stm32f10x.o(.data)
    AHBPrescTable                            0x20000018   Data          16  system_stm32f10x.o(.data)
    Time_count                               0x20000028   Data           4  stm32f10x_it.o(.data)
    speed                                    0x2000002c   Data           5  stm32f10x_it.o(.data)
    hcsr_time                                0x20000034   Data           2  main.o(.data)
    hcsr_distance                            0x20000038   Data           4  main.o(.data)
    distance_flag                            0x2000003c   Data           4  main.o(.data)
    PID_flag                                 0x20000040   Data           4  main.o(.data)
    CNT                                      0x20000044   Data           2  main.o(.data)
    CNT1                                     0x20000046   Data           2  main.o(.data)
    leftSpeedSet                             0x20000048   Data           4  main.o(.data)
    rightSpeedSet                            0x2000004c   Data           4  main.o(.data)
    leftSpeedNow                             0x20000050   Data           4  main.o(.data)
    rightSpeedNow                            0x20000054   Data           4  main.o(.data)
    motorLeft                                0x20000058   Data           4  bsp_motor.o(.data)
    motorRight                               0x2000005c   Data           4  bsp_motor.o(.data)
    Car_Status                               0x20000064   Data           1  bsp_bluetooth.o(.data)
    Usart3_RxCompleted                       0x20000065   Data           1  bsp_bluetooth.o(.data)
    Usart3_RxCounter                         0x20000068   Data           4  bsp_bluetooth.o(.data)
    pid_Task_Letf                            0x2000006c   Data          44  bsp_pid.o(.bss)
    pid_Task_Right                           0x20000098   Data          44  bsp_pid.o(.bss)
    Usart3_RxBuff                            0x200000c8   Data         256  bsp_bluetooth.o(.bss)
    Usart3_TxBuff                            0x200001c8   Data         256  bsp_bluetooth.o(.bss)
    __libspace_start                         0x200002c8   Data          96  libspace.o(.bss)
    __temporary_stack_top$libspace           0x20000328   Data           0  libspace.o(.bss)



==============================================================================

Memory Map of the image

  Image Entry point : 0x08000131

  Load Region LR_IROM1 (Base: 0x08000000, Size: 0x00003af8, Max: 0x00080000, ABSOLUTE)

    Execution Region ER_IROM1 (Exec base: 0x08000000, Load base: 0x08000000, Size: 0x00003a8c, Max: 0x00080000, ABSOLUTE)

    Exec Addr    Load Addr    Size         Type   Attr      Idx    E Section Name        Object

    0x08000000   0x08000000   0x00000130   Data   RO            3    RESET               startup_stm32f10x_hd.o
    0x08000130   0x08000130   0x00000008   Code   RO         4526  * !!!main             c_w.l(__main.o)
    0x08000138   0x08000138   0x00000034   Code   RO         5001    !!!scatter          c_w.l(__scatter.o)
    0x0800016c   0x0800016c   0x0000001a   Code   RO         5003    !!handler_copy      c_w.l(__scatter_copy.o)
    0x08000186   0x08000186   0x00000002   PAD
    0x08000188   0x08000188   0x0000001c   Code   RO         5005    !!handler_zi        c_w.l(__scatter_zi.o)
    0x080001a4   0x080001a4   0x00000000   Code   RO         4686    .ARM.Collect$$_printf_percent$$00000000  c_w.l(_printf_percent.o)
    0x080001a4   0x080001a4   0x00000006   Code   RO         4675    .ARM.Collect$$_printf_percent$$00000001  c_w.l(_printf_n.o)
    0x080001aa   0x080001aa   0x00000006   Code   RO         4677    .ARM.Collect$$_printf_percent$$00000002  c_w.l(_printf_p.o)
    0x080001b0   0x080001b0   0x00000006   Code   RO         4682    .ARM.Collect$$_printf_percent$$00000003  c_w.l(_printf_f.o)
    0x080001b6   0x080001b6   0x00000006   Code   RO         4683    .ARM.Collect$$_printf_percent$$00000004  c_w.l(_printf_e.o)
    0x080001bc   0x080001bc   0x00000006   Code   RO         4684    .ARM.Collect$$_printf_percent$$00000005  c_w.l(_printf_g.o)
    0x080001c2   0x080001c2   0x00000006   Code   RO         4685    .ARM.Collect$$_printf_percent$$00000006  c_w.l(_printf_a.o)
    0x080001c8   0x080001c8   0x0000000a   Code   RO         4690    .ARM.Collect$$_printf_percent$$00000007  c_w.l(_printf_ll.o)
    0x080001d2   0x080001d2   0x00000006   Code   RO         4679    .ARM.Collect$$_printf_percent$$00000008  c_w.l(_printf_i.o)
    0x080001d8   0x080001d8   0x00000006   Code   RO         4680    .ARM.Collect$$_printf_percent$$00000009  c_w.l(_printf_d.o)
    0x080001de   0x080001de   0x00000006   Code   RO         4681    .ARM.Collect$$_printf_percent$$0000000A  c_w.l(_printf_u.o)
    0x080001e4   0x080001e4   0x00000006   Code   RO         4678    .ARM.Collect$$_printf_percent$$0000000B  c_w.l(_printf_o.o)
    0x080001ea   0x080001ea   0x00000006   Code   RO         4676    .ARM.Collect$$_printf_percent$$0000000C  c_w.l(_printf_x.o)
    0x080001f0   0x080001f0   0x00000006   Code   RO         4687    .ARM.Collect$$_printf_percent$$0000000D  c_w.l(_printf_lli.o)
    0x080001f6   0x080001f6   0x00000006   Code   RO         4688    .ARM.Collect$$_printf_percent$$0000000E  c_w.l(_printf_lld.o)
    0x080001fc   0x080001fc   0x00000006   Code   RO         4689    .ARM.Collect$$_printf_percent$$0000000F  c_w.l(_printf_llu.o)
    0x08000202   0x08000202   0x00000006   Code   RO         4694    .ARM.Collect$$_printf_percent$$00000010  c_w.l(_printf_llo.o)
    0x08000208   0x08000208   0x00000006   Code   RO         4695    .ARM.Collect$$_printf_percent$$00000011  c_w.l(_printf_llx.o)
    0x0800020e   0x0800020e   0x0000000a   Code   RO         4691    .ARM.Collect$$_printf_percent$$00000012  c_w.l(_printf_l.o)
    0x08000218   0x08000218   0x00000006   Code   RO         4673    .ARM.Collect$$_printf_percent$$00000013  c_w.l(_printf_c.o)
    0x0800021e   0x0800021e   0x00000006   Code   RO         4674    .ARM.Collect$$_printf_percent$$00000014  c_w.l(_printf_s.o)
    0x08000224   0x08000224   0x00000006   Code   RO         4692    .ARM.Collect$$_printf_percent$$00000015  c_w.l(_printf_lc.o)
    0x0800022a   0x0800022a   0x00000006   Code   RO         4693    .ARM.Collect$$_printf_percent$$00000016  c_w.l(_printf_ls.o)
    0x08000230   0x08000230   0x00000004   Code   RO         4795    .ARM.Collect$$_printf_percent$$00000017  c_w.l(_printf_percent_end.o)
    0x08000234   0x08000234   0x00000002   Code   RO         4857    .ARM.Collect$$libinit$$00000000  c_w.l(libinit.o)
    0x08000236   0x08000236   0x00000000   Code   RO         4876    .ARM.Collect$$libinit$$00000002  c_w.l(libinit2.o)
    0x08000236   0x08000236   0x00000000   Code   RO         4878    .ARM.Collect$$libinit$$00000004  c_w.l(libinit2.o)
    0x08000236   0x08000236   0x00000000   Code   RO         4881    .ARM.Collect$$libinit$$0000000A  c_w.l(libinit2.o)
    0x08000236   0x08000236   0x00000000   Code   RO         4883    .ARM.Collect$$libinit$$0000000C  c_w.l(libinit2.o)
    0x08000236   0x08000236   0x00000000   Code   RO         4885    .ARM.Collect$$libinit$$0000000E  c_w.l(libinit2.o)
    0x08000236   0x08000236   0x00000006   Code   RO         4886    .ARM.Collect$$libinit$$0000000F  c_w.l(libinit2.o)
    0x0800023c   0x0800023c   0x00000000   Code   RO         4888    .ARM.Collect$$libinit$$00000011  c_w.l(libinit2.o)
    0x0800023c   0x0800023c   0x0000000c   Code   RO         4889    .ARM.Collect$$libinit$$00000012  c_w.l(libinit2.o)
    0x08000248   0x08000248   0x00000000   Code   RO         4890    .ARM.Collect$$libinit$$00000013  c_w.l(libinit2.o)
    0x08000248   0x08000248   0x00000000   Code   RO         4892    .ARM.Collect$$libinit$$00000015  c_w.l(libinit2.o)
    0x08000248   0x08000248   0x0000000a   Code   RO         4893    .ARM.Collect$$libinit$$00000016  c_w.l(libinit2.o)
    0x08000252   0x08000252   0x00000000   Code   RO         4894    .ARM.Collect$$libinit$$00000017  c_w.l(libinit2.o)
    0x08000252   0x08000252   0x00000000   Code   RO         4896    .ARM.Collect$$libinit$$00000019  c_w.l(libinit2.o)
    0x08000252   0x08000252   0x00000000   Code   RO         4898    .ARM.Collect$$libinit$$0000001B  c_w.l(libinit2.o)
    0x08000252   0x08000252   0x00000000   Code   RO         4900    .ARM.Collect$$libinit$$0000001D  c_w.l(libinit2.o)
    0x08000252   0x08000252   0x00000000   Code   RO         4902    .ARM.Collect$$libinit$$0000001F  c_w.l(libinit2.o)
    0x08000252   0x08000252   0x00000000   Code   RO         4904    .ARM.Collect$$libinit$$00000021  c_w.l(libinit2.o)
    0x08000252   0x08000252   0x00000000   Code   RO         4906    .ARM.Collect$$libinit$$00000023  c_w.l(libinit2.o)
    0x08000252   0x08000252   0x00000000   Code   RO         4908    .ARM.Collect$$libinit$$00000025  c_w.l(libinit2.o)
    0x08000252   0x08000252   0x00000000   Code   RO         4912    .ARM.Collect$$libinit$$0000002C  c_w.l(libinit2.o)
    0x08000252   0x08000252   0x00000000   Code   RO         4914    .ARM.Collect$$libinit$$0000002E  c_w.l(libinit2.o)
    0x08000252   0x08000252   0x00000000   Code   RO         4916    .ARM.Collect$$libinit$$00000030  c_w.l(libinit2.o)
    0x08000252   0x08000252   0x00000000   Code   RO         4918    .ARM.Collect$$libinit$$00000032  c_w.l(libinit2.o)
    0x08000252   0x08000252   0x00000002   Code   RO         4919    .ARM.Collect$$libinit$$00000033  c_w.l(libinit2.o)
    0x08000254   0x08000254   0x00000002   Code   RO         4951    .ARM.Collect$$libshutdown$$00000000  c_w.l(libshutdown.o)
    0x08000256   0x08000256   0x00000000   Code   RO         4968    .ARM.Collect$$libshutdown$$00000002  c_w.l(libshutdown2.o)
    0x08000256   0x08000256   0x00000000   Code   RO         4970    .ARM.Collect$$libshutdown$$00000004  c_w.l(libshutdown2.o)
    0x08000256   0x08000256   0x00000000   Code   RO         4973    .ARM.Collect$$libshutdown$$00000007  c_w.l(libshutdown2.o)
    0x08000256   0x08000256   0x00000000   Code   RO         4976    .ARM.Collect$$libshutdown$$0000000A  c_w.l(libshutdown2.o)
    0x08000256   0x08000256   0x00000000   Code   RO         4978    .ARM.Collect$$libshutdown$$0000000C  c_w.l(libshutdown2.o)
    0x08000256   0x08000256   0x00000000   Code   RO         4981    .ARM.Collect$$libshutdown$$0000000F  c_w.l(libshutdown2.o)
    0x08000256   0x08000256   0x00000002   Code   RO         4982    .ARM.Collect$$libshutdown$$00000010  c_w.l(libshutdown2.o)
    0x08000258   0x08000258   0x00000000   Code   RO         4600    .ARM.Collect$$rtentry$$00000000  c_w.l(__rtentry.o)
    0x08000258   0x08000258   0x00000000   Code   RO         4757    .ARM.Collect$$rtentry$$00000002  c_w.l(__rtentry2.o)
    0x08000258   0x08000258   0x00000006   Code   RO         4769    .ARM.Collect$$rtentry$$00000004  c_w.l(__rtentry4.o)
    0x0800025e   0x0800025e   0x00000000   Code   RO         4759    .ARM.Collect$$rtentry$$00000009  c_w.l(__rtentry2.o)
    0x0800025e   0x0800025e   0x00000004   Code   RO         4760    .ARM.Collect$$rtentry$$0000000A  c_w.l(__rtentry2.o)
    0x08000262   0x08000262   0x00000000   Code   RO         4762    .ARM.Collect$$rtentry$$0000000C  c_w.l(__rtentry2.o)
    0x08000262   0x08000262   0x00000008   Code   RO         4763    .ARM.Collect$$rtentry$$0000000D  c_w.l(__rtentry2.o)
    0x0800026a   0x0800026a   0x00000002   Code   RO         4864    .ARM.Collect$$rtexit$$00000000  c_w.l(rtexit.o)
    0x0800026c   0x0800026c   0x00000000   Code   RO         4923    .ARM.Collect$$rtexit$$00000002  c_w.l(rtexit2.o)
    0x0800026c   0x0800026c   0x00000004   Code   RO         4924    .ARM.Collect$$rtexit$$00000003  c_w.l(rtexit2.o)
    0x08000270   0x08000270   0x00000006   Code   RO         4925    .ARM.Collect$$rtexit$$00000004  c_w.l(rtexit2.o)
    0x08000276   0x08000276   0x00000002   PAD
    0x08000278   0x08000278   0x00000040   Code   RO            4    .text               startup_stm32f10x_hd.o
    0x080002b8   0x080002b8   0x00000024   Code   RO         4514    .text               c_w.l(vsprintf.o)
    0x080002dc   0x080002dc   0x00000024   Code   RO         4516    .text               c_w.l(strstr.o)
    0x08000300   0x08000300   0x0000003e   Code   RO         4520    .text               c_w.l(strlen.o)
    0x0800033e   0x0800033e   0x00000006   Code   RO         4524    .text               c_w.l(heapauxi.o)
    0x08000344   0x08000344   0x0000004e   Code   RO         4607    .text               c_w.l(_printf_pad.o)
    0x08000392   0x08000392   0x00000024   Code   RO         4609    .text               c_w.l(_printf_truncate.o)
    0x080003b6   0x080003b6   0x00000052   Code   RO         4611    .text               c_w.l(_printf_str.o)
    0x08000408   0x08000408   0x00000078   Code   RO         4613    .text               c_w.l(_printf_dec.o)
    0x08000480   0x08000480   0x00000028   Code   RO         4615    .text               c_w.l(_printf_charcount.o)
    0x080004a8   0x080004a8   0x00000030   Code   RO         4617    .text               c_w.l(_printf_char_common.o)
    0x080004d8   0x080004d8   0x0000000a   Code   RO         4619    .text               c_w.l(_sputc.o)
    0x080004e2   0x080004e2   0x00000002   PAD
    0x080004e4   0x080004e4   0x000000bc   Code   RO         4621    .text               c_w.l(_printf_wctomb.o)
    0x080005a0   0x080005a0   0x0000007c   Code   RO         4624    .text               c_w.l(_printf_longlong_dec.o)
    0x0800061c   0x0800061c   0x00000070   Code   RO         4630    .text               c_w.l(_printf_oct_int_ll.o)
    0x0800068c   0x0800068c   0x00000094   Code   RO         4650    .text               c_w.l(_printf_hex_int_ll_ptr.o)
    0x08000720   0x08000720   0x00000188   Code   RO         4670    .text               c_w.l(__printf_flags_ss_wp.o)
    0x080008a8   0x080008a8   0x0000008a   Code   RO         4780    .text               c_w.l(lludiv10.o)
    0x08000932   0x08000932   0x000000b2   Code   RO         4782    .text               c_w.l(_printf_intcommon.o)
    0x080009e4   0x080009e4   0x0000041e   Code   RO         4784    .text               c_w.l(_printf_fp_dec.o)
    0x08000e02   0x08000e02   0x00000002   PAD
    0x08000e04   0x08000e04   0x000002fc   Code   RO         4786    .text               c_w.l(_printf_fp_hex.o)
    0x08001100   0x08001100   0x0000002c   Code   RO         4791    .text               c_w.l(_printf_char.o)
    0x0800112c   0x0800112c   0x0000002c   Code   RO         4793    .text               c_w.l(_printf_wchar.o)
    0x08001158   0x08001158   0x00000040   Code   RO         4796    .text               c_w.l(_wcrtomb.o)
    0x08001198   0x08001198   0x00000008   Code   RO         4806    .text               c_w.l(libspace.o)
    0x080011a0   0x080011a0   0x0000004a   Code   RO         4809    .text               c_w.l(sys_stackheap_outer.o)
    0x080011ea   0x080011ea   0x00000002   PAD
    0x080011ec   0x080011ec   0x00000010   Code   RO         4811    .text               c_w.l(rt_ctype_table.o)
    0x080011fc   0x080011fc   0x00000008   Code   RO         4818    .text               c_w.l(rt_locale_intlibspace.o)
    0x08001204   0x08001204   0x00000080   Code   RO         4820    .text               c_w.l(_printf_fp_infnan.o)
    0x08001284   0x08001284   0x000000e4   Code   RO         4822    .text               c_w.l(bigflt0.o)
    0x08001368   0x08001368   0x00000012   Code   RO         4850    .text               c_w.l(exit.o)
    0x0800137a   0x0800137a   0x00000002   PAD
    0x0800137c   0x0800137c   0x00000080   Code   RO         4873    .text               c_w.l(strcmpv7m.o)
    0x080013fc   0x080013fc   0x0000000c   Code   RO         4939    .text               c_w.l(sys_exit.o)
    0x08001408   0x08001408   0x00000002   Code   RO         4956    .text               c_w.l(use_no_semi.o)
    0x0800140a   0x0800140a   0x00000000   Code   RO         4958    .text               c_w.l(indicate_semi.o)
    0x0800140a   0x0800140a   0x0000003e   Code   RO         4825    CL$$btod_d2e        c_w.l(btod.o)
    0x08001448   0x08001448   0x00000046   Code   RO         4827    CL$$btod_d2e_denorm_low  c_w.l(btod.o)
    0x0800148e   0x0800148e   0x00000060   Code   RO         4826    CL$$btod_d2e_norm_op1  c_w.l(btod.o)
    0x080014ee   0x080014ee   0x00000338   Code   RO         4835    CL$$btod_div_common  c_w.l(btod.o)
    0x08001826   0x08001826   0x000000dc   Code   RO         4832    CL$$btod_e2e        c_w.l(btod.o)
    0x08001902   0x08001902   0x0000002a   Code   RO         4829    CL$$btod_ediv       c_w.l(btod.o)
    0x0800192c   0x0800192c   0x0000002a   Code   RO         4828    CL$$btod_emul       c_w.l(btod.o)
    0x08001956   0x08001956   0x00000244   Code   RO         4834    CL$$btod_mult_common  c_w.l(btod.o)
    0x08001b9a   0x08001b9a   0x0000002a   Code   RO         3568    i.BASIC_TIM_NVIC_Config  bsp_speedtest.o
    0x08001bc4   0x08001bc4   0x00000074   Code   RO         3748    i.Bluetooth_CMD     bsp_bluetooth.o
    0x08001c38   0x08001c38   0x00000004   Code   RO         3225    i.BusFault_Handler  stm32f10x_it.o
    0x08001c3c   0x08001c3c   0x00000002   Code   RO         3226    i.DebugMon_Handler  stm32f10x_it.o
    0x08001c3e   0x08001c3e   0x00000002   PAD
    0x08001c40   0x08001c40   0x00000028   Code   RO         3535    i.Delay_us          bsp_systick.o
    0x08001c68   0x08001c68   0x000000a0   Code   RO         3227    i.EXTI9_5_IRQHandler  stm32f10x_it.o
    0x08001d08   0x08001d08   0x0000000c   Code   RO          922    i.EXTI_ClearITPendingBit  stm32f10x_exti.o
    0x08001d14   0x08001d14   0x00000028   Code   RO          926    i.EXTI_GetITStatus  stm32f10x_exti.o
    0x08001d3c   0x08001d3c   0x00000094   Code   RO          927    i.EXTI_Init         stm32f10x_exti.o
    0x08001dd0   0x08001dd0   0x00000028   Code   RO         3569    i.GENERAL_TIM_NVIC_Config  bsp_speedtest.o
    0x08001df8   0x08001df8   0x00000040   Code   RO         1281    i.GPIO_EXTILineConfig  stm32f10x_gpio.o
    0x08001e38   0x08001e38   0x00000116   Code   RO         1284    i.GPIO_Init         stm32f10x_gpio.o
    0x08001f4e   0x08001f4e   0x00000012   Code   RO         1288    i.GPIO_ReadInputDataBit  stm32f10x_gpio.o
    0x08001f60   0x08001f60   0x00000004   Code   RO         1291    i.GPIO_ResetBits    stm32f10x_gpio.o
    0x08001f64   0x08001f64   0x00000004   Code   RO         1292    i.GPIO_SetBits      stm32f10x_gpio.o
    0x08001f68   0x08001f68   0x00000034   Code   RO         3790    i.HCsr_EXTI_Close   bsp_hcsr.o
    0x08001f9c   0x08001f9c   0x00000034   Code   RO         3791    i.HCsr_EXTI_Open    bsp_hcsr.o
    0x08001fd0   0x08001fd0   0x0000004c   Code   RO         3792    i.HCsr_GPIO_Config  bsp_hcsr.o
    0x0800201c   0x0800201c   0x00000004   Code   RO         3228    i.HardFault_Handler  stm32f10x_it.o
    0x08002020   0x08002020   0x00000032   Code   RO         3793    i.Hcsr_TIMx_Count_Config  bsp_hcsr.o
    0x08002052   0x08002052   0x00000004   Code   RO         3229    i.MemManage_Handler  stm32f10x_it.o
    0x08002056   0x08002056   0x00000002   Code   RO         3230    i.NMI_Handler       stm32f10x_it.o
    0x08002058   0x08002058   0x00000028   Code   RO         3749    i.NVIC_Configuration  bsp_bluetooth.o
    0x08002080   0x08002080   0x00000032   Code   RO         3794    i.NVIC_Configuration  bsp_hcsr.o
    0x080020b2   0x080020b2   0x00000002   PAD
    0x080020b4   0x080020b4   0x00000070   Code   RO           10    i.NVIC_Init         misc.o
    0x08002124   0x08002124   0x00000014   Code   RO           11    i.NVIC_PriorityGroupConfig  misc.o
    0x08002138   0x08002138   0x00000064   Code   RO         3706    i.PID_Init          bsp_pid.o
    0x0800219c   0x0800219c   0x00000050   Code   RO         3707    i.PID_common        bsp_pid.o
    0x080021ec   0x080021ec   0x00000002   Code   RO         3231    i.PendSV_Handler    stm32f10x_it.o
    0x080021ee   0x080021ee   0x00000002   PAD
    0x080021f0   0x080021f0   0x00000064   Code   RO         3708    i.Pid_Ctrl          bsp_pid.o
    0x08002254   0x08002254   0x00000050   Code   RO         3709    i.Pid_Which         bsp_pid.o
    0x080022a4   0x080022a4   0x00000020   Code   RO         1712    i.RCC_APB1PeriphClockCmd  stm32f10x_rcc.o
    0x080022c4   0x080022c4   0x00000020   Code   RO         1714    i.RCC_APB2PeriphClockCmd  stm32f10x_rcc.o
    0x080022e4   0x080022e4   0x000000d4   Code   RO         1722    i.RCC_GetClocksFreq  stm32f10x_rcc.o
    0x080023b8   0x080023b8   0x00000002   Code   RO         3232    i.SVC_Handler       stm32f10x_it.o
    0x080023ba   0x080023ba   0x00000008   Code   RO         3143    i.SetSysClock       system_stm32f10x.o
    0x080023c2   0x080023c2   0x00000002   PAD
    0x080023c4   0x080023c4   0x000000e0   Code   RO         3144    i.SetSysClockTo72   system_stm32f10x.o
    0x080024a4   0x080024a4   0x00000020   Code   RO         3428    i.Status_Compare    main.o
    0x080024c4   0x080024c4   0x00000008   Code   RO         3233    i.SysTick_Handler   stm32f10x_it.o
    0x080024cc   0x080024cc   0x0000007c   Code   RO         3536    i.SysTick_Init      bsp_systick.o
    0x08002548   0x08002548   0x00000060   Code   RO         3146    i.SystemInit        system_stm32f10x.o
    0x080025a8   0x080025a8   0x00000080   Code   RO         2342    i.TI1_Config        stm32f10x_tim.o
    0x08002628   0x08002628   0x00000098   Code   RO         2343    i.TI2_Config        stm32f10x_tim.o
    0x080026c0   0x080026c0   0x00000090   Code   RO         2344    i.TI3_Config        stm32f10x_tim.o
    0x08002750   0x08002750   0x00000098   Code   RO         2345    i.TI4_Config        stm32f10x_tim.o
    0x080027e8   0x080027e8   0x00000058   Code   RO         3234    i.TIM2_IRQHandler   stm32f10x_it.o
    0x08002840   0x08002840   0x000000d4   Code   RO         3235    i.TIM6_IRQHandler   stm32f10x_it.o
    0x08002914   0x08002914   0x00000006   Code   RO         2352    i.TIM_ClearFlag     stm32f10x_tim.o
    0x0800291a   0x0800291a   0x00000006   Code   RO         2353    i.TIM_ClearITPendingBit  stm32f10x_tim.o
    0x08002920   0x08002920   0x00000018   Code   RO         2358    i.TIM_Cmd           stm32f10x_tim.o
    0x08002938   0x08002938   0x00000006   Code   RO         2377    i.TIM_GetCounter    stm32f10x_tim.o
    0x0800293e   0x0800293e   0x00000022   Code   RO         2379    i.TIM_GetITStatus   stm32f10x_tim.o
    0x08002960   0x08002960   0x000000ac   Code   RO         2381    i.TIM_ICInit        stm32f10x_tim.o
    0x08002a0c   0x08002a0c   0x00000012   Code   RO         2383    i.TIM_ITConfig      stm32f10x_tim.o
    0x08002a1e   0x08002a1e   0x00000002   PAD
    0x08002a20   0x08002a20   0x00000098   Code   RO         2387    i.TIM_OC1Init       stm32f10x_tim.o
    0x08002ab8   0x08002ab8   0x00000012   Code   RO         2390    i.TIM_OC1PreloadConfig  stm32f10x_tim.o
    0x08002aca   0x08002aca   0x00000002   PAD
    0x08002acc   0x08002acc   0x000000a4   Code   RO         2392    i.TIM_OC2Init       stm32f10x_tim.o
    0x08002b70   0x08002b70   0x0000001a   Code   RO         2395    i.TIM_OC2PreloadConfig  stm32f10x_tim.o
    0x08002b8a   0x08002b8a   0x00000004   Code   RO         2419    i.TIM_SetCompare1   stm32f10x_tim.o
    0x08002b8e   0x08002b8e   0x00000004   Code   RO         2420    i.TIM_SetCompare2   stm32f10x_tim.o
    0x08002b92   0x08002b92   0x00000004   Code   RO         2423    i.TIM_SetCounter    stm32f10x_tim.o
    0x08002b96   0x08002b96   0x00000012   Code   RO         2424    i.TIM_SetIC1Prescaler  stm32f10x_tim.o
    0x08002ba8   0x08002ba8   0x0000001a   Code   RO         2425    i.TIM_SetIC2Prescaler  stm32f10x_tim.o
    0x08002bc2   0x08002bc2   0x00000012   Code   RO         2426    i.TIM_SetIC3Prescaler  stm32f10x_tim.o
    0x08002bd4   0x08002bd4   0x0000001a   Code   RO         2427    i.TIM_SetIC4Prescaler  stm32f10x_tim.o
    0x08002bee   0x08002bee   0x00000002   PAD
    0x08002bf0   0x08002bf0   0x000000a4   Code   RO         2429    i.TIM_TimeBaseInit  stm32f10x_tim.o
    0x08002c94   0x08002c94   0x00000018   Code   RO         3537    i.TimingDelay_Decrement  bsp_systick.o
    0x08002cac   0x08002cac   0x0000005c   Code   RO         3236    i.USART3_IRQHandler  stm32f10x_it.o
    0x08002d08   0x08002d08   0x0000005c   Code   RO         3751    i.USART3_printf     bsp_bluetooth.o
    0x08002d64   0x08002d64   0x00000018   Code   RO         2897    i.USART_Cmd         stm32f10x_usart.o
    0x08002d7c   0x08002d7c   0x0000009c   Code   RO         3752    i.USART_Config      bsp_bluetooth.o
    0x08002e18   0x08002e18   0x00000054   Code   RO         2901    i.USART_GetITStatus  stm32f10x_usart.o
    0x08002e6c   0x08002e6c   0x0000004a   Code   RO         2903    i.USART_ITConfig    stm32f10x_usart.o
    0x08002eb6   0x08002eb6   0x00000002   PAD
    0x08002eb8   0x08002eb8   0x000000d8   Code   RO         2904    i.USART_Init        stm32f10x_usart.o
    0x08002f90   0x08002f90   0x0000000a   Code   RO         2911    i.USART_ReceiveData  stm32f10x_usart.o
    0x08002f9a   0x08002f9a   0x00000004   Code   RO         3237    i.UsageFault_Handler  stm32f10x_it.o
    0x08002f9e   0x08002f9e   0x00000028   Code   RO         4743    i.__ARM_fpclassify  m_ws.l(fpclassify.o)
    0x08002fc6   0x08002fc6   0x0000000e   Code   RO         4663    i._is_digit         c_w.l(__printf_wp.o)
    0x08002fd4   0x08002fd4   0x00000044   Code   RO         3429    i.distancetest      main.o
    0x08003018   0x08003018   0x00000168   Code   RO         3431    i.main              main.o
    0x08003180   0x08003180   0x000000c0   Code   RO         3511    i.motor1_init       bsp_motor.o
    0x08003240   0x08003240   0x0000002c   Code   RO         3512    i.motor_gpio_config  bsp_motor.o
    0x0800326c   0x0800326c   0x00000030   Code   RO         3432    i.move              main.o
    0x0800329c   0x0800329c   0x0000000a   Code   RO         3710    i.reset_Uk          bsp_pid.o
    0x080032a6   0x080032a6   0x0000009a   Code   RO         3570    i.speed_CAPTIM_init  bsp_speedtest.o
    0x08003340   0x08003340   0x00000044   Code   RO         3571    i.speed_CLKTIM_init  bsp_speedtest.o
    0x08003384   0x08003384   0x00000024   Code   RO         3572    i.speed_GPIO_Config  bsp_speedtest.o
    0x080033a8   0x080033a8   0x00000018   Code   RO         3573    i.speedtest_init    bsp_speedtest.o
    0x080033c0   0x080033c0   0x00000030   Code   RO         3433    i.stop              main.o
    0x080033f0   0x080033f0   0x0000002c   Code   RO         4848    locale$$code        c_w.l(lc_numeric_c.o)
    0x0800341c   0x0800341c   0x0000002c   Code   RO         4867    locale$$code        c_w.l(lc_ctype_c.o)
    0x08003448   0x08003448   0x00000062   Code   RO         4528    x$fpl$d2f           fz_ws.l(d2f.o)
    0x080034aa   0x080034aa   0x00000026   Code   RO         4540    x$fpl$dfltu         fz_ws.l(dflt_clz.o)
    0x080034d0   0x080034d0   0x00000154   Code   RO         4546    x$fpl$dmul          fz_ws.l(dmul.o)
    0x08003624   0x08003624   0x0000009c   Code   RO         4698    x$fpl$dnaninf       fz_ws.l(dnaninf.o)
    0x080036c0   0x080036c0   0x0000000c   Code   RO         4700    x$fpl$dretinf       fz_ws.l(dretinf.o)
    0x080036cc   0x080036cc   0x00000056   Code   RO         4548    x$fpl$f2d           fz_ws.l(f2d.o)
    0x08003722   0x08003722   0x00000018   Code   RO         4702    x$fpl$fcmpinf       fz_ws.l(fcmpi.o)
    0x0800373a   0x0800373a   0x00000002   PAD
    0x0800373c   0x0800373c   0x00000068   Code   RO         4576    x$fpl$fleqf         fz_ws.l(fleqf.o)
    0x080037a4   0x080037a4   0x0000008c   Code   RO         4704    x$fpl$fnaninf       fz_ws.l(fnaninf.o)
    0x08003830   0x08003830   0x0000000a   Code   RO         4706    x$fpl$fretinf       fz_ws.l(fretinf.o)
    0x0800383a   0x0800383a   0x00000004   Code   RO         4708    x$fpl$printf1       fz_ws.l(printf1.o)
    0x0800383e   0x0800383e   0x00000004   Code   RO         4710    x$fpl$printf2       fz_ws.l(printf2.o)
    0x08003842   0x08003842   0x00000000   Code   RO         4718    x$fpl$usenofp       fz_ws.l(usenofp.o)
    0x08003842   0x08003842   0x00000002   PAD
    0x08003844   0x08003844   0x00000008   Data   RO         4622    .constdata          c_w.l(_printf_wctomb.o)
    0x0800384c   0x0800384c   0x00000028   Data   RO         4651    .constdata          c_w.l(_printf_hex_int_ll_ptr.o)
    0x08003874   0x08003874   0x00000011   Data   RO         4671    .constdata          c_w.l(__printf_flags_ss_wp.o)
    0x08003885   0x08003885   0x00000026   Data   RO         4787    .constdata          c_w.l(_printf_fp_hex.o)
    0x080038ab   0x080038ab   0x00000001   PAD
    0x080038ac   0x080038ac   0x00000094   Data   RO         4823    .constdata          c_w.l(bigflt0.o)
    0x08003940   0x08003940   0x00000020   Data   RO         4999    Region$$Table       anon$$obj.o
    0x08003960   0x08003960   0x0000001c   Data   RO         4847    locale$$data        c_w.l(lc_numeric_c.o)
    0x0800397c   0x0800397c   0x00000110   Data   RO         4866    locale$$data        c_w.l(lc_ctype_c.o)


    Execution Region RW_IRAM1 (Exec base: 0x20000000, Load base: 0x08003a8c, Size: 0x00000928, Max: 0x00010000, ABSOLUTE)

    Exec Addr    Load Addr    Size         Type   Attr      Idx    E Section Name        Object

    0x20000000   0x08003a8c   0x00000014   Data   RW         1742    .data               stm32f10x_rcc.o
    0x20000014   0x08003aa0   0x00000014   Data   RW         3147    .data               system_stm32f10x.o
    0x20000028   0x08003ab4   0x00000009   Data   RW         3238    .data               stm32f10x_it.o
    0x20000031   0x08003abd   0x00000003   PAD
    0x20000034   0x08003ac0   0x00000024   Data   RW         3434    .data               main.o
    0x20000058   0x08003ae4   0x00000008   Data   RW         3513    .data               bsp_motor.o
    0x20000060   0x08003aec   0x00000004   Data   RW         3538    .data               bsp_systick.o
    0x20000064   0x08003af0   0x00000008   Data   RW         3754    .data               bsp_bluetooth.o
    0x2000006c        -       0x00000058   Zero   RW         3711    .bss                bsp_pid.o
    0x200000c4   0x08003af8   0x00000004   PAD
    0x200000c8        -       0x00000200   Zero   RW         3753    .bss                bsp_bluetooth.o
    0x200002c8        -       0x00000060   Zero   RW         4807    .bss                c_w.l(libspace.o)
    0x20000328        -       0x00000200   Zero   RW            2    HEAP                startup_stm32f10x_hd.o
    0x20000528        -       0x00000400   Zero   RW            1    STACK               startup_stm32f10x_hd.o


==============================================================================

Image component sizes


      Code (inc. data)   RO Data    RW Data    ZI Data      Debug   Object Name

       404         50          0          8        512       4068   bsp_bluetooth.o
       280          4          0          0          0       2443   bsp_hcsr.o
       236         22          0          8          0       1481   bsp_motor.o
       370         24          0          0         88       3949   bsp_pid.o
       364         10          0          0          0       3197   bsp_speedtest.o
       188         28          0          4          0      17209   bsp_systick.o
       556        134          0         36          0       3569   main.o
       132         22          0          0          0     219599   misc.o
        64         26        304          0       1536        840   startup_stm32f10x_hd.o
       200         18          0          0          0       4324   stm32f10x_exti.o
       368          4          0          0          0      12630   stm32f10x_gpio.o
       584        160          0          9          0     250427   stm32f10x_it.o
       276         32          0         20          0      13206   stm32f10x_rcc.o
      1466        180          0          0          0      34763   stm32f10x_tim.o
       408          6          0          0          0      11038   stm32f10x_usart.o
       328         28          0         20          0       2265   system_stm32f10x.o

    ----------------------------------------------------------------------
      6240        748        336        108       2140     585008   Object Totals
         0          0         32          0          0          0   (incl. Generated)
        16          0          0          3          4          0   (incl. Padding)

    ----------------------------------------------------------------------

      Code (inc. data)   RO Data    RW Data    ZI Data      Debug   Library Member Name

         8          0          0          0          0         68   __main.o
       392          4         17          0          0         92   __printf_flags_ss_wp.o
        14          0          0          0          0         68   __printf_wp.o
         0          0          0          0          0          0   __rtentry.o
        12          0          0          0          0          0   __rtentry2.o
         6          0          0          0          0          0   __rtentry4.o
        52          8          0          0          0          0   __scatter.o
        26          0          0          0          0          0   __scatter_copy.o
        28          0          0          0          0          0   __scatter_zi.o
         6          0          0          0          0          0   _printf_a.o
         6          0          0          0          0          0   _printf_c.o
        44          0          0          0          0        108   _printf_char.o
        48          6          0          0          0         96   _printf_char_common.o
        40          0          0          0          0         68   _printf_charcount.o
         6          0          0          0          0          0   _printf_d.o
       120         16          0          0          0         92   _printf_dec.o
         6          0          0          0          0          0   _printf_e.o
         6          0          0          0          0          0   _printf_f.o
      1054          0          0          0          0        216   _printf_fp_dec.o
       764          8         38          0          0        100   _printf_fp_hex.o
       128         16          0          0          0         84   _printf_fp_infnan.o
         6          0          0          0          0          0   _printf_g.o
       148          4         40          0          0        160   _printf_hex_int_ll_ptr.o
         6          0          0          0          0          0   _printf_i.o
       178          0          0          0          0         88   _printf_intcommon.o
        10          0          0          0          0          0   _printf_l.o
         6          0          0          0          0          0   _printf_lc.o
        10          0          0          0          0          0   _printf_ll.o
         6          0          0          0          0          0   _printf_lld.o
         6          0          0          0          0          0   _printf_lli.o
         6          0          0          0          0          0   _printf_llo.o
         6          0          0          0          0          0   _printf_llu.o
         6          0          0          0          0          0   _printf_llx.o
       124         16          0          0          0         92   _printf_longlong_dec.o
         6          0          0          0          0          0   _printf_ls.o
         6          0          0          0          0          0   _printf_n.o
         6          0          0          0          0          0   _printf_o.o
       112         10          0          0          0        124   _printf_oct_int_ll.o
         6          0          0          0          0          0   _printf_p.o
        78          0          0          0          0        108   _printf_pad.o
         0          0          0          0          0          0   _printf_percent.o
         4          0          0          0          0          0   _printf_percent_end.o
         6          0          0          0          0          0   _printf_s.o
        82          0          0          0          0         80   _printf_str.o
        36          0          0          0          0         84   _printf_truncate.o
         6          0          0          0          0          0   _printf_u.o
        44          0          0          0          0        108   _printf_wchar.o
       188          6          8          0          0         92   _printf_wctomb.o
         6          0          0          0          0          0   _printf_x.o
        10          0          0          0          0         68   _sputc.o
        64          0          0          0          0         92   _wcrtomb.o
       228          4        148          0          0         96   bigflt0.o
      1936        128          0          0          0        672   btod.o
        18          0          0          0          0         80   exit.o
         6          0          0          0          0        152   heapauxi.o
         0          0          0          0          0          0   indicate_semi.o
        44         10        272          0          0         76   lc_ctype_c.o
        44         10         28          0          0         76   lc_numeric_c.o
         2          0          0          0          0          0   libinit.o
        30          0          0          0          0          0   libinit2.o
         2          0          0          0          0          0   libshutdown.o
         2          0          0          0          0          0   libshutdown2.o
         8          4          0          0         96         68   libspace.o
       138          0          0          0          0         80   lludiv10.o
        16          4          0          0          0         76   rt_ctype_table.o
         8          4          0          0          0         68   rt_locale_intlibspace.o
         2          0          0          0          0          0   rtexit.o
        10          0          0          0          0          0   rtexit2.o
       128          0          0          0          0         68   strcmpv7m.o
        62          0          0          0          0         76   strlen.o
        36          0          0          0          0         80   strstr.o
        12          4          0          0          0         68   sys_exit.o
        74          0          0          0          0         80   sys_stackheap_outer.o
         2          0          0          0          0         68   use_no_semi.o
        36          4          0          0          0         76   vsprintf.o
        98          4          0          0          0         92   d2f.o
        38          0          0          0          0         68   dflt_clz.o
       340         12          0          0          0        104   dmul.o
       156          4          0          0          0         92   dnaninf.o
        12          0          0          0          0         68   dretinf.o
        86          4          0          0          0         84   f2d.o
        24          0          0          0          0         68   fcmpi.o
       104          4          0          0          0         84   fleqf.o
       140          4          0          0          0         84   fnaninf.o
        10          0          0          0          0         68   fretinf.o
         4          0          0          0          0         68   printf1.o
         4          0          0          0          0         68   printf2.o
         0          0          0          0          0          0   usenofp.o
        40          0          0          0          0         68   fpclassify.o

    ----------------------------------------------------------------------
      7860        298        552          0         96       5064   Library Totals
        16          0          1          0          0          0   (incl. Padding)

    ----------------------------------------------------------------------

      Code (inc. data)   RO Data    RW Data    ZI Data      Debug   Library Name

      6788        266        551          0         96       4048   c_w.l
      1016         32          0          0          0        948   fz_ws.l
        40          0          0          0          0         68   m_ws.l

    ----------------------------------------------------------------------
      7860        298        552          0         96       5064   Library Totals

    ----------------------------------------------------------------------

==============================================================================


      Code (inc. data)   RO Data    RW Data    ZI Data      Debug   

     14100       1046        888        108       2236     582944   Grand Totals
     14100       1046        888        108       2236     582944   ELF Image Totals
     14100       1046        888        108          0          0   ROM Totals

==============================================================================

    Total RO  Size (Code + RO Data)                14988 (  14.64kB)
    Total RW  Size (RW Data + ZI Data)              2344 (   2.29kB)
    Total ROM Size (Code + RO Data + RW Data)      15096 (  14.74kB)

==============================================================================

